2026-05-14 11:17:33 - douban_crawler - main.py:167 - ERROR - ❌ 缺少依赖包：beautifulsoup4
2026-05-14 11:17:33 - douban_crawler - main.py:168 - INFO - 请执行：pip install beautifulsoup4
2026-05-14 11:18:20 - douban_crawler - main.py:167 - ERROR - ❌ 缺少依赖包：beautifulsoup4
2026-05-14 11:18:20 - douban_crawler - main.py:168 - INFO - 请执行：pip install beautifulsoup4
2026-05-14 11:19:21 - douban_crawler - main.py:167 - ERROR - ❌ 缺少依赖包：beautifulsoup4
2026-05-14 11:19:21 - douban_crawler - main.py:168 - INFO - 请执行：pip install beautifulsoup4
2026-05-14 11:20:00 - douban_crawler - main.py:167 - ERROR - ❌ 缺少依赖包：beautifulsoup4
2026-05-14 11:20:00 - douban_crawler - main.py:168 - INFO - 请执行：pip install beautifulsoup4
2026-05-14 11:20:30 - douban_crawler - main.py:167 - ERROR - ❌ 缺少依赖包：beautifulsoup4
2026-05-14 11:20:30 - douban_crawler - main.py:168 - INFO - 请执行：pip install beautifulsoup4
2026-05-14 11:21:27 - douban_crawler - main.py:167 - ERROR - ❌ 缺少依赖包：beautifulsoup4
2026-05-14 11:21:27 - douban_crawler - main.py:168 - INFO - 请执行：pip install beautifulsoup4
2026-05-14 11:22:16 - douban_crawler - main.py:12 - INFO - === 豆瓣电影Top250 爬虫分析系统启动 ===
2026-05-14 11:22:16 - douban_crawler - main.py:18 - INFO - 📌 开始爬取豆瓣Top250数据...
2026-05-14 11:22:16 - douban_crawler - proxy_pool.py:10 - INFO - 代理池为空，使用本地IP
2026-05-14 11:22:18 - douban_crawler - selenium_crawler.py:49 - INFO - Selenium 初始化成功
2026-05-14 11:22:18 - douban_crawler - requests_crawler.py:194 - INFO - 开始爬取豆瓣Top250全部数据...
2026-05-14 11:22:19 - douban_crawler - image_downloader.py:96 - INFO - 图片下载成功：肖申克的救赎 月黑高飞_港_    刺激1995_台_.jpg | 大小：21.0KB
2026-05-14 11:22:35 - douban_crawler - selenium_crawler.py:132 - WARNING - 详情页超时（第1次）：https://movie.douban.com/subject/1292052/
2026-05-14 11:22:51 - douban_crawler - selenium_crawler.py:132 - WARNING - 详情页超时（第2次）：https://movie.douban.com/subject/1292052/
2026-05-14 11:23:08 - douban_crawler - selenium_crawler.py:132 - WARNING - 详情页超时（第3次）：https://movie.douban.com/subject/1292052/
2026-05-14 11:23:08 - douban_crawler - image_downloader.py:96 - INFO - 图片下载成功：霸王别姬 再见，我的妾    Farewell My Con.jpg | 大小：13.2KB
2026-05-14 11:23:24 - douban_crawler - selenium_crawler.py:132 - WARNING - 详情页超时（第1次）：https://movie.douban.com/subject/1291546/
2026-05-14 11:23:41 - douban_crawler - selenium_crawler.py:132 - WARNING - 详情页超时（第2次）：https://movie.douban.com/subject/1291546/
2026-05-14 11:23:58 - douban_crawler - selenium_crawler.py:132 - WARNING - 详情页超时（第3次）：https://movie.douban.com/subject/1291546/
2026-05-14 11:23:58 - douban_crawler - image_downloader.py:96 - INFO - 图片下载成功：泰坦尼克号 铁达尼号_港  台_.jpg | 大小：21.9KB
2026-05-14 11:24:14 - douban_crawler - selenium_crawler.py:132 - WARNING - 详情页超时（第1次）：https://movie.douban.com/subject/1292722/
2026-05-14 11:24:31 - douban_crawler - selenium_crawler.py:132 - WARNING - 详情页超时（第2次）：https://movie.douban.com/subject/1292722/
2026-05-14 11:24:47 - douban_crawler - selenium_crawler.py:132 - WARNING - 详情页超时（第3次）：https://movie.douban.com/subject/1292722/
2026-05-14 11:24:47 - douban_crawler - image_downloader.py:96 - INFO - 图片下载成功：阿甘正传 福雷斯特·冈普.jpg | 大小：9.8KB
2026-05-14 11:25:03 - douban_crawler - selenium_crawler.py:132 - WARNING - 详情页超时（第1次）：https://movie.douban.com/subject/1292720/
2026-05-14 11:25:20 - douban_crawler - selenium_crawler.py:132 - WARNING - 详情页超时（第2次）：https://movie.douban.com/subject/1292720/
2026-05-14 11:25:38 - douban_crawler - selenium_crawler.py:132 - WARNING - 详情页超时（第3次）：https://movie.douban.com/subject/1292720/
2026-05-14 11:25:38 - douban_crawler - image_downloader.py:96 - INFO - 图片下载成功：千与千寻 神隐少女_台_    千与千寻的神隐.jpg | 大小：13.1KB
2026-05-14 11:25:55 - douban_crawler - selenium_crawler.py:132 - WARNING - 详情页超时（第1次）：https://movie.douban.com/subject/1291561/
2026-05-14 11:26:12 - douban_crawler - selenium_crawler.py:132 - WARNING - 详情页超时（第2次）：https://movie.douban.com/subject/1291561/
2026-05-14 11:26:28 - douban_crawler - selenium_crawler.py:132 - WARNING - 详情页超时（第3次）：https://movie.douban.com/subject/1291561/
2026-05-14 11:26:28 - douban_crawler - image_downloader.py:96 - INFO - 图片下载成功：美丽人生 一个快乐的传说_港_    Life Is Bea.jpg | 大小：27.4KB
2026-05-14 11:26:44 - douban_crawler - selenium_crawler.py:132 - WARNING - 详情页超时（第1次）：https://movie.douban.com/subject/1292063/
2026-05-14 11:27:00 - douban_crawler - selenium_crawler.py:132 - WARNING - 详情页超时（第2次）：https://movie.douban.com/subject/1292063/
2026-05-14 11:31:55 - douban_crawler - main.py:12 - INFO - === 豆瓣电影Top250 爬虫分析系统启动 ===
2026-05-14 11:31:55 - douban_crawler - main.py:18 - INFO - 📌 开始爬取豆瓣Top250数据...
2026-05-14 11:31:55 - douban_crawler - proxy_pool.py:10 - INFO - 代理池为空，使用本地IP
2026-05-14 11:31:56 - douban_crawler - selenium_crawler.py:52 - INFO - Selenium 初始化成功
2026-05-14 11:31:56 - douban_crawler - requests_crawler.py:194 - INFO - 开始爬取豆瓣Top250全部数据...
2026-05-14 11:31:57 - douban_crawler - image_downloader.py:96 - INFO - 图片下载成功：肖申克的救赎 月黑高飞_港_    刺激1995_台_.jpg | 大小：21.0KB
2026-05-14 11:32:05 - douban_crawler - selenium_crawler.py:134 - INFO - 详情页爬取成功：https://movie.douban.com/subject/1292052/ | 短评数：5
2026-05-14 11:32:05 - douban_crawler - image_downloader.py:96 - INFO - 图片下载成功：霸王别姬 再见，我的妾    Farewell My Con.jpg | 大小：13.2KB
2026-05-14 11:32:13 - douban_crawler - selenium_crawler.py:134 - INFO - 详情页爬取成功：https://movie.douban.com/subject/1291546/ | 短评数：5
2026-05-14 11:32:13 - douban_crawler - image_downloader.py:96 - INFO - 图片下载成功：泰坦尼克号 铁达尼号_港  台_.jpg | 大小：21.9KB
2026-05-14 11:32:21 - douban_crawler - selenium_crawler.py:134 - INFO - 详情页爬取成功：https://movie.douban.com/subject/1292722/ | 短评数：5
2026-05-14 11:32:21 - douban_crawler - image_downloader.py:96 - INFO - 图片下载成功：阿甘正传 福雷斯特·冈普.jpg | 大小：9.8KB
2026-05-14 11:32:29 - douban_crawler - selenium_crawler.py:134 - INFO - 详情页爬取成功：https://movie.douban.com/subject/1292720/ | 短评数：5
2026-05-14 11:32:29 - douban_crawler - image_downloader.py:96 - INFO - 图片下载成功：千与千寻 神隐少女_台_    千与千寻的神隐.jpg | 大小：13.1KB
2026-05-14 11:32:38 - douban_crawler - selenium_crawler.py:134 - INFO - 详情页爬取成功：https://movie.douban.com/subject/1291561/ | 短评数：5
2026-05-14 11:32:38 - douban_crawler - image_downloader.py:96 - INFO - 图片下载成功：美丽人生 一个快乐的传说_港_    Life Is Bea.jpg | 大小：27.4KB
2026-05-14 11:32:47 - douban_crawler - selenium_crawler.py:134 - INFO - 详情页爬取成功：https://movie.douban.com/subject/1292063/ | 短评数：5
2026-05-14 11:32:47 - douban_crawler - image_downloader.py:96 - INFO - 图片下载成功：星际穿越 星际启示录_港_    星际效应_台_.jpg | 大小：19.2KB
2026-05-14 11:32:54 - douban_crawler - selenium_crawler.py:134 - INFO - 详情页爬取成功：https://movie.douban.com/subject/1889243/ | 短评数：5
2026-05-14 11:32:54 - douban_crawler - image_downloader.py:96 - INFO - 图片下载成功：这个杀手不太冷 终极追杀令_台_    杀手莱昂.jpg | 大小：24.8KB
2026-05-14 11:33:04 - douban_crawler - selenium_crawler.py:134 - INFO - 详情页爬取成功：https://movie.douban.com/subject/1295644/ | 短评数：5
2026-05-14 11:33:04 - douban_crawler - image_downloader.py:96 - INFO - 图片下载成功：盗梦空间 潜行凶间_港_    全面启动_台_.jpg | 大小：27.8KB
2026-05-14 11:33:11 - douban_crawler - selenium_crawler.py:134 - INFO - 详情页爬取成功：https://movie.douban.com/subject/3541415/ | 短评数：5
2026-05-14 11:33:11 - douban_crawler - image_downloader.py:96 - INFO - 图片下载成功：楚门的世界 真人Show_港_    真人戏.jpg | 大小：44.1KB
2026-05-14 11:33:20 - douban_crawler - selenium_crawler.py:134 - INFO - 详情页爬取成功：https://movie.douban.com/subject/1292064/ | 短评数：5
2026-05-14 11:33:20 - douban_crawler - image_downloader.py:96 - INFO - 图片下载成功：辛德勒的名单 舒特拉的名单_港_    辛德勒名单.jpg | 大小：21.9KB
2026-05-14 11:33:29 - douban_crawler - selenium_crawler.py:134 - INFO - 详情页爬取成功：https://movie.douban.com/subject/1295124/ | 短评数：5
2026-05-14 11:33:29 - douban_crawler - image_downloader.py:96 - INFO - 图片下载成功：忠犬八公的故事 秋田犬八千_港_    忠犬小八_台_.jpg | 大小：24.0KB
2026-05-14 11:33:38 - douban_crawler - selenium_crawler.py:134 - INFO - 详情页爬取成功：https://movie.douban.com/subject/3011091/ | 短评数：5
2026-05-14 11:33:38 - douban_crawler - image_downloader.py:96 - INFO - 图片下载成功：海上钢琴师 声光伴我飞_港_    一九零零的传奇.jpg | 大小：8.3KB
2026-05-14 11:33:47 - douban_crawler - selenium_crawler.py:134 - INFO - 详情页爬取成功：https://movie.douban.com/subject/1292001/ | 短评数：5
2026-05-14 11:33:48 - douban_crawler - image_downloader.py:96 - INFO - 图片下载成功：疯狂动物城 优兽大都会_港_    动物方城市_台_.jpg | 大小：31.3KB
2026-05-14 11:33:56 - douban_crawler - selenium_crawler.py:134 - INFO - 详情页爬取成功：https://movie.douban.com/subject/25662329/ | 短评数：5
2026-05-14 11:33:56 - douban_crawler - image_downloader.py:96 - INFO - 图片下载成功：三傻大闹宝莱坞 三个傻瓜_台_    作死不离3兄弟_港_.jpg | 大小：26.3KB
2026-05-14 11:34:05 - douban_crawler - selenium_crawler.py:134 - INFO - 详情页爬取成功：https://movie.douban.com/subject/3793023/ | 短评数：5
2026-05-14 11:34:05 - douban_crawler - image_downloader.py:96 - INFO - 图片下载成功：机器人总动员 太空奇兵·威E_港_    瓦力_台_.jpg | 大小：19.1KB
2026-05-14 11:34:11 - douban_crawler - selenium_crawler.py:134 - INFO - 详情页爬取成功：https://movie.douban.com/subject/2131459/ | 短评数：5
2026-05-14 11:34:11 - douban_crawler - image_downloader.py:96 - INFO - 图片下载成功：放牛班的春天 歌声伴我心_港_    唱诗班男孩.jpg | 大小：17.2KB
2026-05-14 11:34:20 - douban_crawler - selenium_crawler.py:134 - INFO - 详情页爬取成功：https://movie.douban.com/subject/1291549/ | 短评数：5
2026-05-14 11:34:20 - douban_crawler - image_downloader.py:96 - INFO - 图片下载成功：无间道 Infernal Affairs    Mou ga.jpg | 大小：12.9KB
2026-05-14 11:34:27 - douban_crawler - selenium_crawler.py:134 - INFO - 详情页爬取成功：https://movie.douban.com/subject/1307914/ | 短评数：5
2026-05-14 11:34:27 - douban_crawler - image_downloader.py:96 - INFO - 图片下载成功：控方证人 雄才伟略    情妇.jpg | 大小：20.9KB
2026-05-14 11:34:37 - douban_crawler - selenium_crawler.py:134 - INFO - 详情页爬取成功：https://movie.douban.com/subject/1296141/ | 短评数：5
2026-05-14 11:34:37 - douban_crawler - image_downloader.py:96 - INFO - 图片下载成功：寻梦环游记 玩转极乐园_港_    可可夜总会_台_.jpg | 大小：24.8KB
2026-05-14 11:34:45 - douban_crawler - selenium_crawler.py:134 - INFO - 详情页爬取成功：https://movie.douban.com/subject/20495023/ | 短评数：5
2026-05-14 11:34:46 - douban_crawler - image_downloader.py:96 - INFO - 图片下载成功：大话西游之大圣娶亲 西游记完结篇仙履奇缘    齐天大圣西游.jpg | 大小：17.2KB
2026-05-14 11:34:54 - douban_crawler - selenium_crawler.py:134 - INFO - 详情页爬取成功：https://movie.douban.com/subject/1292213/ | 短评数：5
2026-05-14 11:34:54 - douban_crawler - image_downloader.py:96 - INFO - 图片下载成功：熔炉 无声呐喊_港_    漩涡.jpg | 大小：17.1KB
2026-05-14 11:35:03 - douban_crawler - selenium_crawler.py:134 - INFO - 详情页爬取成功：https://movie.douban.com/subject/5912992/ | 短评数：5
2026-05-14 11:35:03 - douban_crawler - image_downloader.py:96 - INFO - 图片下载成功：触不可及 闪亮人生_港_    逆转人生_台_.jpg | 大小：21.3KB
2026-05-14 11:35:10 - douban_crawler - selenium_crawler.py:134 - INFO - 详情页爬取成功：https://movie.douban.com/subject/6786002/ | 短评数：5
2026-05-14 11:35:10 - douban_crawler - image_downloader.py:96 - INFO - 图片下载成功：教父 Mario Puzo_s The Godfather.jpg | 大小：11.0KB
2026-05-14 11:35:16 - douban_crawler - selenium_crawler.py:134 - INFO - 详情页爬取成功：https://movie.douban.com/subject/1291841/ | 短评数：5
2026-05-14 11:35:17 - douban_crawler - image_downloader.py:96 - INFO - 图片下载成功：末代皇帝 末代皇帝溥仪_港_    L_ultimo imp.jpg | 大小：17.0KB
2026-05-14 11:35:26 - douban_crawler - selenium_crawler.py:134 - INFO - 详情页爬取成功：https://movie.douban.com/subject/1293172/ | 短评数：5
2026-05-14 11:35:26 - douban_crawler - requests_crawler.py:106 - INFO - 成功爬取：https://movie.douban.com/top250?start=0&filter= | 总数：25 | 成功解析：25
2026-05-14 11:35:26 - douban_crawler - base_crawler.py:19 - INFO - 休眠 5.25 秒
2026-05-14 11:35:31 - douban_crawler - image_downloader.py:96 - INFO - 图片下载成功：哈利·波特与魔法石 哈利波特1：神秘的魔法石_港  台_.jpg | 大小：25.9KB
2026-05-14 11:35:39 - douban_crawler - selenium_crawler.py:134 - INFO - 详情页爬取成功：https://movie.douban.com/subject/1295038/ | 短评数：5
2026-05-14 11:35:39 - douban_crawler - image_downloader.py:96 - INFO - 图片下载成功：当幸福来敲门 寻找快乐的故事_港_    追求快乐.jpg | 大小：13.9KB
2026-05-14 11:35:46 - douban_crawler - selenium_crawler.py:134 - INFO - 详情页爬取成功：https://movie.douban.com/subject/1849031/ | 短评数：5
2026-05-14 11:35:46 - douban_crawler - image_downloader.py:96 - INFO - 图片下载成功：龙猫 邻居托托罗    邻家的豆豆龙.jpg | 大小：14.9KB
2026-05-14 11:35:55 - douban_crawler - selenium_crawler.py:134 - INFO - 详情页爬取成功：https://movie.douban.com/subject/1291560/ | 短评数：5
2026-05-14 11:35:55 - douban_crawler - image_downloader.py:96 - INFO - 图片下载成功：活着 人生    Lifetimes.jpg | 大小：21.3KB
2026-05-14 11:36:04 - douban_crawler - selenium_crawler.py:134 - INFO - 详情页爬取成功：https://movie.douban.com/subject/1292365/ | 短评数：5
2026-05-14 11:36:05 - douban_crawler - image_downloader.py:96 - INFO - 图片下载成功：怦然心动 萌动青春    青春萌动.jpg | 大小：22.3KB
2026-05-14 11:36:13 - douban_crawler - selenium_crawler.py:134 - INFO - 详情页爬取成功：https://movie.douban.com/subject/3319755/ | 短评数：5
2026-05-14 11:36:14 - douban_crawler - image_downloader.py:96 - INFO - 图片下载成功：蝙蝠侠：黑暗骑士 蝙蝠侠前传2：黑暗骑士    黑暗骑士_台.jpg | 大小：19.4KB
2026-05-14 11:36:22 - douban_crawler - selenium_crawler.py:134 - INFO - 详情页爬取成功：https://movie.douban.com/subject/1851857/ | 短评数：5
2026-05-14 11:36:22 - douban_crawler - image_downloader.py:96 - INFO - 图片下载成功：指环王3：王者无敌 魔戒三部曲：王者再临_台  港_.jpg | 大小：23.3KB
2026-05-14 11:36:30 - douban_crawler - selenium_crawler.py:134 - INFO - 详情页爬取成功：https://movie.douban.com/subject/1291552/ | 短评数：5
2026-05-14 11:36:30 - douban_crawler - image_downloader.py:96 - INFO - 图片下载成功：我不是药神 中国药神    印度药神.jpg | 大小：30.2KB
2026-05-14 11:36:38 - douban_crawler - selenium_crawler.py:134 - INFO - 详情页爬取成功：https://movie.douban.com/subject/26752088/ | 短评数：5
2026-05-14 11:36:38 - douban_crawler - image_downloader.py:96 - INFO - 图片下载成功：乱世佳人 飘.jpg | 大小：22.4KB
2026-05-14 11:36:46 - douban_crawler - selenium_crawler.py:134 - INFO - 详情页爬取成功：https://movie.douban.com/subject/1300267/ | 短评数：5
2026-05-14 11:36:46 - douban_crawler - image_downloader.py:96 - INFO - 图片下载成功：飞屋环游记 冲天救兵_港_    天外奇迹_台_.jpg | 大小：6.7KB
2026-05-14 11:36:56 - douban_crawler - selenium_crawler.py:134 - INFO - 详情页爬取成功：https://movie.douban.com/subject/2129039/ | 短评数：5
2026-05-14 11:36:56 - douban_crawler - image_downloader.py:96 - INFO - 图片下载成功：让子弹飞 让子弹飞一会儿    火烧云.jpg | 大小：15.8KB
2026-05-14 11:37:04 - douban_crawler - selenium_crawler.py:134 - INFO - 详情页爬取成功：https://movie.douban.com/subject/3742360/ | 短评数：5
2026-05-14 11:37:04 - douban_crawler - image_downloader.py:96 - INFO - 图片下载成功：哈尔的移动城堡 哈尔移动城堡_港_    霍尔的移动城堡_台.jpg | 大小：27.6KB
2026-05-14 11:37:11 - douban_crawler - selenium_crawler.py:134 - INFO - 详情页爬取成功：https://movie.douban.com/subject/1308807/ | 短评数：5
2026-05-14 11:37:11 - douban_crawler - image_downloader.py:96 - INFO - 图片下载成功：十二怒汉 12怒汉    十二怒汉.jpg | 大小：20.5KB
2026-05-14 11:37:18 - douban_crawler - selenium_crawler.py:134 - INFO - 详情页爬取成功：https://movie.douban.com/subject/1293182/ | 短评数：5
2026-05-14 11:37:18 - douban_crawler - image_downloader.py:96 - INFO - 图片下载成功：海蒂和爷爷 飘零燕_港_    海蒂.jpg | 大小：29.4KB
2026-05-14 11:37:26 - douban_crawler - selenium_crawler.py:134 - INFO - 详情页爬取成功：https://movie.douban.com/subject/25958717/ | 短评数：5
2026-05-14 11:37:27 - douban_crawler - image_downloader.py:96 - INFO - 图片下载成功：素媛 许愿    希望：为爱重生_台_.jpg | 大小：22.3KB
2026-05-14 11:37:35 - douban_crawler - selenium_crawler.py:134 - INFO - 详情页爬取成功：https://movie.douban.com/subject/21937452/ | 短评数：5
2026-05-14 11:37:35 - douban_crawler - image_downloader.py:96 - INFO - 图片下载成功：猫鼠游戏 逍遥法外    捉智双雄_港_.jpg | 大小：9.8KB
2026-05-14 11:37:44 - douban_crawler - selenium_crawler.py:134 - INFO - 详情页爬取成功：https://movie.douban.com/subject/1305487/ | 短评数：5
2026-05-14 11:37:44 - douban_crawler - image_downloader.py:96 - INFO - 图片下载成功：天空之城 天空之城拉普他    空中城堡拉普他.jpg | 大小：29.0KB
2026-05-14 11:37:53 - douban_crawler - selenium_crawler.py:134 - INFO - 详情页爬取成功：https://movie.douban.com/subject/1291583/ | 短评数：5
2026-05-14 11:37:53 - douban_crawler - image_downloader.py:96 - INFO - 图片下载成功：鬼子来了 Devils on the Doorstep.jpg | 大小：12.5KB
2026-05-14 11:38:01 - douban_crawler - selenium_crawler.py:134 - INFO - 详情页爬取成功：https://movie.douban.com/subject/1291858/ | 短评数：5
2026-05-14 11:38:01 - douban_crawler - image_downloader.py:96 - INFO - 图片下载成功：摔跤吧！爸爸 我和我的冠军女儿_台_    打死不离3父女_.jpg | 大小：23.8KB
2026-05-14 11:38:09 - douban_crawler - selenium_crawler.py:134 - INFO - 详情页爬取成功：https://movie.douban.com/subject/26387939/ | 短评数：5
2026-05-14 11:38:09 - douban_crawler - image_downloader.py:96 - INFO - 图片下载成功：少年派的奇幻漂流 少年Pi的奇幻漂流    漂流少年Pi.jpg | 大小：17.1KB
2026-05-14 11:38:17 - douban_crawler - selenium_crawler.py:134 - INFO - 详情页爬取成功：https://movie.douban.com/subject/1929463/ | 短评数：5
2026-05-14 11:38:17 - douban_crawler - image_downloader.py:96 - INFO - 图片下载成功：钢琴家 钢琴战曲_港_    战地琴人_台_.jpg | 大小：10.9KB
2026-05-14 11:38:25 - douban_crawler - selenium_crawler.py:134 - INFO - 详情页爬取成功：https://movie.douban.com/subject/1296736/ | 短评数：5
2026-05-14 11:38:25 - douban_crawler - image_downloader.py:96 - INFO - 图片下载成功：指环王2：双塔奇兵 魔戒二部曲：双城奇谋    指环王II：.jpg | 大小：16.9KB
2026-05-14 11:38:33 - douban_crawler - selenium_crawler.py:134 - INFO - 详情页爬取成功：https://movie.douban.com/subject/1291572/ | 短评数：5
2026-05-14 11:38:33 - douban_crawler - image_downloader.py:96 - INFO - 图片下载成功：死亡诗社 暴雨骄阳_港_    春风化雨_台_.jpg | 大小：15.9KB
2026-05-14 11:38:41 - douban_crawler - selenium_crawler.py:134 - INFO - 详情页爬取成功：https://movie.douban.com/subject/1291548/ | 短评数：5
2026-05-14 11:38:41 - douban_crawler - image_downloader.py:96 - INFO - 图片下载成功：大话西游之月光宝盒 西游记101回月光宝盒    齐天大圣东.jpg | 大小：17.5KB
2026-05-14 11:38:48 - douban_crawler - selenium_crawler.py:134 - INFO - 详情页爬取成功：https://movie.douban.com/subject/1299398/ | 短评数：5
2026-05-14 11:38:48 - douban_crawler - image_downloader.py:96 - INFO - 图片下载成功：绿皮书 绿簿旅友_港_    幸福绿皮书_台_.jpg | 大小：11.1KB
2026-05-14 11:38:58 - douban_crawler - selenium_crawler.py:134 - INFO - 详情页爬取成功：https://movie.douban.com/subject/27060077/ | 短评数：5
2026-05-14 11:38:58 - douban_crawler - requests_crawler.py:106 - INFO - 成功爬取：https://movie.douban.com/top250?start=25&filter= | 总数：25 | 成功解析：25
2026-05-14 11:38:58 - douban_crawler - base_crawler.py:19 - INFO - 休眠 4.52 秒
2026-05-14 11:39:03 - douban_crawler - image_downloader.py:96 - INFO - 图片下载成功：何以为家 迦百农    星仔打官司_港_.jpg | 大小：12.0KB
2026-05-14 11:39:10 - douban_crawler - selenium_crawler.py:134 - INFO - 详情页爬取成功：https://movie.douban.com/subject/30170448/ | 短评数：5
2026-05-14 11:39:10 - douban_crawler - image_downloader.py:96 - INFO - 图片下载成功：闻香识女人 女人香    女人的芳香.jpg | 大小：19.5KB
2026-05-14 11:39:19 - douban_crawler - selenium_crawler.py:134 - INFO - 详情页爬取成功：https://movie.douban.com/subject/1298624/ | 短评数：5
2026-05-14 11:39:19 - douban_crawler - image_downloader.py:96 - INFO - 图片下载成功：大闹天宫 大闹天宫 上下集    The Monkey Ki.jpg | 大小：11.4KB
2026-05-14 11:39:27 - douban_crawler - selenium_crawler.py:134 - INFO - 详情页爬取成功：https://movie.douban.com/subject/1418019/ | 短评数：5
2026-05-14 11:39:27 - douban_crawler - image_downloader.py:96 - INFO - 图片下载成功：黑客帝国 22世纪杀人网络_港_    廿二世纪杀人网络_港.jpg | 大小：19.5KB
2026-05-14 11:39:34 - douban_crawler - selenium_crawler.py:134 - INFO - 详情页爬取成功：https://movie.douban.com/subject/1291843/ | 短评数：5
2026-05-14 11:39:34 - douban_crawler - image_downloader.py:96 - INFO - 图片下载成功：指环王1：护戒使者 指环王1：魔戒再现    指环王I：护戒.jpg | 大小：23.4KB
2026-05-14 11:39:45 - douban_crawler - selenium_crawler.py:134 - INFO - 详情页爬取成功：https://movie.douban.com/subject/1291571/ | 短评数：5
2026-05-14 11:39:45 - douban_crawler - image_downloader.py:96 - INFO - 图片下载成功：罗马假日 金枝玉叶_港_    罗马假期_台_.jpg | 大小：18.8KB
2026-05-14 11:39:55 - douban_crawler - selenium_crawler.py:134 - INFO - 详情页爬取成功：https://movie.douban.com/subject/1293839/ | 短评数：5
2026-05-14 11:39:55 - douban_crawler - image_downloader.py:96 - INFO - 图片下载成功：教父2 教父续集_港_    教父II.jpg | 大小：16.9KB
2026-05-14 11:40:04 - douban_crawler - selenium_crawler.py:134 - INFO - 详情页爬取成功：https://movie.douban.com/subject/1299131/ | 短评数：5
2026-05-14 11:40:04 - douban_crawler - image_downloader.py:96 - INFO - 图片下载成功：狮子王 狮子王3D.jpg | 大小：17.4KB
2026-05-14 11:40:14 - douban_crawler - selenium_crawler.py:134 - INFO - 详情页爬取成功：https://movie.douban.com/subject/1301753/ | 短评数：5
2026-05-14 11:40:14 - douban_crawler - image_downloader.py:96 - INFO - 图片下载成功：天堂电影院 星光伴我心_港_    新天堂乐园_台_.jpg | 大小：19.9KB
2026-05-14 11:40:22 - douban_crawler - selenium_crawler.py:134 - INFO - 详情页爬取成功：https://movie.douban.com/subject/1291828/ | 短评数：5
2026-05-14 11:40:22 - douban_crawler - image_downloader.py:96 - INFO - 图片下载成功：饮食男女 Eat Drink Man Woman.jpg | 大小：25.2KB
2026-05-14 11:40:29 - douban_crawler - selenium_crawler.py:134 - INFO - 详情页爬取成功：https://movie.douban.com/subject/1291818/ | 短评数：5
2026-05-14 11:40:30 - douban_crawler - image_downloader.py:96 - INFO - 图片下载成功：辩护人 逆权大状_港_    正义辩护人_台_.jpg | 大小：22.4KB
2026-05-14 11:40:38 - douban_crawler - selenium_crawler.py:134 - INFO - 详情页爬取成功：https://movie.douban.com/subject/21937445/ | 短评数：5
2026-05-14 11:40:38 - douban_crawler - image_downloader.py:96 - INFO - 图片下载成功：本杰明·巴顿奇事 奇幻逆缘_港_    班杰明的奇幻旅程_台.jpg | 大小：18.4KB
2026-05-14 11:40:46 - douban_crawler - selenium_crawler.py:134 - INFO - 详情页爬取成功：https://movie.douban.com/subject/1485260/ | 短评数：5
2026-05-14 11:40:46 - douban_crawler - image_downloader.py:96 - INFO - 图片下载成功：搏击俱乐部 搏击会_港_    斗阵俱乐部_台_.jpg | 大小：21.5KB
2026-05-14 11:40:55 - douban_crawler - selenium_crawler.py:134 - INFO - 详情页爬取成功：https://movie.douban.com/subject/1292000/ | 短评数：5
2026-05-14 11:40:55 - douban_crawler - image_downloader.py:96 - INFO - 图片下载成功：美丽心灵 有你终生美丽_港_    美丽境界_台_.jpg | 大小：17.7KB
2026-05-14 11:41:05 - douban_crawler - selenium_crawler.py:134 - INFO - 详情页爬取成功：https://movie.douban.com/subject/1306029/ | 短评数：5
2026-05-14 11:41:05 - douban_crawler - image_downloader.py:96 - INFO - 图片下载成功：穿条纹睡衣的男孩 穿条纹衣服的男孩    穿条纹衣的男孩.jpg | 大小：21.7KB
2026-05-14 11:41:12 - douban_crawler - selenium_crawler.py:134 - INFO - 详情页爬取成功：https://movie.douban.com/subject/3008247/ | 短评数：5
2026-05-14 11:41:12 - douban_crawler - image_downloader.py:96 - INFO - 图片下载成功：哈利·波特与死亡圣器_下_ 哈利波特7：死神的圣物2_港.jpg | 大小：25.9KB
2026-05-14 11:41:20 - douban_crawler - selenium_crawler.py:134 - INFO - 详情页爬取成功：https://movie.douban.com/subject/3011235/ | 短评数：5
2026-05-14 11:41:20 - douban_crawler - image_downloader.py:96 - INFO - 图片下载成功：情书 When I Close My Eyes    Let.jpg | 大小：8.6KB
2026-05-14 11:41:30 - douban_crawler - selenium_crawler.py:134 - INFO - 详情页爬取成功：https://movie.douban.com/subject/1292220/ | 短评数：5
2026-05-14 11:41:30 - douban_crawler - image_downloader.py:96 - INFO - 图片下载成功：两杆大烟枪 够姜四小强_港_    两根枪管_台_.jpg | 大小：14.6KB
2026-05-14 11:41:39 - douban_crawler - selenium_crawler.py:134 - INFO - 详情页爬取成功：https://movie.douban.com/subject/1293350/ | 短评数：5
2026-05-14 11:41:39 - douban_crawler - image_downloader.py:96 - INFO - 图片下载成功：窃听风暴 窃听者_港_    他人的生活.jpg | 大小：12.3KB
2026-05-14 11:41:47 - douban_crawler - selenium_crawler.py:134 - INFO - 详情页爬取成功：https://movie.douban.com/subject/1900841/ | 短评数：5
2026-05-14 11:41:48 - douban_crawler - image_downloader.py:96 - INFO - 图片下载成功：功夫 功夫3D    Kung Fu Hustle.jpg | 大小：26.2KB
2026-05-14 11:41:56 - douban_crawler - selenium_crawler.py:134 - INFO - 详情页爬取成功：https://movie.douban.com/subject/1291543/ | 短评数：5
2026-05-14 11:41:56 - douban_crawler - image_downloader.py:96 - INFO - 图片下载成功：音乐之声 仙乐飘飘处处闻_港_    真善美_台_.jpg | 大小：27.3KB
2026-05-14 11:42:05 - douban_crawler - selenium_crawler.py:134 - INFO - 详情页爬取成功：https://movie.douban.com/subject/1294408/ | 短评数：5
2026-05-14 11:42:06 - douban_crawler - image_downloader.py:96 - INFO - 图片下载成功：哈利·波特与阿兹卡班的囚徒 哈利波特3：阿兹卡班的逃犯_港.jpg | 大小：29.5KB
2026-05-14 11:42:14 - douban_crawler - selenium_crawler.py:134 - INFO - 详情页爬取成功：https://movie.douban.com/subject/1291544/ | 短评数：5
2026-05-14 11:42:14 - douban_crawler - image_downloader.py:96 - INFO - 图片下载成功：阿凡达.jpg | 大小：19.9KB
2026-05-14 11:42:23 - douban_crawler - selenium_crawler.py:134 - INFO - 详情页爬取成功：https://movie.douban.com/subject/1652587/ | 短评数：5
2026-05-14 11:42:24 - douban_crawler - image_downloader.py:96 - INFO - 图片下载成功：西西里的美丽传说 真爱伴我行_台_    玛莲娜.jpg | 大小：21.3KB
2026-05-14 11:42:31 - douban_crawler - selenium_crawler.py:134 - INFO - 详情页爬取成功：https://movie.douban.com/subject/1292402/ | 短评数：5
2026-05-14 11:42:32 - douban_crawler - image_downloader.py:96 - INFO - 图片下载成功：看不见的客人 死无对证_港_    布局_台_.jpg | 大小：19.1KB
2026-05-14 11:42:40 - douban_crawler - selenium_crawler.py:134 - INFO - 详情页爬取成功：https://movie.douban.com/subject/26580232/ | 短评数：5
2026-05-14 11:42:40 - douban_crawler - requests_crawler.py:106 - INFO - 成功爬取：https://movie.douban.com/top250?start=50&filter= | 总数：25 | 成功解析：25
2026-05-14 11:42:40 - douban_crawler - base_crawler.py:19 - INFO - 休眠 2.57 秒
2026-05-14 11:42:43 - douban_crawler - image_downloader.py:96 - INFO - 图片下载成功：拯救大兵瑞恩 雷霆救兵_港_    抢救雷恩大兵_台_.jpg | 大小：13.4KB
2026-05-14 11:42:53 - douban_crawler - selenium_crawler.py:134 - INFO - 详情页爬取成功：https://movie.douban.com/subject/1292849/ | 短评数：5
2026-05-14 11:42:53 - douban_crawler - image_downloader.py:96 - INFO - 图片下载成功：沉默的羔羊 沉默的羔羊.jpg | 大小：14.4KB
2026-05-14 11:43:01 - douban_crawler - selenium_crawler.py:134 - INFO - 详情页爬取成功：https://movie.douban.com/subject/1293544/ | 短评数：5
2026-05-14 11:43:02 - douban_crawler - image_downloader.py:96 - INFO - 图片下载成功：小鞋子 天堂的孩子    小童鞋.jpg | 大小：16.6KB
2026-05-14 11:43:11 - douban_crawler - selenium_crawler.py:134 - INFO - 详情页爬取成功：https://movie.douban.com/subject/1303021/ | 短评数：5
2026-05-14 11:43:11 - douban_crawler - image_downloader.py:96 - INFO - 图片下载成功：布达佩斯大饭店 布达佩斯大酒店_港_    欢迎来到布达佩斯.jpg | 大小：24.2KB
2026-05-14 11:43:19 - douban_crawler - selenium_crawler.py:134 - INFO - 详情页爬取成功：https://movie.douban.com/subject/11525673/ | 短评数：5
2026-05-14 11:43:19 - douban_crawler - image_downloader.py:96 - INFO - 图片下载成功：蝴蝶效应 蝴蝶效应.jpg | 大小：16.8KB
2026-05-14 11:43:28 - douban_crawler - selenium_crawler.py:134 - INFO - 详情页爬取成功：https://movie.douban.com/subject/1292343/ | 短评数：5
2026-05-14 11:43:28 - douban_crawler - image_downloader.py:96 - INFO - 图片下载成功：飞越疯人院 飞越杜鹃窝_台_    飞越喜鹊巢.jpg | 大小：20.9KB
2026-05-14 11:43:36 - douban_crawler - selenium_crawler.py:134 - INFO - 详情页爬取成功：https://movie.douban.com/subject/1292224/ | 短评数：5
2026-05-14 11:43:36 - douban_crawler - image_downloader.py:96 - INFO - 图片下载成功：还有明天 明天还有梦_港_    我们还有明天_台_.jpg | 大小：13.0KB
2026-05-14 11:43:44 - douban_crawler - selenium_crawler.py:134 - INFO - 详情页爬取成功：https://movie.douban.com/subject/36445098/ | 短评数：5
2026-05-14 11:43:44 - douban_crawler - image_downloader.py:96 - INFO - 图片下载成功：禁闭岛 不赦岛_港_    隔离岛_台_.jpg | 大小：21.9KB
2026-05-14 11:43:53 - douban_crawler - selenium_crawler.py:134 - INFO - 详情页爬取成功：https://movie.douban.com/subject/2334904/ | 短评数：5
2026-05-14 11:43:53 - douban_crawler - image_downloader.py:96 - INFO - 图片下载成功：心灵捕手 骄阳似我_港_    心灵捕手.jpg | 大小：24.8KB
2026-05-14 11:44:01 - douban_crawler - selenium_crawler.py:134 - INFO - 详情页爬取成功：https://movie.douban.com/subject/1292656/ | 短评数：5
2026-05-14 11:44:02 - douban_crawler - image_downloader.py:96 - INFO - 图片下载成功：致命魔术 死亡魔法_港_    顶尖对决_台_.jpg | 大小：23.9KB
2026-05-14 11:44:11 - douban_crawler - selenium_crawler.py:134 - INFO - 详情页爬取成功：https://movie.douban.com/subject/1780330/ | 短评数：5
2026-05-14 11:44:11 - douban_crawler - image_downloader.py:96 - INFO - 图片下载成功：低俗小说 危险人物_港_    黑色追缉令_台_.jpg | 大小：28.1KB
2026-05-14 11:44:19 - douban_crawler - selenium_crawler.py:134 - INFO - 详情页爬取成功：https://movie.douban.com/subject/1291832/ | 短评数：5
2026-05-14 11:44:19 - douban_crawler - image_downloader.py:96 - INFO - 图片下载成功：哈利·波特与密室 哈利波特2：消失的密室_港  台_.jpg | 大小：23.7KB
2026-05-14 11:44:27 - douban_crawler - selenium_crawler.py:134 - INFO - 详情页爬取成功：https://movie.douban.com/subject/1296996/ | 短评数：5
2026-05-14 11:44:27 - douban_crawler - image_downloader.py:96 - INFO - 图片下载成功：超脱 人间师格_台_.jpg | 大小：13.2KB
2026-05-14 11:44:36 - douban_crawler - selenium_crawler.py:134 - INFO - 详情页爬取成功：https://movie.douban.com/subject/5322596/ | 短评数：5
2026-05-14 11:44:36 - douban_crawler - image_downloader.py:96 - INFO - 图片下载成功：一一 Yi yi    Yi yi_ A One and a.jpg | 大小：7.4KB
2026-05-14 11:44:45 - douban_crawler - selenium_crawler.py:134 - INFO - 详情页爬取成功：https://movie.douban.com/subject/1292434/ | 短评数：5
2026-05-14 11:44:45 - douban_crawler - image_downloader.py:96 - INFO - 图片下载成功：喜剧之王 King of Comedy.jpg | 大小：16.3KB
2026-05-14 11:44:54 - douban_crawler - selenium_crawler.py:134 - INFO - 详情页爬取成功：https://movie.douban.com/subject/1302425/ | 短评数：5
2026-05-14 11:44:54 - douban_crawler - image_downloader.py:96 - INFO - 图片下载成功：杀人回忆 谋杀回忆    杀手回忆录.jpg | 大小：16.8KB
2026-05-14 11:45:02 - douban_crawler - selenium_crawler.py:134 - INFO - 详情页爬取成功：https://movie.douban.com/subject/1300299/ | 短评数：5
2026-05-14 11:45:02 - douban_crawler - image_downloader.py:96 - INFO - 图片下载成功：致命ID 杀人游戏    致命身份.jpg | 大小：12.2KB
2026-05-14 11:45:11 - douban_crawler - selenium_crawler.py:134 - INFO - 详情页爬取成功：https://movie.douban.com/subject/1297192/ | 短评数：5
2026-05-14 11:45:11 - douban_crawler - image_downloader.py:96 - INFO - 图片下载成功：摩登时代 The Masses    Les Temps m.jpg | 大小：24.9KB
2026-05-14 11:45:19 - douban_crawler - selenium_crawler.py:134 - INFO - 详情页爬取成功：https://movie.douban.com/subject/1294371/ | 短评数：5
2026-05-14 11:45:19 - douban_crawler - image_downloader.py:96 - INFO - 图片下载成功：春光乍泄 一起快乐    Happy Together.jpg | 大小：18.8KB
2026-05-14 11:45:28 - douban_crawler - selenium_crawler.py:134 - INFO - 详情页爬取成功：https://movie.douban.com/subject/1292679/ | 短评数：5
2026-05-14 11:45:28 - douban_crawler - image_downloader.py:96 - INFO - 图片下载成功：加勒比海盗 加勒比海盗1：黑珍珠号的诅咒    神鬼奇航：鬼.jpg | 大小：25.9KB
2026-05-14 11:45:36 - douban_crawler - selenium_crawler.py:134 - INFO - 详情页爬取成功：https://movie.douban.com/subject/1298070/ | 短评数：5
2026-05-14 11:45:36 - douban_crawler - image_downloader.py:96 - INFO - 图片下载成功：海豚湾 血色海湾_台_    海湾.jpg | 大小：14.8KB
2026-05-14 11:45:46 - douban_crawler - selenium_crawler.py:134 - INFO - 详情页爬取成功：https://movie.douban.com/subject/3442220/ | 短评数：5
2026-05-14 11:45:46 - douban_crawler - image_downloader.py:96 - INFO - 图片下载成功：美国往事 四海兄弟_台_    义薄云天_港_.jpg | 大小：19.0KB
2026-05-14 11:45:52 - douban_crawler - selenium_crawler.py:134 - INFO - 详情页爬取成功：https://movie.douban.com/subject/1292262/ | 短评数：5
2026-05-14 11:45:52 - douban_crawler - image_downloader.py:96 - INFO - 图片下载成功：红辣椒 盗梦侦探_港  台_.jpg | 大小：29.7KB
2026-05-14 11:46:00 - douban_crawler - selenium_crawler.py:134 - INFO - 详情页爬取成功：https://movie.douban.com/subject/1865703/ | 短评数：5
2026-05-14 11:46:00 - douban_crawler - image_downloader.py:96 - INFO - 图片下载成功：七宗罪 火线追缉令_台_    7宗罪.jpg | 大小：27.1KB
2026-05-14 11:46:07 - douban_crawler - selenium_crawler.py:134 - INFO - 详情页爬取成功：https://movie.douban.com/subject/1292223/ | 短评数：5
2026-05-14 11:46:08 - douban_crawler - image_downloader.py:96 - INFO - 图片下载成功：唐伯虎点秋香 Flirting Scholar.jpg | 大小：28.2KB
2026-05-14 11:46:16 - douban_crawler - selenium_crawler.py:134 - INFO - 详情页爬取成功：https://movie.douban.com/subject/1306249/ | 短评数：5
2026-05-14 11:46:16 - douban_crawler - requests_crawler.py:106 - INFO - 成功爬取：https://movie.douban.com/top250?start=75&filter= | 总数：25 | 成功解析：25
2026-05-14 11:46:16 - douban_crawler - base_crawler.py:19 - INFO - 休眠 3.80 秒
2026-05-14 11:46:20 - douban_crawler - image_downloader.py:96 - INFO - 图片下载成功：狩猎 诬网_港_    谎言的烙印_台_.jpg | 大小：10.7KB
2026-05-14 11:46:27 - douban_crawler - selenium_crawler.py:134 - INFO - 详情页爬取成功：https://movie.douban.com/subject/6985810/ | 短评数：5
2026-05-14 11:46:27 - douban_crawler - image_downloader.py:96 - INFO - 图片下载成功：幽灵公主 魔法公主    幽灵少女.jpg | 大小：22.4KB
2026-05-14 11:46:35 - douban_crawler - selenium_crawler.py:134 - INFO - 详情页爬取成功：https://movie.douban.com/subject/1297359/ | 短评数：5
2026-05-14 11:46:35 - douban_crawler - image_downloader.py:96 - INFO - 图片下载成功：甜蜜蜜 Comrades_ Almost a Love St.jpg | 大小：23.2KB
2026-05-14 11:46:43 - douban_crawler - selenium_crawler.py:134 - INFO - 详情页爬取成功：https://movie.douban.com/subject/1305164/ | 短评数：5
2026-05-14 11:46:43 - douban_crawler - image_downloader.py:96 - INFO - 图片下载成功：寄生虫 寄生上流_台_    上流寄生族_港_.jpg | 大小：18.9KB
2026-05-14 11:46:52 - douban_crawler - selenium_crawler.py:134 - INFO - 详情页爬取成功：https://movie.douban.com/subject/27010768/ | 短评数：5
2026-05-14 11:46:52 - douban_crawler - image_downloader.py:96 - INFO - 图片下载成功：天书奇谭 天书奇谭4K纪念版    The Legend o.jpg | 大小：18.8KB
2026-05-14 11:47:01 - douban_crawler - selenium_crawler.py:134 - INFO - 详情页爬取成功：https://movie.douban.com/subject/1428581/ | 短评数：5
2026-05-14 11:47:01 - douban_crawler - image_downloader.py:96 - INFO - 图片下载成功：蝙蝠侠：黑暗骑士崛起 蝙蝠侠前传3：黑暗骑士崛起    黑暗.jpg | 大小：28.2KB
2026-05-14 11:47:10 - douban_crawler - selenium_crawler.py:134 - INFO - 详情页爬取成功：https://movie.douban.com/subject/3395373/ | 短评数：5
2026-05-14 11:47:10 - douban_crawler - image_downloader.py:96 - INFO - 图片下载成功：超能陆战队 大英雄联盟_港_    大英雄天团_台_.jpg | 大小：30.9KB
2026-05-14 11:47:20 - douban_crawler - selenium_crawler.py:134 - INFO - 详情页爬取成功：https://movie.douban.com/subject/11026735/ | 短评数：5
2026-05-14 11:47:20 - douban_crawler - image_downloader.py:96 - INFO - 图片下载成功：7号房的礼物 戆爸的礼物_港_    7号囚房的礼物.jpg | 大小：26.6KB
2026-05-14 11:47:28 - douban_crawler - selenium_crawler.py:134 - INFO - 详情页爬取成功：https://movie.douban.com/subject/10777687/ | 短评数：5
2026-05-14 11:47:28 - douban_crawler - image_downloader.py:96 - INFO - 图片下载成功：茶馆 The Teahouse.jpg | 大小：20.2KB
2026-05-14 11:47:35 - douban_crawler - selenium_crawler.py:134 - INFO - 详情页爬取成功：https://movie.douban.com/subject/1461403/ | 短评数：5
2026-05-14 11:47:36 - douban_crawler - image_downloader.py:96 - INFO - 图片下载成功：第六感 鬼眼_港_    灵异第六感_台_.jpg | 大小：4.3KB
2026-05-14 11:47:43 - douban_crawler - selenium_crawler.py:134 - INFO - 详情页爬取成功：https://movie.douban.com/subject/1297630/ | 短评数：5
2026-05-14 11:47:43 - douban_crawler - image_downloader.py:96 - INFO - 图片下载成功：爱在黎明破晓前 情留半天_港_    爱在黎明破晓时_台_.jpg | 大小：16.0KB
2026-05-14 11:47:52 - douban_crawler - selenium_crawler.py:134 - INFO - 详情页爬取成功：https://movie.douban.com/subject/1296339/ | 短评数：5
2026-05-14 11:47:52 - douban_crawler - image_downloader.py:96 - INFO - 图片下载成功：爱在日落黄昏时 日落巴黎_港_    爱在日落巴黎时_台_.jpg | 大小：10.8KB
2026-05-14 11:48:01 - douban_crawler - selenium_crawler.py:134 - INFO - 详情页爬取成功：https://movie.douban.com/subject/1291990/ | 短评数：5
2026-05-14 11:48:01 - douban_crawler - image_downloader.py:96 - INFO - 图片下载成功：被嫌弃的松子的一生 花样奇缘_港_    令人讨厌的松子的一.jpg | 大小：30.1KB
2026-05-14 11:48:09 - douban_crawler - selenium_crawler.py:134 - INFO - 详情页爬取成功：https://movie.douban.com/subject/1787291/ | 短评数：5
2026-05-14 11:48:09 - douban_crawler - image_downloader.py:96 - INFO - 图片下载成功：头脑特工队 玩转脑朋友_港_    脑筋急转弯_台_.jpg | 大小：21.4KB
2026-05-14 11:48:19 - douban_crawler - selenium_crawler.py:134 - INFO - 详情页爬取成功：https://movie.douban.com/subject/10533913/ | 短评数：5
2026-05-14 11:48:19 - douban_crawler - image_downloader.py:96 - INFO - 图片下载成功：哈利·波特与火焰杯 哈利波特4：火杯的考验_港  台_.jpg | 大小：21.6KB
2026-05-14 11:48:27 - douban_crawler - selenium_crawler.py:134 - INFO - 详情页爬取成功：https://movie.douban.com/subject/1309055/ | 短评数：5
2026-05-14 11:48:27 - douban_crawler - image_downloader.py:96 - INFO - 图片下载成功：未麻的部屋 蓝色恐惧_港  台_.jpg | 大小：30.9KB
2026-05-14 11:48:36 - douban_crawler - selenium_crawler.py:134 - INFO - 详情页爬取成功：https://movie.douban.com/subject/1395091/ | 短评数：5
2026-05-14 11:48:36 - douban_crawler - image_downloader.py:96 - INFO - 图片下载成功：重庆森林 Chungking Express.jpg | 大小：17.0KB
2026-05-14 11:48:44 - douban_crawler - selenium_crawler.py:134 - INFO - 详情页爬取成功：https://movie.douban.com/subject/1291999/ | 短评数：5
2026-05-14 11:48:44 - douban_crawler - image_downloader.py:96 - INFO - 图片下载成功：借东西的小人阿莉埃蒂 借物少女艾莉缇_台_    借东西的小.jpg | 大小：24.1KB
2026-05-14 11:48:51 - douban_crawler - selenium_crawler.py:134 - INFO - 详情页爬取成功：https://movie.douban.com/subject/4202302/ | 短评数：5
2026-05-14 11:48:52 - douban_crawler - image_downloader.py:96 - INFO - 图片下载成功：菊次郎的夏天 菊次郎之夏    Kikujirô no na.jpg | 大小：23.0KB
2026-05-14 11:48:59 - douban_crawler - selenium_crawler.py:134 - INFO - 详情页爬取成功：https://movie.douban.com/subject/1293359/ | 短评数：5
2026-05-14 11:48:59 - douban_crawler - image_downloader.py:96 - INFO - 图片下载成功：入殓师 礼仪师之奏鸣曲_港_    礼仪师_台_.jpg | 大小：16.4KB
2026-05-14 11:49:08 - douban_crawler - selenium_crawler.py:134 - INFO - 详情页爬取成功：https://movie.douban.com/subject/2149806/ | 短评数：5
2026-05-14 11:49:08 - douban_crawler - image_downloader.py:96 - INFO - 图片下载成功：断背山 断臂山    BBM.jpg | 大小：23.7KB
2026-05-14 11:49:17 - douban_crawler - selenium_crawler.py:134 - INFO - 详情页爬取成功：https://movie.douban.com/subject/1418834/ | 短评数：5
2026-05-14 11:49:17 - douban_crawler - image_downloader.py:96 - INFO - 图片下载成功：剪刀手爱德华 幻海奇缘_港_    剪刀手爱德华.jpg | 大小：20.3KB
2026-05-14 11:49:27 - douban_crawler - selenium_crawler.py:134 - INFO - 详情页爬取成功：https://movie.douban.com/subject/1292370/ | 短评数：5
2026-05-14 11:49:27 - douban_crawler - image_downloader.py:96 - INFO - 图片下载成功：勇敢的心 惊世未了缘_港_    梅尔吉勃逊之英雄本色_台_.jpg | 大小：19.2KB
2026-05-14 11:49:36 - douban_crawler - selenium_crawler.py:134 - INFO - 详情页爬取成功：https://movie.douban.com/subject/1294639/ | 短评数：5
2026-05-14 11:49:36 - douban_crawler - image_downloader.py:96 - INFO - 图片下载成功：时空恋旅人 回到最爱的一天_港_    真爱每一天_台_.jpg | 大小：27.4KB
2026-05-14 11:49:44 - douban_crawler - selenium_crawler.py:134 - INFO - 详情页爬取成功：https://movie.douban.com/subject/10577869/ | 短评数：5
2026-05-14 11:49:44 - douban_crawler - image_downloader.py:96 - INFO - 图片下载成功：驯龙高手 驯龙记_港_.jpg | 大小：19.3KB
2026-05-14 11:49:52 - douban_crawler - selenium_crawler.py:134 - INFO - 详情页爬取成功：https://movie.douban.com/subject/2353023/ | 短评数：5
2026-05-14 11:49:52 - douban_crawler - requests_crawler.py:106 - INFO - 成功爬取：https://movie.douban.com/top250?start=100&filter= | 总数：25 | 成功解析：25
2026-05-14 11:49:52 - douban_crawler - base_crawler.py:19 - INFO - 休眠 5.13 秒
2026-05-14 11:49:58 - douban_crawler - image_downloader.py:96 - INFO - 图片下载成功：傲慢与偏见 傲慢与偏见2005    Pride And P.jpg | 大小：13.7KB
2026-05-14 11:50:07 - douban_crawler - selenium_crawler.py:134 - INFO - 详情页爬取成功：https://movie.douban.com/subject/1418200/ | 短评数：5
2026-05-14 11:50:07 - douban_crawler - image_downloader.py:96 - INFO - 图片下载成功：消失的爱人 失踪的女孩    失踪女孩.jpg | 大小：6.6KB
2026-05-14 11:50:16 - douban_crawler - selenium_crawler.py:134 - INFO - 详情页爬取成功：https://movie.douban.com/subject/21318488/ | 短评数：5
2026-05-14 11:50:16 - douban_crawler - image_downloader.py:96 - INFO - 图片下载成功：无人知晓 谁知赤子心_港_    无人知晓的夏日清晨_台_.jpg | 大小：10.6KB
2026-05-14 11:50:25 - douban_crawler - selenium_crawler.py:134 - INFO - 详情页爬取成功：https://movie.douban.com/subject/1292337/ | 短评数：5
2026-05-14 11:50:25 - douban_crawler - image_downloader.py:96 - INFO - 图片下载成功：倩女幽魂 倩女幽魂_87版_    倩女幽魂：妖魔道.jpg | 大小：19.0KB
2026-05-14 11:50:32 - douban_crawler - selenium_crawler.py:134 - INFO - 详情页爬取成功：https://movie.douban.com/subject/1297447/ | 短评数：5
2026-05-14 11:50:32 - douban_crawler - image_downloader.py:96 - INFO - 图片下载成功：新世界 暗黑新世界_台_    New World.jpg | 大小：14.1KB
2026-05-14 11:50:41 - douban_crawler - selenium_crawler.py:134 - INFO - 详情页爬取成功：https://movie.douban.com/subject/10437779/ | 短评数：5
2026-05-14 11:50:41 - douban_crawler - image_downloader.py:96 - INFO - 图片下载成功：花样年华 花样年华导演特别版    花样年华4K修复版.jpg | 大小：24.4KB
2026-05-14 11:50:49 - douban_crawler - selenium_crawler.py:134 - INFO - 详情页爬取成功：https://movie.douban.com/subject/1291557/ | 短评数：5
2026-05-14 11:50:49 - douban_crawler - image_downloader.py:96 - INFO - 图片下载成功：玩具总动员3 反斗奇兵3_港_    玩具的故事3.jpg | 大小：35.3KB
2026-05-14 11:50:57 - douban_crawler - selenium_crawler.py:134 - INFO - 详情页爬取成功：https://movie.douban.com/subject/1858711/ | 短评数：5
2026-05-14 11:50:57 - douban_crawler - image_downloader.py:96 - INFO - 图片下载成功：一个叫欧维的男人决定去死 明天别再来敲门_台_    想死冇.jpg | 大小：19.5KB
2026-05-14 11:51:04 - douban_crawler - selenium_crawler.py:134 - INFO - 详情页爬取成功：https://movie.douban.com/subject/26628357/ | 短评数：5
2026-05-14 11:51:04 - douban_crawler - image_downloader.py:96 - INFO - 图片下载成功：色，戒 色_戒    色·戒.jpg | 大小：17.1KB
2026-05-14 11:51:13 - douban_crawler - selenium_crawler.py:134 - INFO - 详情页爬取成功：https://movie.douban.com/subject/1828115/ | 短评数：5
2026-05-14 11:51:13 - douban_crawler - image_downloader.py:96 - INFO - 图片下载成功：完美的世界 强盗保镳.jpg | 大小：22.8KB
2026-05-14 11:51:21 - douban_crawler - selenium_crawler.py:134 - INFO - 详情页爬取成功：https://movie.douban.com/subject/1300992/ | 短评数：5
2026-05-14 11:51:21 - douban_crawler - image_downloader.py:96 - INFO - 图片下载成功：怪兽电力公司 怪兽公司_港_    怪物公司.jpg | 大小：16.6KB
2026-05-14 11:51:30 - douban_crawler - selenium_crawler.py:134 - INFO - 详情页爬取成功：https://movie.douban.com/subject/1291579/ | 短评数：5
2026-05-14 11:51:30 - douban_crawler - image_downloader.py:96 - INFO - 图片下载成功：阳光灿烂的日子 In the Heat of the Sun.jpg | 大小：18.1KB
2026-05-14 11:51:38 - douban_crawler - selenium_crawler.py:134 - INFO - 详情页爬取成功：https://movie.douban.com/subject/1291875/ | 短评数：5
2026-05-14 11:51:38 - douban_crawler - image_downloader.py:96 - INFO - 图片下载成功：教父3 教父第三集    教父 III.jpg | 大小：14.3KB
2026-05-14 11:51:45 - douban_crawler - selenium_crawler.py:134 - INFO - 详情页爬取成功：https://movie.douban.com/subject/1294240/ | 短评数：5
2026-05-14 11:51:46 - douban_crawler - image_downloader.py:96 - INFO - 图片下载成功：小森林 夏秋篇 小森食光  夏秋篇_台_.jpg | 大小：17.7KB
2026-05-14 11:51:53 - douban_crawler - selenium_crawler.py:134 - INFO - 详情页爬取成功：https://movie.douban.com/subject/25814705/ | 短评数：5
2026-05-14 11:51:53 - douban_crawler - image_downloader.py:96 - INFO - 图片下载成功：天使爱美丽 艾蜜莉的异想世界_台_    天使艾米莉.jpg | 大小：13.6KB
2026-05-14 11:52:01 - douban_crawler - selenium_crawler.py:134 - INFO - 详情页爬取成功：https://movie.douban.com/subject/1292215/ | 短评数：5
2026-05-14 11:52:01 - douban_crawler - image_downloader.py:96 - INFO - 图片下载成功：侧耳倾听 心之谷_台_    梦幻街少女_港_.jpg | 大小：17.1KB
2026-05-14 11:52:10 - douban_crawler - selenium_crawler.py:134 - INFO - 详情页爬取成功：https://movie.douban.com/subject/1297052/ | 短评数：5
2026-05-14 11:52:10 - douban_crawler - image_downloader.py:96 - INFO - 图片下载成功：哪吒闹海 Prince Nezha_s Triumph Ag.jpg | 大小：25.6KB
2026-05-14 11:52:17 - douban_crawler - selenium_crawler.py:134 - INFO - 详情页爬取成功：https://movie.douban.com/subject/1307315/ | 短评数：5
2026-05-14 11:52:17 - douban_crawler - image_downloader.py:96 - INFO - 图片下载成功：九品芝麻官 九品芝麻官之白面包青天    Hail the.jpg | 大小：24.1KB
2026-05-14 11:52:25 - douban_crawler - selenium_crawler.py:134 - INFO - 详情页爬取成功：https://movie.douban.com/subject/1297518/ | 短评数：5
2026-05-14 11:52:25 - douban_crawler - image_downloader.py:96 - INFO - 图片下载成功：被解救的姜戈 被解放的姜戈    决杀令_台_.jpg | 大小：21.7KB
2026-05-14 11:52:34 - douban_crawler - selenium_crawler.py:134 - INFO - 详情页爬取成功：https://movie.douban.com/subject/6307447/ | 短评数：5
2026-05-14 11:52:34 - douban_crawler - image_downloader.py:96 - INFO - 图片下载成功：请以你的名字呼唤我 以你的名字呼唤我_港  台_.jpg | 大小：16.4KB
2026-05-14 11:52:42 - douban_crawler - selenium_crawler.py:134 - INFO - 详情页爬取成功：https://movie.douban.com/subject/26799731/ | 短评数：5
2026-05-14 11:52:42 - douban_crawler - image_downloader.py:96 - INFO - 图片下载成功：幸福终点站 机场客运站_港_    航站情缘_台_.jpg | 大小：24.9KB
2026-05-14 11:52:51 - douban_crawler - selenium_crawler.py:134 - INFO - 详情页爬取成功：https://movie.douban.com/subject/1292274/ | 短评数：5
2026-05-14 11:52:51 - douban_crawler - image_downloader.py:96 - INFO - 图片下载成功：釜山行 尸杀列车_港_    尸速列车_台_.jpg | 大小：26.0KB
2026-05-14 11:52:59 - douban_crawler - selenium_crawler.py:134 - INFO - 详情页爬取成功：https://movie.douban.com/subject/25986180/ | 短评数：5
2026-05-14 11:52:59 - douban_crawler - image_downloader.py:96 - INFO - 图片下载成功：神偷奶爸 卑鄙的我    坏蛋奖门人_港_.jpg | 大小：21.7KB
2026-05-14 11:53:07 - douban_crawler - selenium_crawler.py:134 - INFO - 详情页爬取成功：https://movie.douban.com/subject/3287562/ | 短评数：5
2026-05-14 11:53:07 - douban_crawler - image_downloader.py:96 - INFO - 图片下载成功：小森林 冬春篇 小森食光  冬春篇_台_.jpg | 大小：27.3KB
2026-05-14 11:53:15 - douban_crawler - selenium_crawler.py:134 - INFO - 详情页爬取成功：https://movie.douban.com/subject/25814707/ | 短评数：5
2026-05-14 11:53:15 - douban_crawler - image_downloader.py:96 - INFO - 图片下载成功：喜宴 The Wedding Banquet.jpg | 大小：18.3KB
2026-05-14 11:53:23 - douban_crawler - selenium_crawler.py:134 - INFO - 详情页爬取成功：https://movie.douban.com/subject/1303037/ | 短评数：5
2026-05-14 11:53:23 - douban_crawler - requests_crawler.py:106 - INFO - 成功爬取：https://movie.douban.com/top250?start=125&filter= | 总数：25 | 成功解析：25
2026-05-14 11:53:23 - douban_crawler - base_crawler.py:19 - INFO - 休眠 4.16 秒
2026-05-14 11:53:28 - douban_crawler - image_downloader.py:96 - INFO - 图片下载成功：萤火之森 萤火之社    Hotarubi no mori.jpg | 大小：31.8KB
2026-05-14 11:53:35 - douban_crawler - selenium_crawler.py:134 - INFO - 详情页爬取成功：https://movie.douban.com/subject/5989818/ | 短评数：5
2026-05-14 11:53:35 - douban_crawler - image_downloader.py:96 - INFO - 图片下载成功：告白 自白    母亲.jpg | 大小：9.6KB
2026-05-14 11:53:42 - douban_crawler - selenium_crawler.py:134 - INFO - 详情页爬取成功：https://movie.douban.com/subject/4268598/ | 短评数：5
2026-05-14 11:53:42 - douban_crawler - image_downloader.py:96 - INFO - 图片下载成功：七武士 七侠四义_港_    七剑客_港_.jpg | 大小：28.2KB
2026-05-14 11:53:51 - douban_crawler - selenium_crawler.py:134 - INFO - 详情页爬取成功：https://movie.douban.com/subject/1295399/ | 短评数：5
2026-05-14 11:53:51 - douban_crawler - image_downloader.py:96 - INFO - 图片下载成功：玛丽和麦克斯 玛丽和马克思    巧克力情缘_台_.jpg | 大小：17.4KB
2026-05-14 11:53:58 - douban_crawler - selenium_crawler.py:134 - INFO - 详情页爬取成功：https://movie.douban.com/subject/3072124/ | 短评数：5
2026-05-14 11:53:58 - douban_crawler - image_downloader.py:96 - INFO - 图片下载成功：头号玩家 玩家一号    挑战者1号_港_.jpg | 大小：27.6KB
2026-05-14 11:54:05 - douban_crawler - selenium_crawler.py:134 - INFO - 详情页爬取成功：https://movie.douban.com/subject/4920389/ | 短评数：5
2026-05-14 11:54:06 - douban_crawler - image_downloader.py:96 - INFO - 图片下载成功：模仿游戏 解码游戏_港_    模拟游戏.jpg | 大小：19.9KB
2026-05-14 11:54:15 - douban_crawler - selenium_crawler.py:134 - INFO - 详情页爬取成功：https://movie.douban.com/subject/10463953/ | 短评数：5
2026-05-14 11:54:15 - douban_crawler - image_downloader.py:96 - INFO - 图片下载成功：惊魂记 精神病患者    触目惊心_港_.jpg | 大小：19.4KB
2026-05-14 11:54:23 - douban_crawler - selenium_crawler.py:134 - INFO - 详情页爬取成功：https://movie.douban.com/subject/1293181/ | 短评数：5
2026-05-14 11:54:23 - douban_crawler - image_downloader.py:96 - INFO - 图片下载成功：机器人之梦 再见机器人_台_    汪汪梦里人_港_.jpg | 大小：17.1KB
2026-05-14 11:54:33 - douban_crawler - selenium_crawler.py:134 - INFO - 详情页爬取成功：https://movie.douban.com/subject/35426925/ | 短评数：5
2026-05-14 11:54:33 - douban_crawler - image_downloader.py:96 - INFO - 图片下载成功：大鱼 大鱼奇缘_港_    大智若鱼_台_.jpg | 大小：23.8KB
2026-05-14 11:54:40 - douban_crawler - selenium_crawler.py:134 - INFO - 详情页爬取成功：https://movie.douban.com/subject/1291545/ | 短评数：5
2026-05-14 11:54:40 - douban_crawler - image_downloader.py:96 - INFO - 图片下载成功：心灵奇旅 灵魂奇遇记_港_    灵魂急转弯_台_.jpg | 大小：10.8KB
2026-05-14 11:54:48 - douban_crawler - selenium_crawler.py:134 - INFO - 详情页爬取成功：https://movie.douban.com/subject/24733428/ | 短评数：5
2026-05-14 11:54:48 - douban_crawler - image_downloader.py:96 - INFO - 图片下载成功：背靠背，脸对脸 背对背，脸对脸    Back to Bac.jpg | 大小：16.7KB
2026-05-14 11:54:56 - douban_crawler - selenium_crawler.py:134 - INFO - 详情页爬取成功：https://movie.douban.com/subject/1307856/ | 短评数：5
2026-05-14 11:54:56 - douban_crawler - image_downloader.py:96 - INFO - 图片下载成功：血战钢锯岭 钢锯岭    钢铁英雄_台_.jpg | 大小：27.0KB
2026-05-14 11:55:04 - douban_crawler - selenium_crawler.py:134 - INFO - 详情页爬取成功：https://movie.douban.com/subject/26325320/ | 短评数：5
2026-05-14 11:55:05 - douban_crawler - image_downloader.py:96 - INFO - 图片下载成功：射雕英雄传之东成西就 东成西就    大英雄 _日本_.jpg | 大小：26.8KB
2026-05-14 11:55:13 - douban_crawler - selenium_crawler.py:134 - INFO - 详情页爬取成功：https://movie.douban.com/subject/1316510/ | 短评数：5
2026-05-14 11:55:13 - douban_crawler - image_downloader.py:96 - INFO - 图片下载成功：你的名字。 你的名字    君之名.jpg | 大小：19.7KB
2026-05-14 11:55:20 - douban_crawler - selenium_crawler.py:134 - INFO - 详情页爬取成功：https://movie.douban.com/subject/26683290/ | 短评数：5
2026-05-14 11:55:21 - douban_crawler - image_downloader.py:96 - INFO - 图片下载成功：我是山姆 不一样的爸爸_港_    他不笨，他是我爸爸_台_.jpg | 大小：9.6KB
2026-05-14 11:55:29 - douban_crawler - selenium_crawler.py:134 - INFO - 详情页爬取成功：https://movie.douban.com/subject/1306861/ | 短评数：5
2026-05-14 11:55:30 - douban_crawler - image_downloader.py:96 - INFO - 图片下载成功：阳光姐妹淘 阳光姊妹淘_港_    桑尼.jpg | 大小：22.5KB
2026-05-14 11:55:38 - douban_crawler - selenium_crawler.py:134 - INFO - 详情页爬取成功：https://movie.douban.com/subject/4917726/ | 短评数：5
2026-05-14 11:55:38 - douban_crawler - image_downloader.py:96 - INFO - 图片下载成功：末路狂花 塞尔玛与路易丝.jpg | 大小：23.9KB
2026-05-14 11:55:46 - douban_crawler - selenium_crawler.py:134 - INFO - 详情页爬取成功：https://movie.douban.com/subject/1291992/ | 短评数：5
2026-05-14 11:55:47 - douban_crawler - image_downloader.py:96 - INFO - 图片下载成功：恐怖直播 死亡“动”新闻_港_    恐怖攻击直播_台_.jpg | 大小：14.7KB
2026-05-14 11:55:54 - douban_crawler - selenium_crawler.py:134 - INFO - 详情页爬取成功：https://movie.douban.com/subject/21360417/ | 短评数：5
2026-05-14 11:55:54 - douban_crawler - image_downloader.py:96 - INFO - 图片下载成功：黑客帝国3：矩阵革命 22世纪杀人网络3：惊变世纪_港_.jpg | 大小：15.0KB
2026-05-14 11:56:03 - douban_crawler - selenium_crawler.py:134 - INFO - 详情页爬取成功：https://movie.douban.com/subject/1302467/ | 短评数：5
2026-05-14 11:56:04 - douban_crawler - image_downloader.py:96 - INFO - 图片下载成功：高山下的花环 卫国军魂_港_    Wreaths at t.jpg | 大小：17.1KB
2026-05-14 11:56:11 - douban_crawler - selenium_crawler.py:134 - INFO - 详情页爬取成功：https://movie.douban.com/subject/1422283/ | 短评数：5
2026-05-14 11:56:11 - douban_crawler - image_downloader.py:96 - INFO - 图片下载成功：小丑 小丑起源电影：罗密欧    Romeo.jpg | 大小：16.6KB
2026-05-14 11:56:21 - douban_crawler - selenium_crawler.py:134 - INFO - 详情页爬取成功：https://movie.douban.com/subject/27119724/ | 短评数：5
2026-05-14 11:56:21 - douban_crawler - image_downloader.py:96 - INFO - 图片下载成功：谍影重重3 叛谍追击3：最后通牒_港_    神鬼认证：最后.jpg | 大小：12.6KB
2026-05-14 11:56:30 - douban_crawler - selenium_crawler.py:134 - INFO - 详情页爬取成功：https://movie.douban.com/subject/1578507/ | 短评数：5
2026-05-14 11:56:30 - douban_crawler - image_downloader.py:96 - INFO - 图片下载成功：三块广告牌 广告牌杀人事件_港_    意外_台_.jpg | 大小：9.9KB
2026-05-14 11:56:38 - douban_crawler - selenium_crawler.py:134 - INFO - 详情页爬取成功：https://movie.douban.com/subject/26611804/ | 短评数：5
2026-05-14 11:56:38 - douban_crawler - image_downloader.py:96 - INFO - 图片下载成功：电锯惊魂 恐惧斗室_港_    夺魂锯_台_.jpg | 大小：11.6KB
2026-05-14 11:56:46 - douban_crawler - selenium_crawler.py:134 - INFO - 详情页爬取成功：https://movie.douban.com/subject/1417598/ | 短评数：5
2026-05-14 11:56:46 - douban_crawler - image_downloader.py:96 - INFO - 图片下载成功：无间道2 无间道前传    Infernal Affairs.jpg | 大小：16.5KB
2026-05-14 11:56:55 - douban_crawler - selenium_crawler.py:134 - INFO - 详情页爬取成功：https://movie.douban.com/subject/1307106/ | 短评数：5
2026-05-14 11:56:55 - douban_crawler - requests_crawler.py:106 - INFO - 成功爬取：https://movie.douban.com/top250?start=150&filter= | 总数：25 | 成功解析：25
2026-05-14 11:56:55 - douban_crawler - base_crawler.py:19 - INFO - 休眠 2.54 秒
2026-05-14 11:56:58 - douban_crawler - image_downloader.py:96 - INFO - 图片下载成功：达拉斯买家俱乐部 续命枭雄_港_    药命俱乐部_台_.jpg | 大小：12.2KB
2026-05-14 11:57:06 - douban_crawler - selenium_crawler.py:134 - INFO - 详情页爬取成功：https://movie.douban.com/subject/1793929/ | 短评数：5
2026-05-14 11:57:06 - douban_crawler - image_downloader.py:96 - INFO - 图片下载成功：疯狂原始人 古鲁家族_港  台_.jpg | 大小：28.4KB
2026-05-14 11:57:14 - douban_crawler - selenium_crawler.py:134 - INFO - 详情页爬取成功：https://movie.douban.com/subject/1907966/ | 短评数：5
2026-05-14 11:57:14 - douban_crawler - image_downloader.py:96 - INFO - 图片下载成功：绿里奇迹 绿色奇迹_台_    绿色英里.jpg | 大小：13.1KB
2026-05-14 11:57:22 - douban_crawler - selenium_crawler.py:134 - INFO - 详情页爬取成功：https://movie.douban.com/subject/1300374/ | 短评数：5
2026-05-14 11:57:22 - douban_crawler - image_downloader.py:96 - INFO - 图片下载成功：爱在午夜降临前 情约半生_港_    爱在午夜希腊时_台_.jpg | 大小：19.2KB
2026-05-14 11:57:31 - douban_crawler - selenium_crawler.py:134 - INFO - 详情页爬取成功：https://movie.douban.com/subject/10808442/ | 短评数：5
2026-05-14 11:57:31 - douban_crawler - image_downloader.py:96 - INFO - 图片下载成功：疯狂的石头 Crazy Stone.jpg | 大小：10.9KB
2026-05-14 11:57:40 - douban_crawler - selenium_crawler.py:134 - INFO - 详情页爬取成功：https://movie.douban.com/subject/1862151/ | 短评数：5
2026-05-14 11:57:40 - douban_crawler - image_downloader.py:96 - INFO - 图片下载成功：雨中曲 万花嬉春_港  台_.jpg | 大小：29.9KB
2026-05-14 11:57:47 - douban_crawler - selenium_crawler.py:134 - INFO - 详情页爬取成功：https://movie.douban.com/subject/1293460/ | 短评数：5
2026-05-14 11:57:47 - douban_crawler - image_downloader.py:96 - INFO - 图片下载成功：2001太空漫游 2001：星际漫游    2001：太空奥.jpg | 大小：24.0KB
2026-05-14 11:57:56 - douban_crawler - selenium_crawler.py:134 - INFO - 详情页爬取成功：https://movie.douban.com/subject/1292226/ | 短评数：5
2026-05-14 11:57:56 - douban_crawler - image_downloader.py:96 - INFO - 图片下载成功：海街日记 海街女孩日记_港_    Kamakura Dia.jpg | 大小：18.0KB
2026-05-14 11:58:04 - douban_crawler - selenium_crawler.py:134 - INFO - 详情页爬取成功：https://movie.douban.com/subject/25895901/ | 短评数：5
2026-05-14 11:58:04 - douban_crawler - image_downloader.py:96 - INFO - 图片下载成功：风之谷 风谷少女    Kaze no tani no Na.jpg | 大小：17.4KB
2026-05-14 11:58:12 - douban_crawler - selenium_crawler.py:134 - INFO - 详情页爬取成功：https://movie.douban.com/subject/1291585/ | 短评数：5
2026-05-14 11:58:13 - douban_crawler - image_downloader.py:96 - INFO - 图片下载成功：上帝之城 无主之城_港_    无法无天_台_.jpg | 大小：20.5KB
2026-05-14 11:58:21 - douban_crawler - selenium_crawler.py:134 - INFO - 详情页爬取成功：https://movie.douban.com/subject/1292208/ | 短评数：5
2026-05-14 11:58:21 - douban_crawler - image_downloader.py:96 - INFO - 图片下载成功：心迷宫 殡棺    The Coffin in the Mo.jpg | 大小：31.8KB
2026-05-14 11:58:31 - douban_crawler - selenium_crawler.py:134 - INFO - 详情页爬取成功：https://movie.douban.com/subject/25917973/ | 短评数：5
2026-05-14 11:58:31 - douban_crawler - image_downloader.py:96 - INFO - 图片下载成功：英雄本色 A Better Tomorrow    Gang.jpg | 大小：22.7KB
2026-05-14 11:58:40 - douban_crawler - selenium_crawler.py:134 - INFO - 详情页爬取成功：https://movie.douban.com/subject/1297574/ | 短评数：5
2026-05-14 11:58:40 - douban_crawler - image_downloader.py:96 - INFO - 图片下载成功：记忆碎片 凶心人_港_    记忆拼图_台_.jpg | 大小：20.0KB
2026-05-14 11:58:47 - douban_crawler - selenium_crawler.py:134 - INFO - 详情页爬取成功：https://movie.douban.com/subject/1304447/ | 短评数：5
2026-05-14 11:58:47 - douban_crawler - image_downloader.py:96 - INFO - 图片下载成功：纵横四海 Once a Thief.jpg | 大小：21.8KB
2026-05-14 11:58:56 - douban_crawler - selenium_crawler.py:134 - INFO - 详情页爬取成功：https://movie.douban.com/subject/1295409/ | 短评数：5
2026-05-14 11:58:56 - douban_crawler - image_downloader.py:96 - INFO - 图片下载成功：无敌破坏王 破坏王拉尔夫    破坏王大冒险.jpg | 大小：22.1KB
2026-05-14 11:59:05 - douban_crawler - selenium_crawler.py:134 - INFO - 详情页爬取成功：https://movie.douban.com/subject/6534248/ | 短评数：5
2026-05-14 11:59:05 - douban_crawler - image_downloader.py:96 - INFO - 图片下载成功：卢旺达饭店 卢安达饭店_台_.jpg | 大小：13.0KB
2026-05-14 11:59:13 - douban_crawler - selenium_crawler.py:134 - INFO - 详情页爬取成功：https://movie.douban.com/subject/1291822/ | 短评数：5
2026-05-14 11:59:13 - douban_crawler - image_downloader.py:96 - INFO - 图片下载成功：牯岭街少年杀人事件 A Brighter Summer Da.jpg | 大小：15.9KB
2026-05-14 11:59:19 - douban_crawler - selenium_crawler.py:134 - INFO - 详情页爬取成功：https://movie.douban.com/subject/1292329/ | 短评数：5
2026-05-14 11:59:19 - douban_crawler - image_downloader.py:96 - INFO - 图片下载成功：恐怖游轮 汪洋血迷宮_台_    轮回三角.jpg | 大小：21.3KB
2026-05-14 11:59:28 - douban_crawler - selenium_crawler.py:134 - INFO - 详情页爬取成功：https://movie.douban.com/subject/3011051/ | 短评数：5
2026-05-14 11:59:28 - douban_crawler - image_downloader.py:96 - INFO - 图片下载成功：东京教父 Tokyo Godfathers.jpg | 大小：33.1KB
2026-05-14 11:59:36 - douban_crawler - selenium_crawler.py:134 - INFO - 详情页爬取成功：https://movie.douban.com/subject/1310177/ | 短评数：5
2026-05-14 11:59:36 - douban_crawler - image_downloader.py:96 - INFO - 图片下载成功：小偷家族 Shoplifters    Une Affair.jpg | 大小：29.1KB
2026-05-14 11:59:44 - douban_crawler - selenium_crawler.py:134 - INFO - 详情页爬取成功：https://movie.douban.com/subject/27622447/ | 短评数：5
2026-05-14 11:59:45 - douban_crawler - image_downloader.py:96 - INFO - 图片下载成功：魔女宅急便 魔女琪琪_台_    小魔女限时专送.jpg | 大小：12.1KB
2026-05-14 11:59:52 - douban_crawler - selenium_crawler.py:134 - INFO - 详情页爬取成功：https://movie.douban.com/subject/1307811/ | 短评数：5
2026-05-14 11:59:52 - douban_crawler - image_downloader.py:96 - INFO - 图片下载成功：冰川时代 冰河世纪    冰原历险记.jpg | 大小：12.8KB
2026-05-14 12:00:00 - douban_crawler - selenium_crawler.py:134 - INFO - 详情页爬取成功：https://movie.douban.com/subject/1291578/ | 短评数：5
2026-05-14 12:00:01 - douban_crawler - image_downloader.py:96 - INFO - 图片下载成功：芙蓉镇 Hibiscus Town.jpg | 大小：26.0KB
2026-05-14 12:00:07 - douban_crawler - selenium_crawler.py:134 - INFO - 详情页爬取成功：https://movie.douban.com/subject/1297880/ | 短评数：5
2026-05-14 12:00:07 - douban_crawler - image_downloader.py:96 - INFO - 图片下载成功：忠犬八公物语 八千公物语    阿八的故事.jpg | 大小：11.1KB
2026-05-14 12:00:14 - douban_crawler - selenium_crawler.py:134 - INFO - 详情页爬取成功：https://movie.douban.com/subject/1959195/ | 短评数：5
2026-05-14 12:00:14 - douban_crawler - image_downloader.py:96 - INFO - 图片下载成功：岁月神偷 1969太空漫游    Echoes Of The.jpg | 大小：21.3KB
2026-05-14 12:00:24 - douban_crawler - selenium_crawler.py:134 - INFO - 详情页爬取成功：https://movie.douban.com/subject/3792799/ | 短评数：5
2026-05-14 12:00:24 - douban_crawler - requests_crawler.py:106 - INFO - 成功爬取：https://movie.douban.com/top250?start=175&filter= | 总数：25 | 成功解析：25
2026-05-14 12:00:24 - douban_crawler - base_crawler.py:19 - INFO - 休眠 3.13 秒
2026-05-14 12:00:27 - douban_crawler - image_downloader.py:96 - INFO - 图片下载成功：遗愿清单 玩转身前事_港_    一路玩到挂_台_.jpg | 大小：15.9KB
2026-05-14 12:00:35 - douban_crawler - selenium_crawler.py:134 - INFO - 详情页爬取成功：https://movie.douban.com/subject/1867345/ | 短评数：5
2026-05-14 12:00:35 - douban_crawler - image_downloader.py:96 - INFO - 图片下载成功：荒蛮故事 蛮荒故事    生命中最抓狂的小事_台_.jpg | 大小：23.2KB
2026-05-14 12:00:43 - douban_crawler - selenium_crawler.py:134 - INFO - 详情页爬取成功：https://movie.douban.com/subject/24750126/ | 短评数：5
2026-05-14 12:00:43 - douban_crawler - image_downloader.py:96 - INFO - 图片下载成功：大佛普拉斯 The Great Buddha_.jpg | 大小：17.2KB
2026-05-14 12:00:51 - douban_crawler - selenium_crawler.py:134 - INFO - 详情页爬取成功：https://movie.douban.com/subject/27059130/ | 短评数：5
2026-05-14 12:00:51 - douban_crawler - image_downloader.py:96 - INFO - 图片下载成功：源代码 启动原始码_台_    危机解密_港_.jpg | 大小：23.3KB
2026-05-14 12:00:58 - douban_crawler - selenium_crawler.py:134 - INFO - 详情页爬取成功：https://movie.douban.com/subject/3075287/ | 短评数：5
2026-05-14 12:00:58 - douban_crawler - image_downloader.py:96 - INFO - 图片下载成功：花束般的恋爱 她和他的恋爱花期_港_    爱如花束 恋恋不.jpg | 大小：17.3KB
2026-05-14 12:01:06 - douban_crawler - selenium_crawler.py:134 - INFO - 详情页爬取成功：https://movie.douban.com/subject/34874432/ | 短评数：5
2026-05-14 12:01:06 - douban_crawler - image_downloader.py:96 - INFO - 图片下载成功：白日梦想家 发梦王大历险_港_    白日梦冒险王_台_.jpg | 大小：26.8KB
2026-05-14 12:01:16 - douban_crawler - selenium_crawler.py:134 - INFO - 详情页爬取成功：https://movie.douban.com/subject/2133323/ | 短评数：5
2026-05-14 12:01:16 - douban_crawler - image_downloader.py:96 - INFO - 图片下载成功：爱乐之城 星声梦里人_港_    乐来越爱你_台_.jpg | 大小：15.1KB
2026-05-14 12:01:25 - douban_crawler - selenium_crawler.py:134 - INFO - 详情页爬取成功：https://movie.douban.com/subject/25934014/ | 短评数：5
2026-05-14 12:01:25 - douban_crawler - image_downloader.py:96 - INFO - 图片下载成功：疯狂的麦克斯4：狂暴之路 末日先锋：战甲飞车_港_    疯.jpg | 大小：25.8KB
2026-05-14 12:01:33 - douban_crawler - selenium_crawler.py:134 - INFO - 详情页爬取成功：https://movie.douban.com/subject/3592854/ | 短评数：5
2026-05-14 12:01:33 - douban_crawler - image_downloader.py:96 - INFO - 图片下载成功：可可西里 Kekexili_ Mountain Patrol.jpg | 大小：12.0KB
2026-05-14 12:01:40 - douban_crawler - selenium_crawler.py:134 - INFO - 详情页爬取成功：https://movie.douban.com/subject/1308857/ | 短评数：5
2026-05-14 12:01:40 - douban_crawler - image_downloader.py:96 - INFO - 图片下载成功：你看起来好像很好吃 你看起来很好吃_台_    你看上去好像.jpg | 大小：27.7KB
2026-05-14 12:01:50 - douban_crawler - selenium_crawler.py:134 - INFO - 详情页爬取成功：https://movie.douban.com/subject/4848115/ | 短评数：5
2026-05-14 12:01:50 - douban_crawler - image_downloader.py:96 - INFO - 图片下载成功：贫民窟的百万富翁 一百万零一夜_港_    贫民百万富翁_台.jpg | 大小：19.6KB
2026-05-14 12:01:57 - douban_crawler - selenium_crawler.py:134 - INFO - 详情页爬取成功：https://movie.douban.com/subject/2209573/ | 短评数：5
2026-05-14 12:01:57 - douban_crawler - image_downloader.py:96 - INFO - 图片下载成功：波西米亚狂想曲 波希米亚狂想曲：摇滚传说_港_    波希米.jpg | 大小：13.1KB
2026-05-14 12:02:05 - douban_crawler - selenium_crawler.py:134 - INFO - 详情页爬取成功：https://movie.douban.com/subject/5300054/ | 短评数：5
2026-05-14 12:02:05 - douban_crawler - image_downloader.py:96 - INFO - 图片下载成功：城市之光 City Lights_ A Comedy Rom.jpg | 大小：16.8KB
2026-05-14 12:02:14 - douban_crawler - selenium_crawler.py:134 - INFO - 详情页爬取成功：https://movie.douban.com/subject/1293908/ | 短评数：5
2026-05-14 12:02:14 - douban_crawler - image_downloader.py:96 - INFO - 图片下载成功：爆裂鼓手 鼓动真我_港_    进击的鼓手_台_.jpg | 大小：7.1KB
2026-05-14 12:02:22 - douban_crawler - selenium_crawler.py:134 - INFO - 详情页爬取成功：https://movie.douban.com/subject/25773932/ | 短评数：5
2026-05-14 12:02:22 - douban_crawler - image_downloader.py:96 - INFO - 图片下载成功：青蛇 Green Snake.jpg | 大小：13.4KB
2026-05-14 12:02:30 - douban_crawler - selenium_crawler.py:134 - INFO - 详情页爬取成功：https://movie.douban.com/subject/1303394/ | 短评数：5
2026-05-14 12:02:30 - douban_crawler - image_downloader.py:96 - INFO - 图片下载成功：哈利·波特与死亡圣器_上_ 哈利波特7：死神的圣物1_港.jpg | 大小：23.8KB
2026-05-14 12:02:40 - douban_crawler - selenium_crawler.py:134 - INFO - 详情页爬取成功：https://movie.douban.com/subject/2051007/ | 短评数：5
2026-05-14 12:02:40 - douban_crawler - image_downloader.py:96 - INFO - 图片下载成功：无耻混蛋 希魔撞正杀人狂_港_    恶棍特工_台_.jpg | 大小：38.1KB
2026-05-14 12:02:48 - douban_crawler - selenium_crawler.py:134 - INFO - 详情页爬取成功：https://movie.douban.com/subject/1438652/ | 短评数：5
2026-05-14 12:02:48 - douban_crawler - image_downloader.py:96 - INFO - 图片下载成功：东邪西毒 Ashes of Time.jpg | 大小：18.4KB
2026-05-14 12:02:57 - douban_crawler - selenium_crawler.py:134 - INFO - 详情页爬取成功：https://movie.douban.com/subject/1292328/ | 短评数：5
2026-05-14 12:02:57 - douban_crawler - image_downloader.py:96 - INFO - 图片下载成功：大红灯笼高高挂 Raise The Red Lantern.jpg | 大小：20.6KB
2026-05-14 12:03:06 - douban_crawler - selenium_crawler.py:134 - INFO - 详情页爬取成功：https://movie.douban.com/subject/1293323/ | 短评数：5
2026-05-14 12:03:06 - douban_crawler - image_downloader.py:96 - INFO - 图片下载成功：终结者2：审判日 未来战士2_港_    魔鬼终结者2_台_.jpg | 大小：21.5KB
2026-05-14 12:03:15 - douban_crawler - selenium_crawler.py:134 - INFO - 详情页爬取成功：https://movie.douban.com/subject/1291844/ | 短评数：5
2026-05-14 12:03:15 - douban_crawler - image_downloader.py:96 - INFO - 图片下载成功：黑天鹅 夺命黑天鹅    霸王别鹅_豆友译名_.jpg | 大小：11.8KB
2026-05-14 12:03:24 - douban_crawler - selenium_crawler.py:134 - INFO - 详情页爬取成功：https://movie.douban.com/subject/1978709/ | 短评数：5
2026-05-14 12:03:24 - douban_crawler - image_downloader.py:96 - INFO - 图片下载成功：新龙门客栈 New Dragon Gate Inn.jpg | 大小：23.6KB
2026-05-14 12:03:32 - douban_crawler - selenium_crawler.py:134 - INFO - 详情页爬取成功：https://movie.douban.com/subject/1292287/ | 短评数：5
2026-05-14 12:03:32 - douban_crawler - image_downloader.py:96 - INFO - 图片下载成功：初恋这件小事 初恋那件小事_港_    暗恋那点小事.jpg | 大小：24.0KB
2026-05-14 12:03:40 - douban_crawler - selenium_crawler.py:134 - INFO - 详情页爬取成功：https://movie.douban.com/subject/4739952/ | 短评数：5
2026-05-14 12:03:40 - douban_crawler - image_downloader.py:96 - INFO - 图片下载成功：千钧一发 变种异煞_港_    自然人.jpg | 大小：12.0KB
2026-05-14 12:03:47 - douban_crawler - selenium_crawler.py:134 - INFO - 详情页爬取成功：https://movie.douban.com/subject/1300117/ | 短评数：5
2026-05-14 12:03:47 - douban_crawler - image_downloader.py:96 - INFO - 图片下载成功：人工智能 AI人工智慧.jpg | 大小：7.5KB
2026-05-14 12:03:55 - douban_crawler - selenium_crawler.py:134 - INFO - 详情页爬取成功：https://movie.douban.com/subject/1302827/ | 短评数：5
2026-05-14 12:03:55 - douban_crawler - requests_crawler.py:106 - INFO - 成功爬取：https://movie.douban.com/top250?start=200&filter= | 总数：25 | 成功解析：25
2026-05-14 12:03:55 - douban_crawler - base_crawler.py:19 - INFO - 休眠 3.92 秒
2026-05-14 12:04:00 - douban_crawler - image_downloader.py:96 - INFO - 图片下载成功：崖上的波妞 悬崖上的金鱼姬    悬崖上的金鱼公主.jpg | 大小：23.5KB
2026-05-14 12:04:09 - douban_crawler - selenium_crawler.py:134 - INFO - 详情页爬取成功：https://movie.douban.com/subject/1959877/ | 短评数：5
2026-05-14 12:04:09 - douban_crawler - image_downloader.py:96 - INFO - 图片下载成功：雨人 手足情未了_港_    手足情深.jpg | 大小：15.5KB
2026-05-14 12:04:17 - douban_crawler - selenium_crawler.py:134 - INFO - 详情页爬取成功：https://movie.douban.com/subject/1291870/ | 短评数：5
2026-05-14 12:04:18 - douban_crawler - image_downloader.py:96 - INFO - 图片下载成功：虎口脱险 横冲直撞出重围_港_    大進擊_台_.jpg | 大小：21.2KB
2026-05-14 12:04:26 - douban_crawler - selenium_crawler.py:134 - INFO - 详情页爬取成功：https://movie.douban.com/subject/1296909/ | 短评数：5
2026-05-14 12:04:26 - douban_crawler - image_downloader.py:96 - INFO - 图片下载成功：哈利·波特与凤凰社 哈利波特5：凤凰会的密令_港  台_.jpg | 大小：25.7KB
2026-05-14 12:04:35 - douban_crawler - selenium_crawler.py:134 - INFO - 详情页爬取成功：https://movie.douban.com/subject/1457217/ | 短评数：5
2026-05-14 12:04:35 - douban_crawler - image_downloader.py:96 - INFO - 图片下载成功：彗星来的那一夜 相干性    相干效应.jpg | 大小：14.2KB
2026-05-14 12:04:42 - douban_crawler - selenium_crawler.py:134 - INFO - 详情页爬取成功：https://movie.douban.com/subject/25807345/ | 短评数：5
2026-05-14 12:04:43 - douban_crawler - image_downloader.py:96 - INFO - 图片下载成功：罗生门 Rashomon.jpg | 大小：20.5KB
2026-05-14 12:04:53 - douban_crawler - selenium_crawler.py:134 - INFO - 详情页爬取成功：https://movie.douban.com/subject/1291879/ | 短评数：5
2026-05-14 12:04:53 - douban_crawler - image_downloader.py:96 - INFO - 图片下载成功：海边的曼彻斯特 情系海边之城_港_.jpg | 大小：13.9KB
2026-05-14 12:05:01 - douban_crawler - selenium_crawler.py:134 - INFO - 详情页爬取成功：https://movie.douban.com/subject/25980443/ | 短评数：5
2026-05-14 12:05:01 - douban_crawler - image_downloader.py:96 - INFO - 图片下载成功：恋恋笔记本 忘了·忘不了_港_    手札情缘_台_.jpg | 大小：26.1KB
2026-05-14 12:05:09 - douban_crawler - selenium_crawler.py:134 - INFO - 详情页爬取成功：https://movie.douban.com/subject/1309163/ | 短评数：5
2026-05-14 12:05:09 - douban_crawler - image_downloader.py:96 - INFO - 图片下载成功：火星救援 火星任务_港_    绝地救援_台_.jpg | 大小：18.6KB
2026-05-14 12:05:17 - douban_crawler - selenium_crawler.py:134 - INFO - 详情页爬取成功：https://movie.douban.com/subject/25864085/ | 短评数：5
2026-05-14 12:05:17 - douban_crawler - image_downloader.py:96 - INFO - 图片下载成功：真爱至上 真的恋爱了_港_    爱是您，爱是我_台_.jpg | 大小：26.1KB
2026-05-14 12:05:27 - douban_crawler - selenium_crawler.py:134 - INFO - 详情页爬取成功：https://movie.douban.com/subject/1292401/ | 短评数：5
2026-05-14 12:05:27 - douban_crawler - image_downloader.py:96 - INFO - 图片下载成功：黑客帝国2：重装上阵 22世纪杀人网络2：决战未来_港_.jpg | 大小：19.9KB
2026-05-14 12:05:34 - douban_crawler - selenium_crawler.py:134 - INFO - 详情页爬取成功：https://movie.douban.com/subject/1304141/ | 短评数：5
2026-05-14 12:05:34 - douban_crawler - image_downloader.py:96 - INFO - 图片下载成功：冰雪奇缘 魔雪奇缘_港_    冰雪大冒险.jpg | 大小：24.8KB
2026-05-14 12:05:44 - douban_crawler - selenium_crawler.py:134 - INFO - 详情页爬取成功：https://movie.douban.com/subject/4202982/ | 短评数：5
2026-05-14 12:05:44 - douban_crawler - image_downloader.py:96 - INFO - 图片下载成功：步履不停 横山家之味_港  台_.jpg | 大小：17.5KB
2026-05-14 12:05:53 - douban_crawler - selenium_crawler.py:134 - INFO - 详情页爬取成功：https://movie.douban.com/subject/2222996/ | 短评数：5
2026-05-14 12:05:53 - douban_crawler - image_downloader.py:96 - INFO - 图片下载成功：奇迹男孩 奇迹.jpg | 大小：32.0KB
2026-05-14 12:06:01 - douban_crawler - selenium_crawler.py:134 - INFO - 详情页爬取成功：https://movie.douban.com/subject/26787574/ | 短评数：5
2026-05-14 12:06:01 - douban_crawler - image_downloader.py:96 - INFO - 图片下载成功：千年女优 Millennium Actress.jpg | 大小：29.8KB
2026-05-14 12:06:08 - douban_crawler - selenium_crawler.py:134 - INFO - 详情页爬取成功：https://movie.douban.com/subject/1307394/ | 短评数：5
2026-05-14 12:06:08 - douban_crawler - image_downloader.py:96 - INFO - 图片下载成功：谍影重重2 叛谍追击2：机密圈套_港_    神鬼认证：神鬼.jpg | 大小：15.8KB
2026-05-14 12:06:17 - douban_crawler - selenium_crawler.py:134 - INFO - 详情页爬取成功：https://movie.douban.com/subject/1308767/ | 短评数：5
2026-05-14 12:06:18 - douban_crawler - image_downloader.py:96 - INFO - 图片下载成功：战争之王 军火之王_台  港_.jpg | 大小：24.5KB
2026-05-14 12:06:26 - douban_crawler - selenium_crawler.py:134 - INFO - 详情页爬取成功：https://movie.douban.com/subject/1419936/ | 短评数：5
2026-05-14 12:06:26 - douban_crawler - image_downloader.py:96 - INFO - 图片下载成功：蜘蛛侠：平行宇宙 蜘蛛侠：新纪元    蜘蛛人：新宇宙_台_.jpg | 大小：20.9KB
2026-05-14 12:06:34 - douban_crawler - selenium_crawler.py:134 - INFO - 详情页爬取成功：https://movie.douban.com/subject/26374197/ | 短评数：5
2026-05-14 12:06:34 - douban_crawler - image_downloader.py:96 - INFO - 图片下载成功：攻壳机动队 Ghost in the Shell.jpg | 大小：29.3KB
2026-05-14 12:06:42 - douban_crawler - selenium_crawler.py:134 - INFO - 详情页爬取成功：https://movie.douban.com/subject/1291936/ | 短评数：5
2026-05-14 12:06:42 - douban_crawler - image_downloader.py:96 - INFO - 图片下载成功：血钻 血钻石_台_    血腥钻石.jpg | 大小：26.0KB
2026-05-14 12:06:51 - douban_crawler - selenium_crawler.py:134 - INFO - 详情页爬取成功：https://movie.douban.com/subject/1428175/ | 短评数：5
2026-05-14 12:06:51 - douban_crawler - image_downloader.py:96 - INFO - 图片下载成功：小姐 下女诱罪_港_    下女的诱惑_台_.jpg | 大小：13.5KB
2026-05-14 12:07:00 - douban_crawler - selenium_crawler.py:134 - INFO - 详情页爬取成功：https://movie.douban.com/subject/25977027/ | 短评数：5
2026-05-14 12:07:00 - douban_crawler - image_downloader.py:96 - INFO - 图片下载成功：隐藏人物 NASA无名英雌_港_    关键少数_台_.jpg | 大小：20.6KB
2026-05-14 12:07:07 - douban_crawler - selenium_crawler.py:134 - INFO - 详情页爬取成功：https://movie.douban.com/subject/26615208/ | 短评数：5
2026-05-14 12:07:07 - douban_crawler - image_downloader.py:96 - INFO - 图片下载成功：血观音 修罗花    The Bold, the Corru.jpg | 大小：29.0KB
2026-05-14 12:07:15 - douban_crawler - selenium_crawler.py:134 - INFO - 详情页爬取成功：https://movie.douban.com/subject/27113517/ | 短评数：5
2026-05-14 12:07:15 - douban_crawler - image_downloader.py:96 - INFO - 图片下载成功：魂断蓝桥 滑铁卢桥    断桥残梦.jpg | 大小：18.7KB
2026-05-14 12:07:24 - douban_crawler - selenium_crawler.py:134 - INFO - 详情页爬取成功：https://movie.douban.com/subject/1293964/ | 短评数：5
2026-05-14 12:07:24 - douban_crawler - image_downloader.py:96 - INFO - 图片下载成功：房间 不存在的房间_台_    抖室_港_.jpg | 大小：17.7KB
2026-05-14 12:07:33 - douban_crawler - selenium_crawler.py:134 - INFO - 详情页爬取成功：https://movie.douban.com/subject/25724855/ | 短评数：5
2026-05-14 12:07:33 - douban_crawler - requests_crawler.py:106 - INFO - 成功爬取：https://movie.douban.com/top250?start=225&filter= | 总数：25 | 成功解析：25
2026-05-14 12:07:33 - douban_crawler - base_crawler.py:19 - INFO - 休眠 2.52 秒
2026-05-14 12:07:35 - douban_crawler - requests_crawler.py:204 - INFO - 爬取完成 | 电影总数：250 | 评论总数：1250
2026-05-14 12:07:35 - douban_crawler - requests_crawler.py:217 - INFO - 原始数据保存成功：data/raw\douban_top250_raw.json | 数据量：250
2026-05-14 12:07:35 - douban_crawler - main.py:27 - INFO - 📌 开始将数据存入MySQL数据库...
2026-05-14 12:07:35 - douban_crawler - mysql_handler.py:21 - INFO - 初始化MySQL连接...
2026-05-14 12:07:35 - douban_crawler - mysql_handler.py:40 - INFO - MySQL连接成功
2026-05-14 12:07:35 - douban_crawler - mysql_handler.py:66 - INFO - 找到SQL文件：d:\douban_movie_crawler\db\create_tables.sql
2026-05-14 12:07:35 - douban_crawler - mysql_handler.py:79 - WARNING - 执行SQL警告：(1101, "BLOB, TEXT, GEOMETRY or JSON column 'info' can't have a default value")
2026-05-14 12:07:35 - douban_crawler - mysql_handler.py:79 - WARNING - 执行SQL警告：(1824, "Failed to open the referenced table 'movies'")
2026-05-14 12:07:35 - douban_crawler - mysql_handler.py:80 - INFO - 通过SQL文件建表成功！
2026-05-14 12:07:35 - douban_crawler - mysql_handler.py:88 - INFO - 数据库表：[]
2026-05-14 12:07:35 - douban_crawler - mysql_handler.py:57 - ERROR - 数据库操作失败：(1146, "Table 'douban.movies' doesn't exist")
2026-05-14 12:07:35 - douban_crawler - main.py:48 - ERROR - ❌ 数据库存储失败：(1146, "Table 'douban.movies' doesn't exist")
2026-05-14 12:07:35 - douban_crawler - main.py:49 - ERROR - Traceback (most recent call last):
  File "d:\douban_movie_crawler\main.py", line 37, in main
    mysql_handler.insert_movie_batch(movies)
  File "d:\douban_movie_crawler\db\mysql_handler.py", line 135, in insert_movie_batch
    cursor.execute("TRUNCATE TABLE movies;")
  File "D:\Anaconda\Lib\site-packages\pymysql\cursors.py", line 153, in execute
    result = self._query(query)
             ^^^^^^^^^^^^^^^^^^
  File "D:\Anaconda\Lib\site-packages\pymysql\cursors.py", line 322, in _query
    conn.query(q)
  File "D:\Anaconda\Lib\site-packages\pymysql\connections.py", line 563, in query
    self._affected_rows = self._read_query_result(unbuffered=unbuffered)
                          ^^^^^^^^^^^^^^^^^^^^^^^^^^^^^^^^^^^^^^^^^^^^^^
  File "D:\Anaconda\Lib\site-packages\pymysql\connections.py", line 825, in _read_query_result
    result.read()
  File "D:\Anaconda\Lib\site-packages\pymysql\connections.py", line 1199, in read
    first_packet = self.connection._read_packet()
                   ^^^^^^^^^^^^^^^^^^^^^^^^^^^^^^
  File "D:\Anaconda\Lib\site-packages\pymysql\connections.py", line 775, in _read_packet
    packet.raise_for_error()
  File "D:\Anaconda\Lib\site-packages\pymysql\protocol.py", line 219, in raise_for_error
    err.raise_mysql_exception(self._data)
  File "D:\Anaconda\Lib\site-packages\pymysql\err.py", line 150, in raise_mysql_exception
    raise errorclass(errno, errval)
pymysql.err.ProgrammingError: (1146, "Table 'douban.movies' doesn't exist")

2026-05-14 12:07:35 - douban_crawler - mysql_handler.py:186 - INFO - MySQL连接已关闭
2026-05-14 12:07:39 - douban_crawler - selenium_crawler.py:166 - INFO - Selenium 已关闭
2026-05-14 12:07:39 - douban_crawler - requests_crawler.py:240 - INFO - 爬虫资源已全部释放
2026-05-14 12:07:39 - douban_crawler - main.py:55 - INFO - 📌 开始数据清洗...
2026-05-14 12:07:39 - douban_crawler - data_cleaner.py:26 - INFO - 原始数据加载完成，共250条
2026-05-14 12:07:39 - douban_crawler - data_cleaner.py:37 - INFO - 开始数据清洗...
2026-05-14 12:07:39 - douban_crawler - data_cleaner.py:38 - INFO - 清洗前缺失值统计：
rank_num       0
title          0
rating         0
comment_num    0
info           0
quote          0
detail_url     0
poster_path    0
year           0
runtime        0
imdb           0
dtype: int64
2026-05-14 12:07:39 - douban_crawler - data_cleaner.py:65 - INFO - 清洗完成，剩余250条有效数据
2026-05-14 12:07:39 - douban_crawler - data_cleaner.py:66 - INFO - 清洗后缺失值统计：
rank_num       0
title          0
rating         0
comment_num    0
info           0
quote          0
detail_url     0
poster_path    0
year           0
runtime        0
imdb           0
director       0
genre          0
actors         0
dtype: int64
2026-05-14 12:07:39 - douban_crawler - data_cleaner.py:143 - INFO - 清洗后数据已保存到：data/processed
2026-05-14 12:07:39 - douban_crawler - main.py:72 - INFO - 📌 开始统计分析...
2026-05-14 12:07:39 - douban_crawler - main.py:75 - INFO - 📊 高分电影Top10：
2026-05-14 12:07:39 - douban_crawler - main.py:76 - INFO -  rank_num                                                 title  rating  comment_num  director
        1                           肖申克的救赎 月黑高飞(港)    刺激1995(台)     9.7      3285817  弗兰克·德拉邦特
        2                  霸王别姬 再见，我的妾    Farewell My Concubine     9.6      2424280       陈凯歌
       19                                       控方证人 雄才伟略    情妇     9.6       744110    比利·怀尔德
        3                                      泰坦尼克号 铁达尼号(港  台)     9.5      2499580   詹姆斯·卡梅隆
        6                  美丽人生 一个快乐的传说(港)    Life Is Beautiful     9.5      1482908   罗伯托·贝尼尼
        4                                          阿甘正传 福雷斯特·冈普     9.5      2431283  罗伯特·泽米吉斯
       11                             辛德勒的名单 舒特拉的名单(港)    辛德勒名单     9.5      1247666 史蒂文·斯皮尔伯格
      109                                       茶馆 The Teahouse     9.5       210941        谢添
      161         背靠背，脸对脸 背对背，脸对脸    Back to Back, Face to Face     9.5       181678       黄建新
      170 高山下的花环 卫国军魂(港)    Wreaths at the Foot of the Mountain     9.5       161564        谢晋
2026-05-14 12:07:39 - douban_crawler - main.py:80 - INFO - 📊 热门导演分布（Top15）：
2026-05-14 12:07:39 - douban_crawler - main.py:81 - INFO - director
宫崎骏            8
克里斯托弗·诺兰       6
史蒂文·斯皮尔伯格      6
李安             5
彼特·道格特         4
王家卫            4
大卫·芬奇          4
今敏             4
是枝裕和           4
詹姆斯·卡梅隆        3
弗朗西斯·福特·科波拉    3
刘镇伟            3
大卫·叶茨          3
理查德·林克莱特       3
昆汀·塔伦蒂诺        3
2026-05-14 12:07:39 - douban_crawler - main.py:85 - INFO - 📊 电影类型分布：
2026-05-14 12:07:39 - douban_crawler - main.py:86 - INFO - 未知类型    250
2026-05-14 12:07:39 - douban_crawler - main.py:90 - INFO - 📊 评分与评价人数相关系数：0.309
2026-05-14 12:07:39 - douban_crawler - main.py:93 - INFO - 📌 开始短评情感分析...
2026-05-14 12:07:39 - douban_crawler - main.py:105 - INFO - 从爬虫数据中补充短评...
2026-05-14 12:07:40 - douban_crawler - sentiment_analysis.py:22 - WARNING - 未找到自定义词典，使用默认分词
2026-05-14 12:07:52 - douban_crawler - main.py:116 - INFO - 📊 短评情感倾向统计：
2026-05-14 12:07:52 - douban_crawler - main.py:120 - INFO - 正面：1027条 (82.2%)
2026-05-14 12:07:52 - douban_crawler - main.py:120 - INFO - 中性：140条 (11.2%)
2026-05-14 12:07:52 - douban_crawler - main.py:120 - INFO - 负面：83条 (6.6%)
2026-05-14 12:07:52 - douban_crawler - main.py:124 - INFO - 📊 短评关键词Top20：
2026-05-14 12:07:52 - douban_crawler - main.py:125 - INFO - {'电影': 235, '我们': 140, '自己': 136, '这个': 106, '不是': 106, '故事': 101, '最后': 99, '还是': 86, '他们': 84, '什么': 80, '时候': 78, '知道': 78, '觉得': 77, '世界': 74, '看到': 72, '喜欢': 65, '这部': 62, '生活': 57, '那个': 55, '这样': 53}
2026-05-14 12:07:52 - douban_crawler - main.py:128 - INFO - 📌 开始生成可视化图表...
2026-05-14 12:07:55 - douban_crawler - visualization.py:52 - INFO - ✅ 评分分布直方图已生成
2026-05-14 12:07:55 - douban_crawler - visualization.py:78 - INFO - ✅ 类型饼图已生成
2026-05-14 12:07:55 - douban_crawler - main.py:145 - ERROR - ❌ 程序执行异常：No mappable was found to use for colorbar creation. First define a mappable such as an image (with imshow) or a contour set (with contourf).
2026-05-14 12:07:55 - douban_crawler - main.py:146 - ERROR - Traceback (most recent call last):
  File "d:\douban_movie_crawler\main.py", line 132, in main
    viz.plot_rating_comment_corr()  # 评分-评价人数散点图
    ^^^^^^^^^^^^^^^^^^^^^^^^^^^^^^
  File "d:\douban_movie_crawler\analysis\visualization.py", line 104, in plot_rating_comment_corr
    plt.colorbar(label='评分')
  File "D:\Anaconda\Lib\site-packages\matplotlib\pyplot.py", line 2529, in colorbar
    raise RuntimeError('No mappable was found to use for colorbar '
RuntimeError: No mappable was found to use for colorbar creation. First define a mappable such as an image (with imshow) or a contour set (with contourf).

2026-05-14 12:08:12 - douban_crawler - selenium_crawler.py:166 - INFO - Selenium 已关闭
2026-05-14 12:08:12 - douban_crawler - requests_crawler.py:240 - INFO - 爬虫资源已全部释放
