2026-05-14 16:26:16 - douban_crawler - main.py:14 - INFO - === 豆瓣电影Top250 爬虫分析系统启动 ===
2026-05-14 16:26:16 - douban_crawler - main.py:21 - INFO - 📌 开始爬取豆瓣Top250数据...
2026-05-14 16:26:16 - douban_crawler - proxy_pool.py:10 - INFO - 代理池为空，使用本地IP
2026-05-14 16:26:18 - douban_crawler - selenium_crawler.py:68 - INFO - Selenium 初始化成功
2026-05-14 16:26:18 - douban_crawler - requests_crawler.py:207 - INFO - 开始爬取豆瓣Top250全部数据...
2026-05-14 16:26:19 - douban_crawler - image_downloader.py:54 - INFO - 图片已存在且有效：肖申克的救赎 月黑高飞_港_    刺激1995_台_.jpg
2026-05-14 16:26:49 - douban_crawler - selenium_crawler.py:167 - WARNING - ⏳ 详情页加载超时（第1次）：https://movie.douban.com/subject/1292052/
2026-05-14 16:26:52 - douban_crawler - selenium_crawler.py:68 - INFO - Selenium 初始化成功
2026-05-14 16:27:11 - douban_crawler - selenium_crawler.py:138 - INFO - 找到 20 条短评
2026-05-14 16:27:12 - douban_crawler - selenium_crawler.py:162 - INFO - ✅ 详情页爬取成功：https://movie.douban.com/subject/1292052/ | 评论数：15
2026-05-14 16:27:12 - douban_crawler - image_downloader.py:54 - INFO - 图片已存在且有效：霸王别姬 再见，我的妾    Farewell My Con.jpg
2026-05-14 16:27:23 - douban_crawler - selenium_crawler.py:138 - INFO - 找到 20 条短评
2026-05-14 16:27:23 - douban_crawler - selenium_crawler.py:162 - INFO - ✅ 详情页爬取成功：https://movie.douban.com/subject/1291546/ | 评论数：15
2026-05-14 16:27:23 - douban_crawler - image_downloader.py:54 - INFO - 图片已存在且有效：泰坦尼克号 铁达尼号_港  台_.jpg
2026-05-14 16:27:33 - douban_crawler - selenium_crawler.py:138 - INFO - 找到 20 条短评
2026-05-14 16:27:33 - douban_crawler - selenium_crawler.py:162 - INFO - ✅ 详情页爬取成功：https://movie.douban.com/subject/1292722/ | 评论数：15
2026-05-14 16:27:33 - douban_crawler - image_downloader.py:54 - INFO - 图片已存在且有效：阿甘正传 福雷斯特·冈普.jpg
2026-05-14 16:27:43 - douban_crawler - selenium_crawler.py:138 - INFO - 找到 20 条短评
2026-05-14 16:27:44 - douban_crawler - selenium_crawler.py:162 - INFO - ✅ 详情页爬取成功：https://movie.douban.com/subject/1292720/ | 评论数：15
2026-05-14 16:27:44 - douban_crawler - image_downloader.py:54 - INFO - 图片已存在且有效：千与千寻 神隐少女_台_    千与千寻的神隐.jpg
2026-05-14 16:27:55 - douban_crawler - selenium_crawler.py:138 - INFO - 找到 20 条短评
2026-05-14 16:27:56 - douban_crawler - selenium_crawler.py:162 - INFO - ✅ 详情页爬取成功：https://movie.douban.com/subject/1291561/ | 评论数：15
2026-05-14 16:27:56 - douban_crawler - image_downloader.py:54 - INFO - 图片已存在且有效：美丽人生 一个快乐的传说_港_    Life Is Bea.jpg
2026-05-14 16:28:05 - douban_crawler - selenium_crawler.py:138 - INFO - 找到 20 条短评
2026-05-14 16:28:06 - douban_crawler - selenium_crawler.py:162 - INFO - ✅ 详情页爬取成功：https://movie.douban.com/subject/1292063/ | 评论数：15
2026-05-14 16:28:06 - douban_crawler - image_downloader.py:54 - INFO - 图片已存在且有效：星际穿越 星际启示录_港_    星际效应_台_.jpg
2026-05-14 16:28:16 - douban_crawler - selenium_crawler.py:138 - INFO - 找到 20 条短评
2026-05-14 16:28:17 - douban_crawler - selenium_crawler.py:162 - INFO - ✅ 详情页爬取成功：https://movie.douban.com/subject/1889243/ | 评论数：15
2026-05-14 16:28:17 - douban_crawler - image_downloader.py:54 - INFO - 图片已存在且有效：这个杀手不太冷 终极追杀令_台_    杀手莱昂.jpg
2026-05-14 16:28:28 - douban_crawler - selenium_crawler.py:138 - INFO - 找到 20 条短评
2026-05-14 16:28:28 - douban_crawler - selenium_crawler.py:162 - INFO - ✅ 详情页爬取成功：https://movie.douban.com/subject/1295644/ | 评论数：15
2026-05-14 16:28:28 - douban_crawler - image_downloader.py:54 - INFO - 图片已存在且有效：盗梦空间 潜行凶间_港_    全面启动_台_.jpg
2026-05-14 16:28:40 - douban_crawler - selenium_crawler.py:138 - INFO - 找到 20 条短评
2026-05-14 16:28:41 - douban_crawler - selenium_crawler.py:162 - INFO - ✅ 详情页爬取成功：https://movie.douban.com/subject/3541415/ | 评论数：15
2026-05-14 16:28:41 - douban_crawler - image_downloader.py:54 - INFO - 图片已存在且有效：楚门的世界 真人Show_港_    真人戏.jpg
2026-05-14 16:28:51 - douban_crawler - selenium_crawler.py:138 - INFO - 找到 20 条短评
2026-05-14 16:28:52 - douban_crawler - selenium_crawler.py:162 - INFO - ✅ 详情页爬取成功：https://movie.douban.com/subject/1292064/ | 评论数：15
2026-05-14 16:28:52 - douban_crawler - image_downloader.py:54 - INFO - 图片已存在且有效：辛德勒的名单 舒特拉的名单_港_    辛德勒名单.jpg
2026-05-14 16:29:00 - douban_crawler - selenium_crawler.py:138 - INFO - 找到 20 条短评
2026-05-14 16:29:01 - douban_crawler - selenium_crawler.py:162 - INFO - ✅ 详情页爬取成功：https://movie.douban.com/subject/1295124/ | 评论数：15
2026-05-14 16:29:01 - douban_crawler - image_downloader.py:54 - INFO - 图片已存在且有效：忠犬八公的故事 秋田犬八千_港_    忠犬小八_台_.jpg
2026-05-14 16:29:11 - douban_crawler - selenium_crawler.py:138 - INFO - 找到 20 条短评
2026-05-14 16:29:11 - douban_crawler - selenium_crawler.py:162 - INFO - ✅ 详情页爬取成功：https://movie.douban.com/subject/3011091/ | 评论数：15
2026-05-14 16:29:11 - douban_crawler - image_downloader.py:54 - INFO - 图片已存在且有效：海上钢琴师 声光伴我飞_港_    一九零零的传奇.jpg
2026-05-14 16:29:22 - douban_crawler - selenium_crawler.py:138 - INFO - 找到 20 条短评
2026-05-14 16:29:22 - douban_crawler - selenium_crawler.py:162 - INFO - ✅ 详情页爬取成功：https://movie.douban.com/subject/1292001/ | 评论数：15
2026-05-14 16:29:22 - douban_crawler - image_downloader.py:54 - INFO - 图片已存在且有效：疯狂动物城 优兽大都会_港_    动物方城市_台_.jpg
2026-05-14 16:29:35 - douban_crawler - selenium_crawler.py:138 - INFO - 找到 20 条短评
2026-05-14 16:29:35 - douban_crawler - selenium_crawler.py:162 - INFO - ✅ 详情页爬取成功：https://movie.douban.com/subject/25662329/ | 评论数：15
2026-05-14 16:29:35 - douban_crawler - image_downloader.py:54 - INFO - 图片已存在且有效：三傻大闹宝莱坞 三个傻瓜_台_    作死不离3兄弟_港_.jpg
2026-05-14 16:29:46 - douban_crawler - selenium_crawler.py:138 - INFO - 找到 20 条短评
2026-05-14 16:29:47 - douban_crawler - selenium_crawler.py:162 - INFO - ✅ 详情页爬取成功：https://movie.douban.com/subject/3793023/ | 评论数：15
2026-05-14 16:29:47 - douban_crawler - image_downloader.py:54 - INFO - 图片已存在且有效：机器人总动员 太空奇兵·威E_港_    瓦力_台_.jpg
2026-05-14 16:29:57 - douban_crawler - selenium_crawler.py:138 - INFO - 找到 20 条短评
2026-05-14 16:29:58 - douban_crawler - selenium_crawler.py:162 - INFO - ✅ 详情页爬取成功：https://movie.douban.com/subject/2131459/ | 评论数：15
2026-05-14 16:29:58 - douban_crawler - image_downloader.py:54 - INFO - 图片已存在且有效：放牛班的春天 歌声伴我心_港_    唱诗班男孩.jpg
2026-05-14 16:30:10 - douban_crawler - selenium_crawler.py:138 - INFO - 找到 20 条短评
2026-05-14 16:30:11 - douban_crawler - selenium_crawler.py:162 - INFO - ✅ 详情页爬取成功：https://movie.douban.com/subject/1291549/ | 评论数：15
2026-05-14 16:30:11 - douban_crawler - image_downloader.py:54 - INFO - 图片已存在且有效：无间道 Infernal Affairs    Mou ga.jpg
2026-05-14 16:30:20 - douban_crawler - selenium_crawler.py:138 - INFO - 找到 20 条短评
2026-05-14 16:30:21 - douban_crawler - selenium_crawler.py:162 - INFO - ✅ 详情页爬取成功：https://movie.douban.com/subject/1307914/ | 评论数：15
2026-05-14 16:30:21 - douban_crawler - image_downloader.py:54 - INFO - 图片已存在且有效：控方证人 雄才伟略    情妇.jpg
2026-05-14 16:30:33 - douban_crawler - selenium_crawler.py:138 - INFO - 找到 20 条短评
2026-05-14 16:30:34 - douban_crawler - selenium_crawler.py:162 - INFO - ✅ 详情页爬取成功：https://movie.douban.com/subject/1296141/ | 评论数：15
2026-05-14 16:30:34 - douban_crawler - image_downloader.py:54 - INFO - 图片已存在且有效：寻梦环游记 玩转极乐园_港_    可可夜总会_台_.jpg
2026-05-14 16:30:44 - douban_crawler - selenium_crawler.py:138 - INFO - 找到 20 条短评
2026-05-14 16:30:45 - douban_crawler - selenium_crawler.py:162 - INFO - ✅ 详情页爬取成功：https://movie.douban.com/subject/20495023/ | 评论数：15
2026-05-14 16:30:45 - douban_crawler - image_downloader.py:54 - INFO - 图片已存在且有效：大话西游之大圣娶亲 西游记完结篇仙履奇缘    齐天大圣西游.jpg
2026-05-14 16:30:56 - douban_crawler - selenium_crawler.py:138 - INFO - 找到 20 条短评
2026-05-14 16:30:57 - douban_crawler - selenium_crawler.py:162 - INFO - ✅ 详情页爬取成功：https://movie.douban.com/subject/1292213/ | 评论数：15
2026-05-14 16:30:57 - douban_crawler - image_downloader.py:54 - INFO - 图片已存在且有效：熔炉 无声呐喊_港_    漩涡.jpg
2026-05-14 16:31:08 - douban_crawler - selenium_crawler.py:138 - INFO - 找到 20 条短评
2026-05-14 16:31:09 - douban_crawler - selenium_crawler.py:162 - INFO - ✅ 详情页爬取成功：https://movie.douban.com/subject/5912992/ | 评论数：15
2026-05-14 16:31:09 - douban_crawler - image_downloader.py:54 - INFO - 图片已存在且有效：触不可及 闪亮人生_港_    逆转人生_台_.jpg
2026-05-14 16:31:18 - douban_crawler - selenium_crawler.py:138 - INFO - 找到 20 条短评
2026-05-14 16:31:19 - douban_crawler - selenium_crawler.py:162 - INFO - ✅ 详情页爬取成功：https://movie.douban.com/subject/6786002/ | 评论数：15
2026-05-14 16:31:19 - douban_crawler - image_downloader.py:54 - INFO - 图片已存在且有效：教父 Mario Puzo_s The Godfather.jpg
2026-05-14 16:31:29 - douban_crawler - selenium_crawler.py:138 - INFO - 找到 20 条短评
2026-05-14 16:31:30 - douban_crawler - selenium_crawler.py:162 - INFO - ✅ 详情页爬取成功：https://movie.douban.com/subject/1291841/ | 评论数：15
2026-05-14 16:31:30 - douban_crawler - image_downloader.py:54 - INFO - 图片已存在且有效：末代皇帝 末代皇帝溥仪_港_    L_ultimo imp.jpg
2026-05-14 16:31:41 - douban_crawler - selenium_crawler.py:138 - INFO - 找到 20 条短评
2026-05-14 16:31:41 - douban_crawler - selenium_crawler.py:162 - INFO - ✅ 详情页爬取成功：https://movie.douban.com/subject/1293172/ | 评论数：15
2026-05-14 16:31:41 - douban_crawler - requests_crawler.py:105 - INFO - 成功爬取：https://movie.douban.com/top250?start=0&filter= | 总数：25 | 成功解析：25
2026-05-14 16:31:41 - douban_crawler - base_crawler.py:19 - INFO - 休眠 3.87 秒
2026-05-14 16:31:45 - douban_crawler - image_downloader.py:54 - INFO - 图片已存在且有效：哈利·波特与魔法石 哈利波特1：神秘的魔法石_港  台_.jpg
2026-05-14 16:31:57 - douban_crawler - selenium_crawler.py:138 - INFO - 找到 20 条短评
2026-05-14 16:31:58 - douban_crawler - selenium_crawler.py:162 - INFO - ✅ 详情页爬取成功：https://movie.douban.com/subject/1295038/ | 评论数：15
2026-05-14 16:31:58 - douban_crawler - image_downloader.py:54 - INFO - 图片已存在且有效：当幸福来敲门 寻找快乐的故事_港_    追求快乐.jpg
2026-05-14 16:32:08 - douban_crawler - selenium_crawler.py:138 - INFO - 找到 20 条短评
2026-05-14 16:32:08 - douban_crawler - selenium_crawler.py:162 - INFO - ✅ 详情页爬取成功：https://movie.douban.com/subject/1849031/ | 评论数：15
2026-05-14 16:32:08 - douban_crawler - image_downloader.py:54 - INFO - 图片已存在且有效：龙猫 邻居托托罗    邻家的豆豆龙.jpg
2026-05-14 16:32:18 - douban_crawler - selenium_crawler.py:138 - INFO - 找到 20 条短评
2026-05-14 16:32:19 - douban_crawler - selenium_crawler.py:162 - INFO - ✅ 详情页爬取成功：https://movie.douban.com/subject/1291560/ | 评论数：15
2026-05-14 16:32:19 - douban_crawler - image_downloader.py:54 - INFO - 图片已存在且有效：活着 人生    Lifetimes.jpg
2026-05-14 16:32:29 - douban_crawler - selenium_crawler.py:138 - INFO - 找到 20 条短评
2026-05-14 16:32:29 - douban_crawler - selenium_crawler.py:162 - INFO - ✅ 详情页爬取成功：https://movie.douban.com/subject/1292365/ | 评论数：15
2026-05-14 16:32:29 - douban_crawler - image_downloader.py:54 - INFO - 图片已存在且有效：怦然心动 萌动青春    青春萌动.jpg
2026-05-14 16:32:40 - douban_crawler - selenium_crawler.py:138 - INFO - 找到 20 条短评
2026-05-14 16:32:40 - douban_crawler - selenium_crawler.py:162 - INFO - ✅ 详情页爬取成功：https://movie.douban.com/subject/3319755/ | 评论数：15
2026-05-14 16:32:40 - douban_crawler - image_downloader.py:54 - INFO - 图片已存在且有效：蝙蝠侠：黑暗骑士 蝙蝠侠前传2：黑暗骑士    黑暗骑士_台.jpg
2026-05-14 16:32:52 - douban_crawler - selenium_crawler.py:138 - INFO - 找到 20 条短评
2026-05-14 16:32:52 - douban_crawler - selenium_crawler.py:162 - INFO - ✅ 详情页爬取成功：https://movie.douban.com/subject/1851857/ | 评论数：15
2026-05-14 16:32:52 - douban_crawler - image_downloader.py:54 - INFO - 图片已存在且有效：指环王3：王者无敌 魔戒三部曲：王者再临_台  港_.jpg
2026-05-14 16:33:04 - douban_crawler - selenium_crawler.py:138 - INFO - 找到 20 条短评
2026-05-14 16:33:04 - douban_crawler - selenium_crawler.py:162 - INFO - ✅ 详情页爬取成功：https://movie.douban.com/subject/1291552/ | 评论数：15
2026-05-14 16:33:04 - douban_crawler - image_downloader.py:54 - INFO - 图片已存在且有效：我不是药神 中国药神    印度药神.jpg
2026-05-14 16:33:14 - douban_crawler - selenium_crawler.py:138 - INFO - 找到 20 条短评
2026-05-14 16:33:15 - douban_crawler - selenium_crawler.py:162 - INFO - ✅ 详情页爬取成功：https://movie.douban.com/subject/26752088/ | 评论数：15
2026-05-14 16:33:15 - douban_crawler - image_downloader.py:54 - INFO - 图片已存在且有效：乱世佳人 飘.jpg
2026-05-14 16:33:24 - douban_crawler - selenium_crawler.py:138 - INFO - 找到 20 条短评
2026-05-14 16:33:24 - douban_crawler - selenium_crawler.py:162 - INFO - ✅ 详情页爬取成功：https://movie.douban.com/subject/1300267/ | 评论数：15
2026-05-14 16:33:24 - douban_crawler - image_downloader.py:54 - INFO - 图片已存在且有效：飞屋环游记 冲天救兵_港_    天外奇迹_台_.jpg
2026-05-14 16:33:38 - douban_crawler - selenium_crawler.py:138 - INFO - 找到 20 条短评
2026-05-14 16:33:39 - douban_crawler - selenium_crawler.py:162 - INFO - ✅ 详情页爬取成功：https://movie.douban.com/subject/2129039/ | 评论数：15
2026-05-14 16:33:39 - douban_crawler - image_downloader.py:54 - INFO - 图片已存在且有效：让子弹飞 让子弹飞一会儿    火烧云.jpg
2026-05-14 16:33:52 - douban_crawler - selenium_crawler.py:138 - INFO - 找到 20 条短评
2026-05-14 16:33:52 - douban_crawler - selenium_crawler.py:162 - INFO - ✅ 详情页爬取成功：https://movie.douban.com/subject/3742360/ | 评论数：15
2026-05-14 16:33:52 - douban_crawler - image_downloader.py:54 - INFO - 图片已存在且有效：哈尔的移动城堡 哈尔移动城堡_港_    霍尔的移动城堡_台.jpg
2026-05-14 16:34:04 - douban_crawler - selenium_crawler.py:138 - INFO - 找到 20 条短评
2026-05-14 16:34:05 - douban_crawler - selenium_crawler.py:162 - INFO - ✅ 详情页爬取成功：https://movie.douban.com/subject/1308807/ | 评论数：15
2026-05-14 16:34:05 - douban_crawler - image_downloader.py:54 - INFO - 图片已存在且有效：十二怒汉 12怒汉    十二怒汉.jpg
2026-05-14 16:34:19 - douban_crawler - selenium_crawler.py:138 - INFO - 找到 20 条短评
2026-05-14 16:34:19 - douban_crawler - selenium_crawler.py:162 - INFO - ✅ 详情页爬取成功：https://movie.douban.com/subject/1293182/ | 评论数：15
2026-05-14 16:34:19 - douban_crawler - image_downloader.py:54 - INFO - 图片已存在且有效：海蒂和爷爷 飘零燕_港_    海蒂.jpg
2026-05-14 16:34:30 - douban_crawler - selenium_crawler.py:138 - INFO - 找到 20 条短评
2026-05-14 16:34:31 - douban_crawler - selenium_crawler.py:162 - INFO - ✅ 详情页爬取成功：https://movie.douban.com/subject/25958717/ | 评论数：15
2026-05-14 16:34:31 - douban_crawler - image_downloader.py:54 - INFO - 图片已存在且有效：素媛 许愿    希望：为爱重生_台_.jpg
2026-05-14 16:34:40 - douban_crawler - selenium_crawler.py:138 - INFO - 找到 20 条短评
2026-05-14 16:34:41 - douban_crawler - selenium_crawler.py:162 - INFO - ✅ 详情页爬取成功：https://movie.douban.com/subject/21937452/ | 评论数：15
2026-05-14 16:34:41 - douban_crawler - image_downloader.py:54 - INFO - 图片已存在且有效：猫鼠游戏 逍遥法外    捉智双雄_港_.jpg
2026-05-14 16:34:51 - douban_crawler - selenium_crawler.py:138 - INFO - 找到 20 条短评
2026-05-14 16:34:52 - douban_crawler - selenium_crawler.py:162 - INFO - ✅ 详情页爬取成功：https://movie.douban.com/subject/1305487/ | 评论数：15
2026-05-14 16:34:52 - douban_crawler - image_downloader.py:54 - INFO - 图片已存在且有效：天空之城 天空之城拉普他    空中城堡拉普他.jpg
2026-05-14 16:35:02 - douban_crawler - selenium_crawler.py:138 - INFO - 找到 20 条短评
2026-05-14 16:35:03 - douban_crawler - selenium_crawler.py:162 - INFO - ✅ 详情页爬取成功：https://movie.douban.com/subject/1291583/ | 评论数：15
2026-05-14 16:35:03 - douban_crawler - image_downloader.py:54 - INFO - 图片已存在且有效：鬼子来了 Devils on the Doorstep.jpg
2026-05-14 16:35:13 - douban_crawler - selenium_crawler.py:138 - INFO - 找到 20 条短评
2026-05-14 16:35:14 - douban_crawler - selenium_crawler.py:162 - INFO - ✅ 详情页爬取成功：https://movie.douban.com/subject/1291858/ | 评论数：15
2026-05-14 16:35:14 - douban_crawler - image_downloader.py:54 - INFO - 图片已存在且有效：摔跤吧！爸爸 我和我的冠军女儿_台_    打死不离3父女_.jpg
2026-05-14 16:35:22 - douban_crawler - selenium_crawler.py:138 - INFO - 找到 20 条短评
2026-05-14 16:35:23 - douban_crawler - selenium_crawler.py:162 - INFO - ✅ 详情页爬取成功：https://movie.douban.com/subject/26387939/ | 评论数：15
2026-05-14 16:35:23 - douban_crawler - image_downloader.py:54 - INFO - 图片已存在且有效：少年派的奇幻漂流 少年Pi的奇幻漂流    漂流少年Pi.jpg
2026-05-14 16:35:34 - douban_crawler - selenium_crawler.py:138 - INFO - 找到 20 条短评
2026-05-14 16:35:35 - douban_crawler - selenium_crawler.py:162 - INFO - ✅ 详情页爬取成功：https://movie.douban.com/subject/1929463/ | 评论数：15
2026-05-14 16:35:35 - douban_crawler - image_downloader.py:54 - INFO - 图片已存在且有效：钢琴家 钢琴战曲_港_    战地琴人_台_.jpg
2026-05-14 16:35:47 - douban_crawler - selenium_crawler.py:138 - INFO - 找到 20 条短评
2026-05-14 16:35:47 - douban_crawler - selenium_crawler.py:162 - INFO - ✅ 详情页爬取成功：https://movie.douban.com/subject/1296736/ | 评论数：15
2026-05-14 16:35:47 - douban_crawler - image_downloader.py:54 - INFO - 图片已存在且有效：指环王2：双塔奇兵 魔戒二部曲：双城奇谋    指环王II：.jpg
2026-05-14 16:36:01 - douban_crawler - selenium_crawler.py:138 - INFO - 找到 20 条短评
2026-05-14 16:36:01 - douban_crawler - selenium_crawler.py:162 - INFO - ✅ 详情页爬取成功：https://movie.douban.com/subject/1291572/ | 评论数：15
2026-05-14 16:36:01 - douban_crawler - image_downloader.py:54 - INFO - 图片已存在且有效：死亡诗社 暴雨骄阳_港_    春风化雨_台_.jpg
2026-05-14 16:36:14 - douban_crawler - selenium_crawler.py:138 - INFO - 找到 20 条短评
2026-05-14 16:36:15 - douban_crawler - selenium_crawler.py:162 - INFO - ✅ 详情页爬取成功：https://movie.douban.com/subject/1291548/ | 评论数：15
2026-05-14 16:36:15 - douban_crawler - image_downloader.py:54 - INFO - 图片已存在且有效：大话西游之月光宝盒 西游记101回月光宝盒    齐天大圣东.jpg
2026-05-14 16:36:25 - douban_crawler - selenium_crawler.py:138 - INFO - 找到 20 条短评
2026-05-14 16:36:26 - douban_crawler - selenium_crawler.py:162 - INFO - ✅ 详情页爬取成功：https://movie.douban.com/subject/1299398/ | 评论数：15
2026-05-14 16:36:26 - douban_crawler - image_downloader.py:54 - INFO - 图片已存在且有效：绿皮书 绿簿旅友_港_    幸福绿皮书_台_.jpg
2026-05-14 16:36:38 - douban_crawler - selenium_crawler.py:138 - INFO - 找到 20 条短评
2026-05-14 16:36:38 - douban_crawler - selenium_crawler.py:162 - INFO - ✅ 详情页爬取成功：https://movie.douban.com/subject/27060077/ | 评论数：15
2026-05-14 16:36:38 - douban_crawler - requests_crawler.py:105 - INFO - 成功爬取：https://movie.douban.com/top250?start=25&filter= | 总数：25 | 成功解析：25
2026-05-14 16:36:38 - douban_crawler - base_crawler.py:19 - INFO - 休眠 2.70 秒
2026-05-14 16:36:44 - douban_crawler - image_downloader.py:54 - INFO - 图片已存在且有效：何以为家 迦百农    星仔打官司_港_.jpg
2026-05-14 16:36:57 - douban_crawler - selenium_crawler.py:138 - INFO - 找到 20 条短评
2026-05-14 16:36:58 - douban_crawler - selenium_crawler.py:162 - INFO - ✅ 详情页爬取成功：https://movie.douban.com/subject/30170448/ | 评论数：15
2026-05-14 16:36:58 - douban_crawler - image_downloader.py:54 - INFO - 图片已存在且有效：闻香识女人 女人香    女人的芳香.jpg
2026-05-14 16:37:08 - douban_crawler - selenium_crawler.py:138 - INFO - 找到 20 条短评
2026-05-14 16:37:09 - douban_crawler - selenium_crawler.py:162 - INFO - ✅ 详情页爬取成功：https://movie.douban.com/subject/1298624/ | 评论数：15
2026-05-14 16:37:09 - douban_crawler - image_downloader.py:54 - INFO - 图片已存在且有效：大闹天宫 大闹天宫 上下集    The Monkey Ki.jpg
2026-05-14 16:37:20 - douban_crawler - selenium_crawler.py:138 - INFO - 找到 20 条短评
2026-05-14 16:37:20 - douban_crawler - selenium_crawler.py:162 - INFO - ✅ 详情页爬取成功：https://movie.douban.com/subject/1418019/ | 评论数：15
2026-05-14 16:37:20 - douban_crawler - image_downloader.py:54 - INFO - 图片已存在且有效：黑客帝国 22世纪杀人网络_港_    廿二世纪杀人网络_港.jpg
2026-05-14 16:37:30 - douban_crawler - selenium_crawler.py:138 - INFO - 找到 20 条短评
2026-05-14 16:37:31 - douban_crawler - selenium_crawler.py:162 - INFO - ✅ 详情页爬取成功：https://movie.douban.com/subject/1291843/ | 评论数：15
2026-05-14 16:37:31 - douban_crawler - image_downloader.py:54 - INFO - 图片已存在且有效：指环王1：护戒使者 指环王1：魔戒再现    指环王I：护戒.jpg
2026-05-14 16:37:42 - douban_crawler - selenium_crawler.py:138 - INFO - 找到 20 条短评
2026-05-14 16:37:42 - douban_crawler - selenium_crawler.py:162 - INFO - ✅ 详情页爬取成功：https://movie.douban.com/subject/1291571/ | 评论数：15
2026-05-14 16:37:42 - douban_crawler - image_downloader.py:54 - INFO - 图片已存在且有效：罗马假日 金枝玉叶_港_    罗马假期_台_.jpg
2026-05-14 16:37:52 - douban_crawler - selenium_crawler.py:138 - INFO - 找到 20 条短评
2026-05-14 16:37:53 - douban_crawler - selenium_crawler.py:162 - INFO - ✅ 详情页爬取成功：https://movie.douban.com/subject/1293839/ | 评论数：15
2026-05-14 16:37:53 - douban_crawler - image_downloader.py:54 - INFO - 图片已存在且有效：教父2 教父续集_港_    教父II.jpg
2026-05-14 16:38:05 - douban_crawler - selenium_crawler.py:138 - INFO - 找到 20 条短评
2026-05-14 16:38:06 - douban_crawler - selenium_crawler.py:162 - INFO - ✅ 详情页爬取成功：https://movie.douban.com/subject/1299131/ | 评论数：15
2026-05-14 16:38:06 - douban_crawler - image_downloader.py:54 - INFO - 图片已存在且有效：狮子王 狮子王3D.jpg
2026-05-14 16:38:17 - douban_crawler - selenium_crawler.py:138 - INFO - 找到 20 条短评
2026-05-14 16:38:17 - douban_crawler - selenium_crawler.py:162 - INFO - ✅ 详情页爬取成功：https://movie.douban.com/subject/1301753/ | 评论数：15
2026-05-14 16:38:17 - douban_crawler - image_downloader.py:54 - INFO - 图片已存在且有效：天堂电影院 星光伴我心_港_    新天堂乐园_台_.jpg
2026-05-14 16:38:28 - douban_crawler - selenium_crawler.py:138 - INFO - 找到 20 条短评
2026-05-14 16:38:28 - douban_crawler - selenium_crawler.py:162 - INFO - ✅ 详情页爬取成功：https://movie.douban.com/subject/1291828/ | 评论数：15
2026-05-14 16:38:28 - douban_crawler - image_downloader.py:54 - INFO - 图片已存在且有效：饮食男女 Eat Drink Man Woman.jpg
2026-05-14 16:38:38 - douban_crawler - selenium_crawler.py:138 - INFO - 找到 20 条短评
2026-05-14 16:38:39 - douban_crawler - selenium_crawler.py:162 - INFO - ✅ 详情页爬取成功：https://movie.douban.com/subject/1291818/ | 评论数：15
2026-05-14 16:38:39 - douban_crawler - image_downloader.py:54 - INFO - 图片已存在且有效：辩护人 逆权大状_港_    正义辩护人_台_.jpg
2026-05-14 16:38:50 - douban_crawler - selenium_crawler.py:138 - INFO - 找到 20 条短评
2026-05-14 16:38:50 - douban_crawler - selenium_crawler.py:162 - INFO - ✅ 详情页爬取成功：https://movie.douban.com/subject/21937445/ | 评论数：15
2026-05-14 16:38:50 - douban_crawler - image_downloader.py:54 - INFO - 图片已存在且有效：本杰明·巴顿奇事 奇幻逆缘_港_    班杰明的奇幻旅程_台.jpg
2026-05-14 16:39:02 - douban_crawler - selenium_crawler.py:138 - INFO - 找到 20 条短评
2026-05-14 16:39:03 - douban_crawler - selenium_crawler.py:162 - INFO - ✅ 详情页爬取成功：https://movie.douban.com/subject/1485260/ | 评论数：15
2026-05-14 16:39:03 - douban_crawler - image_downloader.py:54 - INFO - 图片已存在且有效：搏击俱乐部 搏击会_港_    斗阵俱乐部_台_.jpg
2026-05-14 16:39:12 - douban_crawler - selenium_crawler.py:138 - INFO - 找到 20 条短评
2026-05-14 16:39:13 - douban_crawler - selenium_crawler.py:162 - INFO - ✅ 详情页爬取成功：https://movie.douban.com/subject/1292000/ | 评论数：15
2026-05-14 16:39:13 - douban_crawler - image_downloader.py:54 - INFO - 图片已存在且有效：美丽心灵 有你终生美丽_港_    美丽境界_台_.jpg
2026-05-14 16:39:23 - douban_crawler - selenium_crawler.py:138 - INFO - 找到 20 条短评
2026-05-14 16:39:23 - douban_crawler - selenium_crawler.py:162 - INFO - ✅ 详情页爬取成功：https://movie.douban.com/subject/1306029/ | 评论数：15
2026-05-14 16:39:23 - douban_crawler - image_downloader.py:54 - INFO - 图片已存在且有效：穿条纹睡衣的男孩 穿条纹衣服的男孩    穿条纹衣的男孩.jpg
2026-05-14 16:39:33 - douban_crawler - selenium_crawler.py:138 - INFO - 找到 20 条短评
2026-05-14 16:39:34 - douban_crawler - selenium_crawler.py:162 - INFO - ✅ 详情页爬取成功：https://movie.douban.com/subject/3008247/ | 评论数：15
2026-05-14 16:39:34 - douban_crawler - image_downloader.py:54 - INFO - 图片已存在且有效：哈利·波特与死亡圣器_下_ 哈利波特7：死神的圣物2_港.jpg
2026-05-14 16:39:45 - douban_crawler - selenium_crawler.py:138 - INFO - 找到 20 条短评
2026-05-14 16:39:46 - douban_crawler - selenium_crawler.py:162 - INFO - ✅ 详情页爬取成功：https://movie.douban.com/subject/3011235/ | 评论数：15
2026-05-14 16:39:46 - douban_crawler - image_downloader.py:54 - INFO - 图片已存在且有效：情书 When I Close My Eyes    Let.jpg
2026-05-14 16:39:58 - douban_crawler - selenium_crawler.py:138 - INFO - 找到 20 条短评
2026-05-14 16:39:58 - douban_crawler - selenium_crawler.py:162 - INFO - ✅ 详情页爬取成功：https://movie.douban.com/subject/1292220/ | 评论数：15
2026-05-14 16:39:58 - douban_crawler - image_downloader.py:54 - INFO - 图片已存在且有效：两杆大烟枪 够姜四小强_港_    两根枪管_台_.jpg
2026-05-14 16:40:08 - douban_crawler - selenium_crawler.py:138 - INFO - 找到 20 条短评
2026-05-14 16:40:08 - douban_crawler - selenium_crawler.py:162 - INFO - ✅ 详情页爬取成功：https://movie.douban.com/subject/1293350/ | 评论数：15
2026-05-14 16:40:08 - douban_crawler - image_downloader.py:54 - INFO - 图片已存在且有效：窃听风暴 窃听者_港_    他人的生活.jpg
2026-05-14 16:40:19 - douban_crawler - selenium_crawler.py:138 - INFO - 找到 20 条短评
2026-05-14 16:40:20 - douban_crawler - selenium_crawler.py:162 - INFO - ✅ 详情页爬取成功：https://movie.douban.com/subject/1900841/ | 评论数：15
2026-05-14 16:40:20 - douban_crawler - image_downloader.py:54 - INFO - 图片已存在且有效：功夫 功夫3D    Kung Fu Hustle.jpg
2026-05-14 16:40:31 - douban_crawler - selenium_crawler.py:138 - INFO - 找到 20 条短评
2026-05-14 16:40:32 - douban_crawler - selenium_crawler.py:162 - INFO - ✅ 详情页爬取成功：https://movie.douban.com/subject/1291543/ | 评论数：15
2026-05-14 16:40:32 - douban_crawler - image_downloader.py:54 - INFO - 图片已存在且有效：音乐之声 仙乐飘飘处处闻_港_    真善美_台_.jpg
2026-05-14 16:40:43 - douban_crawler - selenium_crawler.py:138 - INFO - 找到 20 条短评
2026-05-14 16:40:43 - douban_crawler - selenium_crawler.py:162 - INFO - ✅ 详情页爬取成功：https://movie.douban.com/subject/1294408/ | 评论数：15
2026-05-14 16:40:43 - douban_crawler - image_downloader.py:54 - INFO - 图片已存在且有效：哈利·波特与阿兹卡班的囚徒 哈利波特3：阿兹卡班的逃犯_港.jpg
2026-05-14 16:40:52 - douban_crawler - selenium_crawler.py:138 - INFO - 找到 20 条短评
2026-05-14 16:40:52 - douban_crawler - selenium_crawler.py:162 - INFO - ✅ 详情页爬取成功：https://movie.douban.com/subject/1291544/ | 评论数：15
2026-05-14 16:40:52 - douban_crawler - image_downloader.py:54 - INFO - 图片已存在且有效：阿凡达.jpg
2026-05-14 16:41:02 - douban_crawler - selenium_crawler.py:138 - INFO - 找到 20 条短评
2026-05-14 16:41:03 - douban_crawler - selenium_crawler.py:162 - INFO - ✅ 详情页爬取成功：https://movie.douban.com/subject/1652587/ | 评论数：15
2026-05-14 16:41:03 - douban_crawler - image_downloader.py:54 - INFO - 图片已存在且有效：西西里的美丽传说 真爱伴我行_台_    玛莲娜.jpg
2026-05-14 16:41:15 - douban_crawler - selenium_crawler.py:138 - INFO - 找到 20 条短评
2026-05-14 16:41:16 - douban_crawler - selenium_crawler.py:162 - INFO - ✅ 详情页爬取成功：https://movie.douban.com/subject/1292402/ | 评论数：15
2026-05-14 16:41:16 - douban_crawler - image_downloader.py:54 - INFO - 图片已存在且有效：看不见的客人 死无对证_港_    布局_台_.jpg
2026-05-14 16:41:26 - douban_crawler - selenium_crawler.py:138 - INFO - 找到 20 条短评
2026-05-14 16:41:27 - douban_crawler - selenium_crawler.py:162 - INFO - ✅ 详情页爬取成功：https://movie.douban.com/subject/26580232/ | 评论数：15
2026-05-14 16:41:27 - douban_crawler - requests_crawler.py:105 - INFO - 成功爬取：https://movie.douban.com/top250?start=50&filter= | 总数：25 | 成功解析：25
2026-05-14 16:41:27 - douban_crawler - base_crawler.py:19 - INFO - 休眠 4.77 秒
2026-05-14 16:41:32 - douban_crawler - image_downloader.py:54 - INFO - 图片已存在且有效：拯救大兵瑞恩 雷霆救兵_港_    抢救雷恩大兵_台_.jpg
2026-05-14 16:41:41 - douban_crawler - selenium_crawler.py:138 - INFO - 找到 20 条短评
2026-05-14 16:41:41 - douban_crawler - selenium_crawler.py:162 - INFO - ✅ 详情页爬取成功：https://movie.douban.com/subject/1292849/ | 评论数：15
2026-05-14 16:41:41 - douban_crawler - image_downloader.py:54 - INFO - 图片已存在且有效：沉默的羔羊 沉默的羔羊.jpg
2026-05-14 16:41:54 - douban_crawler - selenium_crawler.py:138 - INFO - 找到 20 条短评
2026-05-14 16:41:54 - douban_crawler - selenium_crawler.py:162 - INFO - ✅ 详情页爬取成功：https://movie.douban.com/subject/1293544/ | 评论数：15
2026-05-14 16:41:54 - douban_crawler - image_downloader.py:54 - INFO - 图片已存在且有效：小鞋子 天堂的孩子    小童鞋.jpg
2026-05-14 16:42:06 - douban_crawler - selenium_crawler.py:138 - INFO - 找到 20 条短评
2026-05-14 16:42:07 - douban_crawler - selenium_crawler.py:162 - INFO - ✅ 详情页爬取成功：https://movie.douban.com/subject/1303021/ | 评论数：15
2026-05-14 16:42:07 - douban_crawler - image_downloader.py:54 - INFO - 图片已存在且有效：布达佩斯大饭店 布达佩斯大酒店_港_    欢迎来到布达佩斯.jpg
2026-05-14 16:42:18 - douban_crawler - selenium_crawler.py:138 - INFO - 找到 20 条短评
2026-05-14 16:42:18 - douban_crawler - selenium_crawler.py:162 - INFO - ✅ 详情页爬取成功：https://movie.douban.com/subject/11525673/ | 评论数：15
2026-05-14 16:42:18 - douban_crawler - image_downloader.py:54 - INFO - 图片已存在且有效：蝴蝶效应 蝴蝶效应.jpg
2026-05-14 16:42:30 - douban_crawler - selenium_crawler.py:138 - INFO - 找到 20 条短评
2026-05-14 16:42:30 - douban_crawler - selenium_crawler.py:162 - INFO - ✅ 详情页爬取成功：https://movie.douban.com/subject/1292343/ | 评论数：15
2026-05-14 16:42:30 - douban_crawler - image_downloader.py:54 - INFO - 图片已存在且有效：飞越疯人院 飞越杜鹃窝_台_    飞越喜鹊巢.jpg
2026-05-14 16:42:41 - douban_crawler - selenium_crawler.py:138 - INFO - 找到 20 条短评
2026-05-14 16:42:42 - douban_crawler - selenium_crawler.py:162 - INFO - ✅ 详情页爬取成功：https://movie.douban.com/subject/1292224/ | 评论数：15
2026-05-14 16:42:42 - douban_crawler - image_downloader.py:54 - INFO - 图片已存在且有效：还有明天 明天还有梦_港_    我们还有明天_台_.jpg
2026-05-14 16:42:51 - douban_crawler - selenium_crawler.py:138 - INFO - 找到 20 条短评
2026-05-14 16:42:52 - douban_crawler - selenium_crawler.py:162 - INFO - ✅ 详情页爬取成功：https://movie.douban.com/subject/36445098/ | 评论数：15
2026-05-14 16:42:52 - douban_crawler - image_downloader.py:54 - INFO - 图片已存在且有效：禁闭岛 不赦岛_港_    隔离岛_台_.jpg
2026-05-14 16:43:03 - douban_crawler - selenium_crawler.py:138 - INFO - 找到 20 条短评
2026-05-14 16:43:04 - douban_crawler - selenium_crawler.py:162 - INFO - ✅ 详情页爬取成功：https://movie.douban.com/subject/2334904/ | 评论数：15
2026-05-14 16:43:04 - douban_crawler - image_downloader.py:54 - INFO - 图片已存在且有效：心灵捕手 骄阳似我_港_    心灵捕手.jpg
2026-05-14 16:43:23 - douban_crawler - selenium_crawler.py:138 - INFO - 找到 20 条短评
2026-05-14 16:43:23 - douban_crawler - selenium_crawler.py:162 - INFO - ✅ 详情页爬取成功：https://movie.douban.com/subject/1292656/ | 评论数：15
2026-05-14 16:43:23 - douban_crawler - image_downloader.py:54 - INFO - 图片已存在且有效：致命魔术 死亡魔法_港_    顶尖对决_台_.jpg
2026-05-14 16:43:36 - douban_crawler - selenium_crawler.py:138 - INFO - 找到 20 条短评
2026-05-14 16:43:37 - douban_crawler - selenium_crawler.py:162 - INFO - ✅ 详情页爬取成功：https://movie.douban.com/subject/1780330/ | 评论数：15
2026-05-14 16:43:37 - douban_crawler - image_downloader.py:54 - INFO - 图片已存在且有效：低俗小说 危险人物_港_    黑色追缉令_台_.jpg
2026-05-14 16:43:53 - douban_crawler - selenium_crawler.py:138 - INFO - 找到 20 条短评
2026-05-14 16:43:53 - douban_crawler - selenium_crawler.py:162 - INFO - ✅ 详情页爬取成功：https://movie.douban.com/subject/1291832/ | 评论数：15
2026-05-14 16:43:53 - douban_crawler - image_downloader.py:54 - INFO - 图片已存在且有效：哈利·波特与密室 哈利波特2：消失的密室_港  台_.jpg
2026-05-14 16:44:04 - douban_crawler - selenium_crawler.py:138 - INFO - 找到 20 条短评
2026-05-14 16:44:05 - douban_crawler - selenium_crawler.py:162 - INFO - ✅ 详情页爬取成功：https://movie.douban.com/subject/1296996/ | 评论数：15
2026-05-14 16:44:05 - douban_crawler - image_downloader.py:54 - INFO - 图片已存在且有效：超脱 人间师格_台_.jpg
2026-05-14 16:44:14 - douban_crawler - selenium_crawler.py:138 - INFO - 找到 20 条短评
2026-05-14 16:44:15 - douban_crawler - selenium_crawler.py:162 - INFO - ✅ 详情页爬取成功：https://movie.douban.com/subject/5322596/ | 评论数：15
2026-05-14 16:44:15 - douban_crawler - image_downloader.py:54 - INFO - 图片已存在且有效：一一 Yi yi    Yi yi_ A One and a.jpg
2026-05-14 16:44:27 - douban_crawler - selenium_crawler.py:138 - INFO - 找到 20 条短评
2026-05-14 16:44:28 - douban_crawler - selenium_crawler.py:162 - INFO - ✅ 详情页爬取成功：https://movie.douban.com/subject/1292434/ | 评论数：15
2026-05-14 16:44:28 - douban_crawler - image_downloader.py:54 - INFO - 图片已存在且有效：喜剧之王 King of Comedy.jpg
2026-05-14 16:44:40 - douban_crawler - selenium_crawler.py:138 - INFO - 找到 20 条短评
2026-05-14 16:44:40 - douban_crawler - selenium_crawler.py:162 - INFO - ✅ 详情页爬取成功：https://movie.douban.com/subject/1302425/ | 评论数：15
2026-05-14 16:44:40 - douban_crawler - image_downloader.py:54 - INFO - 图片已存在且有效：杀人回忆 谋杀回忆    杀手回忆录.jpg
2026-05-14 16:44:50 - douban_crawler - selenium_crawler.py:138 - INFO - 找到 20 条短评
2026-05-14 16:44:51 - douban_crawler - selenium_crawler.py:162 - INFO - ✅ 详情页爬取成功：https://movie.douban.com/subject/1300299/ | 评论数：15
2026-05-14 16:44:51 - douban_crawler - image_downloader.py:54 - INFO - 图片已存在且有效：致命ID 杀人游戏    致命身份.jpg
2026-05-14 16:45:01 - douban_crawler - selenium_crawler.py:138 - INFO - 找到 20 条短评
2026-05-14 16:45:02 - douban_crawler - selenium_crawler.py:162 - INFO - ✅ 详情页爬取成功：https://movie.douban.com/subject/1297192/ | 评论数：15
2026-05-14 16:45:02 - douban_crawler - image_downloader.py:54 - INFO - 图片已存在且有效：摩登时代 The Masses    Les Temps m.jpg
2026-05-14 16:45:12 - douban_crawler - selenium_crawler.py:138 - INFO - 找到 20 条短评
2026-05-14 16:45:13 - douban_crawler - selenium_crawler.py:162 - INFO - ✅ 详情页爬取成功：https://movie.douban.com/subject/1294371/ | 评论数：15
2026-05-14 16:45:13 - douban_crawler - image_downloader.py:54 - INFO - 图片已存在且有效：春光乍泄 一起快乐    Happy Together.jpg
2026-05-14 16:45:23 - douban_crawler - selenium_crawler.py:138 - INFO - 找到 20 条短评
2026-05-14 16:45:24 - douban_crawler - selenium_crawler.py:162 - INFO - ✅ 详情页爬取成功：https://movie.douban.com/subject/1292679/ | 评论数：15
2026-05-14 16:45:24 - douban_crawler - image_downloader.py:54 - INFO - 图片已存在且有效：加勒比海盗 加勒比海盗1：黑珍珠号的诅咒    神鬼奇航：鬼.jpg
2026-05-14 16:45:35 - douban_crawler - selenium_crawler.py:138 - INFO - 找到 20 条短评
2026-05-14 16:45:35 - douban_crawler - selenium_crawler.py:162 - INFO - ✅ 详情页爬取成功：https://movie.douban.com/subject/1298070/ | 评论数：15
2026-05-14 16:45:35 - douban_crawler - image_downloader.py:54 - INFO - 图片已存在且有效：海豚湾 血色海湾_台_    海湾.jpg
2026-05-14 16:45:45 - douban_crawler - selenium_crawler.py:138 - INFO - 找到 20 条短评
2026-05-14 16:45:46 - douban_crawler - selenium_crawler.py:162 - INFO - ✅ 详情页爬取成功：https://movie.douban.com/subject/3442220/ | 评论数：15
2026-05-14 16:45:46 - douban_crawler - image_downloader.py:54 - INFO - 图片已存在且有效：美国往事 四海兄弟_台_    义薄云天_港_.jpg
2026-05-14 16:45:57 - douban_crawler - selenium_crawler.py:138 - INFO - 找到 20 条短评
2026-05-14 16:45:58 - douban_crawler - selenium_crawler.py:162 - INFO - ✅ 详情页爬取成功：https://movie.douban.com/subject/1292262/ | 评论数：15
2026-05-14 16:45:58 - douban_crawler - image_downloader.py:54 - INFO - 图片已存在且有效：红辣椒 盗梦侦探_港  台_.jpg
2026-05-14 16:46:09 - douban_crawler - selenium_crawler.py:138 - INFO - 找到 20 条短评
2026-05-14 16:46:10 - douban_crawler - selenium_crawler.py:162 - INFO - ✅ 详情页爬取成功：https://movie.douban.com/subject/1865703/ | 评论数：15
2026-05-14 16:46:10 - douban_crawler - image_downloader.py:54 - INFO - 图片已存在且有效：七宗罪 火线追缉令_台_    7宗罪.jpg
2026-05-14 16:46:20 - douban_crawler - selenium_crawler.py:138 - INFO - 找到 20 条短评
2026-05-14 16:46:21 - douban_crawler - selenium_crawler.py:162 - INFO - ✅ 详情页爬取成功：https://movie.douban.com/subject/1292223/ | 评论数：15
2026-05-14 16:46:21 - douban_crawler - image_downloader.py:54 - INFO - 图片已存在且有效：唐伯虎点秋香 Flirting Scholar.jpg
2026-05-14 16:46:30 - douban_crawler - selenium_crawler.py:138 - INFO - 找到 20 条短评
2026-05-14 16:46:31 - douban_crawler - selenium_crawler.py:162 - INFO - ✅ 详情页爬取成功：https://movie.douban.com/subject/1306249/ | 评论数：15
2026-05-14 16:46:31 - douban_crawler - requests_crawler.py:105 - INFO - 成功爬取：https://movie.douban.com/top250?start=75&filter= | 总数：25 | 成功解析：25
2026-05-14 16:46:31 - douban_crawler - base_crawler.py:19 - INFO - 休眠 4.11 秒
2026-05-14 16:46:35 - douban_crawler - image_downloader.py:54 - INFO - 图片已存在且有效：狩猎 诬网_港_    谎言的烙印_台_.jpg
2026-05-14 16:46:46 - douban_crawler - selenium_crawler.py:138 - INFO - 找到 20 条短评
2026-05-14 16:46:46 - douban_crawler - selenium_crawler.py:162 - INFO - ✅ 详情页爬取成功：https://movie.douban.com/subject/6985810/ | 评论数：15
2026-05-14 16:46:46 - douban_crawler - image_downloader.py:54 - INFO - 图片已存在且有效：幽灵公主 魔法公主    幽灵少女.jpg
2026-05-14 16:46:56 - douban_crawler - selenium_crawler.py:138 - INFO - 找到 20 条短评
2026-05-14 16:46:57 - douban_crawler - selenium_crawler.py:162 - INFO - ✅ 详情页爬取成功：https://movie.douban.com/subject/1297359/ | 评论数：15
2026-05-14 16:46:57 - douban_crawler - image_downloader.py:54 - INFO - 图片已存在且有效：甜蜜蜜 Comrades_ Almost a Love St.jpg
2026-05-14 16:47:07 - douban_crawler - selenium_crawler.py:138 - INFO - 找到 20 条短评
2026-05-14 16:47:07 - douban_crawler - selenium_crawler.py:162 - INFO - ✅ 详情页爬取成功：https://movie.douban.com/subject/1305164/ | 评论数：15
2026-05-14 16:47:07 - douban_crawler - image_downloader.py:54 - INFO - 图片已存在且有效：寄生虫 寄生上流_台_    上流寄生族_港_.jpg
2026-05-14 16:47:18 - douban_crawler - selenium_crawler.py:138 - INFO - 找到 20 条短评
2026-05-14 16:47:18 - douban_crawler - selenium_crawler.py:162 - INFO - ✅ 详情页爬取成功：https://movie.douban.com/subject/27010768/ | 评论数：15
2026-05-14 16:47:18 - douban_crawler - image_downloader.py:54 - INFO - 图片已存在且有效：天书奇谭 天书奇谭4K纪念版    The Legend o.jpg
2026-05-14 16:47:30 - douban_crawler - selenium_crawler.py:138 - INFO - 找到 20 条短评
2026-05-14 16:47:31 - douban_crawler - selenium_crawler.py:162 - INFO - ✅ 详情页爬取成功：https://movie.douban.com/subject/1428581/ | 评论数：15
2026-05-14 16:47:31 - douban_crawler - image_downloader.py:54 - INFO - 图片已存在且有效：蝙蝠侠：黑暗骑士崛起 蝙蝠侠前传3：黑暗骑士崛起    黑暗.jpg
2026-05-14 16:47:43 - douban_crawler - selenium_crawler.py:138 - INFO - 找到 20 条短评
2026-05-14 16:47:43 - douban_crawler - selenium_crawler.py:162 - INFO - ✅ 详情页爬取成功：https://movie.douban.com/subject/3395373/ | 评论数：15
2026-05-14 16:47:43 - douban_crawler - image_downloader.py:54 - INFO - 图片已存在且有效：超能陆战队 大英雄联盟_港_    大英雄天团_台_.jpg
2026-05-14 16:47:53 - douban_crawler - selenium_crawler.py:138 - INFO - 找到 20 条短评
2026-05-14 16:47:54 - douban_crawler - selenium_crawler.py:162 - INFO - ✅ 详情页爬取成功：https://movie.douban.com/subject/11026735/ | 评论数：15
2026-05-14 16:47:54 - douban_crawler - image_downloader.py:54 - INFO - 图片已存在且有效：7号房的礼物 戆爸的礼物_港_    7号囚房的礼物.jpg
2026-05-14 16:48:05 - douban_crawler - selenium_crawler.py:138 - INFO - 找到 20 条短评
2026-05-14 16:48:06 - douban_crawler - selenium_crawler.py:162 - INFO - ✅ 详情页爬取成功：https://movie.douban.com/subject/10777687/ | 评论数：15
2026-05-14 16:48:06 - douban_crawler - image_downloader.py:54 - INFO - 图片已存在且有效：茶馆 The Teahouse.jpg
2026-05-14 16:48:16 - douban_crawler - selenium_crawler.py:138 - INFO - 找到 20 条短评
2026-05-14 16:48:17 - douban_crawler - selenium_crawler.py:162 - INFO - ✅ 详情页爬取成功：https://movie.douban.com/subject/1461403/ | 评论数：15
2026-05-14 16:48:17 - douban_crawler - image_downloader.py:54 - INFO - 图片已存在且有效：第六感 鬼眼_港_    灵异第六感_台_.jpg
2026-05-14 16:48:27 - douban_crawler - selenium_crawler.py:138 - INFO - 找到 20 条短评
2026-05-14 16:48:28 - douban_crawler - selenium_crawler.py:162 - INFO - ✅ 详情页爬取成功：https://movie.douban.com/subject/1297630/ | 评论数：15
2026-05-14 16:48:28 - douban_crawler - image_downloader.py:54 - INFO - 图片已存在且有效：爱在黎明破晓前 情留半天_港_    爱在黎明破晓时_台_.jpg
2026-05-14 16:48:40 - douban_crawler - selenium_crawler.py:138 - INFO - 找到 20 条短评
2026-05-14 16:48:40 - douban_crawler - selenium_crawler.py:162 - INFO - ✅ 详情页爬取成功：https://movie.douban.com/subject/1296339/ | 评论数：15
2026-05-14 16:48:40 - douban_crawler - image_downloader.py:54 - INFO - 图片已存在且有效：爱在日落黄昏时 日落巴黎_港_    爱在日落巴黎时_台_.jpg
2026-05-14 16:48:52 - douban_crawler - selenium_crawler.py:138 - INFO - 找到 20 条短评
2026-05-14 16:48:52 - douban_crawler - selenium_crawler.py:162 - INFO - ✅ 详情页爬取成功：https://movie.douban.com/subject/1291990/ | 评论数：15
2026-05-14 16:48:52 - douban_crawler - image_downloader.py:54 - INFO - 图片已存在且有效：被嫌弃的松子的一生 花样奇缘_港_    令人讨厌的松子的一.jpg
2026-05-14 16:49:03 - douban_crawler - selenium_crawler.py:138 - INFO - 找到 20 条短评
2026-05-14 16:49:04 - douban_crawler - selenium_crawler.py:162 - INFO - ✅ 详情页爬取成功：https://movie.douban.com/subject/1787291/ | 评论数：15
2026-05-14 16:49:04 - douban_crawler - image_downloader.py:54 - INFO - 图片已存在且有效：头脑特工队 玩转脑朋友_港_    脑筋急转弯_台_.jpg
2026-05-14 16:49:13 - douban_crawler - selenium_crawler.py:138 - INFO - 找到 20 条短评
2026-05-14 16:49:14 - douban_crawler - selenium_crawler.py:162 - INFO - ✅ 详情页爬取成功：https://movie.douban.com/subject/10533913/ | 评论数：15
2026-05-14 16:49:14 - douban_crawler - image_downloader.py:54 - INFO - 图片已存在且有效：哈利·波特与火焰杯 哈利波特4：火杯的考验_港  台_.jpg
2026-05-14 16:49:25 - douban_crawler - selenium_crawler.py:138 - INFO - 找到 20 条短评
2026-05-14 16:49:26 - douban_crawler - selenium_crawler.py:162 - INFO - ✅ 详情页爬取成功：https://movie.douban.com/subject/1309055/ | 评论数：15
2026-05-14 16:49:26 - douban_crawler - image_downloader.py:54 - INFO - 图片已存在且有效：未麻的部屋 蓝色恐惧_港  台_.jpg
2026-05-14 16:49:37 - douban_crawler - selenium_crawler.py:138 - INFO - 找到 20 条短评
2026-05-14 16:49:38 - douban_crawler - selenium_crawler.py:162 - INFO - ✅ 详情页爬取成功：https://movie.douban.com/subject/1395091/ | 评论数：15
2026-05-14 16:49:38 - douban_crawler - image_downloader.py:54 - INFO - 图片已存在且有效：重庆森林 Chungking Express.jpg
2026-05-14 16:49:48 - douban_crawler - selenium_crawler.py:138 - INFO - 找到 20 条短评
2026-05-14 16:49:49 - douban_crawler - selenium_crawler.py:162 - INFO - ✅ 详情页爬取成功：https://movie.douban.com/subject/1291999/ | 评论数：15
2026-05-14 16:49:49 - douban_crawler - image_downloader.py:54 - INFO - 图片已存在且有效：借东西的小人阿莉埃蒂 借物少女艾莉缇_台_    借东西的小.jpg
2026-05-14 16:50:00 - douban_crawler - selenium_crawler.py:138 - INFO - 找到 20 条短评
2026-05-14 16:50:01 - douban_crawler - selenium_crawler.py:162 - INFO - ✅ 详情页爬取成功：https://movie.douban.com/subject/4202302/ | 评论数：15
2026-05-14 16:50:01 - douban_crawler - image_downloader.py:54 - INFO - 图片已存在且有效：菊次郎的夏天 菊次郎之夏    Kikujirô no na.jpg
2026-05-14 16:50:12 - douban_crawler - selenium_crawler.py:138 - INFO - 找到 20 条短评
2026-05-14 16:50:13 - douban_crawler - selenium_crawler.py:162 - INFO - ✅ 详情页爬取成功：https://movie.douban.com/subject/1293359/ | 评论数：15
2026-05-14 16:50:13 - douban_crawler - image_downloader.py:54 - INFO - 图片已存在且有效：入殓师 礼仪师之奏鸣曲_港_    礼仪师_台_.jpg
2026-05-14 16:50:29 - douban_crawler - selenium_crawler.py:138 - INFO - 找到 20 条短评
2026-05-14 16:50:29 - douban_crawler - selenium_crawler.py:162 - INFO - ✅ 详情页爬取成功：https://movie.douban.com/subject/2149806/ | 评论数：15
2026-05-14 16:50:29 - douban_crawler - image_downloader.py:54 - INFO - 图片已存在且有效：断背山 断臂山    BBM.jpg
2026-05-14 16:50:41 - douban_crawler - selenium_crawler.py:138 - INFO - 找到 20 条短评
2026-05-14 16:50:41 - douban_crawler - selenium_crawler.py:162 - INFO - ✅ 详情页爬取成功：https://movie.douban.com/subject/1418834/ | 评论数：15
2026-05-14 16:50:41 - douban_crawler - image_downloader.py:54 - INFO - 图片已存在且有效：剪刀手爱德华 幻海奇缘_港_    剪刀手爱德华.jpg
2026-05-14 16:50:54 - douban_crawler - selenium_crawler.py:138 - INFO - 找到 20 条短评
2026-05-14 16:50:54 - douban_crawler - selenium_crawler.py:162 - INFO - ✅ 详情页爬取成功：https://movie.douban.com/subject/1292370/ | 评论数：15
2026-05-14 16:50:54 - douban_crawler - image_downloader.py:54 - INFO - 图片已存在且有效：勇敢的心 惊世未了缘_港_    梅尔吉勃逊之英雄本色_台_.jpg
2026-05-14 16:51:05 - douban_crawler - selenium_crawler.py:138 - INFO - 找到 20 条短评
2026-05-14 16:51:06 - douban_crawler - selenium_crawler.py:162 - INFO - ✅ 详情页爬取成功：https://movie.douban.com/subject/1294639/ | 评论数：15
2026-05-14 16:51:06 - douban_crawler - image_downloader.py:54 - INFO - 图片已存在且有效：时空恋旅人 回到最爱的一天_港_    真爱每一天_台_.jpg
2026-05-14 16:51:18 - douban_crawler - selenium_crawler.py:138 - INFO - 找到 20 条短评
2026-05-14 16:51:19 - douban_crawler - selenium_crawler.py:162 - INFO - ✅ 详情页爬取成功：https://movie.douban.com/subject/10577869/ | 评论数：15
2026-05-14 16:51:19 - douban_crawler - image_downloader.py:54 - INFO - 图片已存在且有效：驯龙高手 驯龙记_港_.jpg
2026-05-14 16:51:31 - douban_crawler - selenium_crawler.py:138 - INFO - 找到 20 条短评
2026-05-14 16:51:31 - douban_crawler - selenium_crawler.py:162 - INFO - ✅ 详情页爬取成功：https://movie.douban.com/subject/2353023/ | 评论数：15
2026-05-14 16:51:31 - douban_crawler - requests_crawler.py:105 - INFO - 成功爬取：https://movie.douban.com/top250?start=100&filter= | 总数：25 | 成功解析：25
2026-05-14 16:51:31 - douban_crawler - base_crawler.py:19 - INFO - 休眠 2.81 秒
2026-05-14 16:51:34 - douban_crawler - image_downloader.py:54 - INFO - 图片已存在且有效：傲慢与偏见 傲慢与偏见2005    Pride And P.jpg
2026-05-14 16:51:44 - douban_crawler - selenium_crawler.py:138 - INFO - 找到 20 条短评
2026-05-14 16:51:45 - douban_crawler - selenium_crawler.py:162 - INFO - ✅ 详情页爬取成功：https://movie.douban.com/subject/1418200/ | 评论数：15
2026-05-14 16:51:45 - douban_crawler - image_downloader.py:54 - INFO - 图片已存在且有效：消失的爱人 失踪的女孩    失踪女孩.jpg
2026-05-14 16:51:57 - douban_crawler - selenium_crawler.py:138 - INFO - 找到 20 条短评
2026-05-14 16:51:57 - douban_crawler - selenium_crawler.py:162 - INFO - ✅ 详情页爬取成功：https://movie.douban.com/subject/21318488/ | 评论数：15
2026-05-14 16:51:57 - douban_crawler - image_downloader.py:54 - INFO - 图片已存在且有效：无人知晓 谁知赤子心_港_    无人知晓的夏日清晨_台_.jpg
2026-05-14 16:52:07 - douban_crawler - selenium_crawler.py:138 - INFO - 找到 20 条短评
2026-05-14 16:52:07 - douban_crawler - selenium_crawler.py:162 - INFO - ✅ 详情页爬取成功：https://movie.douban.com/subject/1292337/ | 评论数：15
2026-05-14 16:52:07 - douban_crawler - image_downloader.py:54 - INFO - 图片已存在且有效：倩女幽魂 倩女幽魂_87版_    倩女幽魂：妖魔道.jpg
2026-05-14 16:52:17 - douban_crawler - selenium_crawler.py:138 - INFO - 找到 20 条短评
2026-05-14 16:52:18 - douban_crawler - selenium_crawler.py:162 - INFO - ✅ 详情页爬取成功：https://movie.douban.com/subject/1297447/ | 评论数：15
2026-05-14 16:52:18 - douban_crawler - image_downloader.py:54 - INFO - 图片已存在且有效：新世界 暗黑新世界_台_    New World.jpg
2026-05-14 16:52:29 - douban_crawler - selenium_crawler.py:138 - INFO - 找到 20 条短评
2026-05-14 16:52:29 - douban_crawler - selenium_crawler.py:162 - INFO - ✅ 详情页爬取成功：https://movie.douban.com/subject/10437779/ | 评论数：15
2026-05-14 16:52:29 - douban_crawler - image_downloader.py:54 - INFO - 图片已存在且有效：花样年华 花样年华导演特别版    花样年华4K修复版.jpg
2026-05-14 16:52:40 - douban_crawler - selenium_crawler.py:138 - INFO - 找到 20 条短评
2026-05-14 16:52:41 - douban_crawler - selenium_crawler.py:162 - INFO - ✅ 详情页爬取成功：https://movie.douban.com/subject/1291557/ | 评论数：15
2026-05-14 16:52:41 - douban_crawler - image_downloader.py:54 - INFO - 图片已存在且有效：玩具总动员3 反斗奇兵3_港_    玩具的故事3.jpg
2026-05-14 16:52:53 - douban_crawler - selenium_crawler.py:138 - INFO - 找到 20 条短评
2026-05-14 16:52:53 - douban_crawler - selenium_crawler.py:162 - INFO - ✅ 详情页爬取成功：https://movie.douban.com/subject/1858711/ | 评论数：15
2026-05-14 16:52:53 - douban_crawler - image_downloader.py:54 - INFO - 图片已存在且有效：一个叫欧维的男人决定去死 明天别再来敲门_台_    想死冇.jpg
2026-05-14 16:53:04 - douban_crawler - selenium_crawler.py:138 - INFO - 找到 20 条短评
2026-05-14 16:53:04 - douban_crawler - selenium_crawler.py:162 - INFO - ✅ 详情页爬取成功：https://movie.douban.com/subject/26628357/ | 评论数：15
2026-05-14 16:53:04 - douban_crawler - image_downloader.py:54 - INFO - 图片已存在且有效：色，戒 色_戒    色·戒.jpg
2026-05-14 16:53:14 - douban_crawler - selenium_crawler.py:138 - INFO - 找到 20 条短评
2026-05-14 16:53:15 - douban_crawler - selenium_crawler.py:162 - INFO - ✅ 详情页爬取成功：https://movie.douban.com/subject/1828115/ | 评论数：15
2026-05-14 16:53:15 - douban_crawler - image_downloader.py:54 - INFO - 图片已存在且有效：完美的世界 强盗保镳.jpg
2026-05-14 16:53:23 - douban_crawler - selenium_crawler.py:138 - INFO - 找到 20 条短评
2026-05-14 16:53:24 - douban_crawler - selenium_crawler.py:162 - INFO - ✅ 详情页爬取成功：https://movie.douban.com/subject/1300992/ | 评论数：15
2026-05-14 16:53:24 - douban_crawler - image_downloader.py:54 - INFO - 图片已存在且有效：怪兽电力公司 怪兽公司_港_    怪物公司.jpg
2026-05-14 16:53:37 - douban_crawler - selenium_crawler.py:138 - INFO - 找到 20 条短评
2026-05-14 16:53:37 - douban_crawler - selenium_crawler.py:162 - INFO - ✅ 详情页爬取成功：https://movie.douban.com/subject/1291579/ | 评论数：15
2026-05-14 16:53:37 - douban_crawler - image_downloader.py:54 - INFO - 图片已存在且有效：阳光灿烂的日子 In the Heat of the Sun.jpg
2026-05-14 16:53:46 - douban_crawler - selenium_crawler.py:138 - INFO - 找到 20 条短评
2026-05-14 16:53:47 - douban_crawler - selenium_crawler.py:162 - INFO - ✅ 详情页爬取成功：https://movie.douban.com/subject/1291875/ | 评论数：15
2026-05-14 16:53:47 - douban_crawler - image_downloader.py:54 - INFO - 图片已存在且有效：教父3 教父第三集    教父 III.jpg
2026-05-14 16:53:57 - douban_crawler - selenium_crawler.py:138 - INFO - 找到 20 条短评
2026-05-14 16:53:58 - douban_crawler - selenium_crawler.py:162 - INFO - ✅ 详情页爬取成功：https://movie.douban.com/subject/1294240/ | 评论数：15
2026-05-14 16:53:58 - douban_crawler - image_downloader.py:54 - INFO - 图片已存在且有效：小森林 夏秋篇 小森食光  夏秋篇_台_.jpg
2026-05-14 16:54:07 - douban_crawler - selenium_crawler.py:138 - INFO - 找到 20 条短评
2026-05-14 16:54:08 - douban_crawler - selenium_crawler.py:162 - INFO - ✅ 详情页爬取成功：https://movie.douban.com/subject/25814705/ | 评论数：15
2026-05-14 16:54:08 - douban_crawler - image_downloader.py:54 - INFO - 图片已存在且有效：天使爱美丽 艾蜜莉的异想世界_台_    天使艾米莉.jpg
2026-05-14 16:54:20 - douban_crawler - selenium_crawler.py:138 - INFO - 找到 20 条短评
2026-05-14 16:54:21 - douban_crawler - selenium_crawler.py:162 - INFO - ✅ 详情页爬取成功：https://movie.douban.com/subject/1292215/ | 评论数：15
2026-05-14 16:54:21 - douban_crawler - image_downloader.py:54 - INFO - 图片已存在且有效：侧耳倾听 心之谷_台_    梦幻街少女_港_.jpg
2026-05-14 16:54:31 - douban_crawler - selenium_crawler.py:138 - INFO - 找到 20 条短评
2026-05-14 16:54:31 - douban_crawler - selenium_crawler.py:162 - INFO - ✅ 详情页爬取成功：https://movie.douban.com/subject/1297052/ | 评论数：15
2026-05-14 16:54:31 - douban_crawler - image_downloader.py:54 - INFO - 图片已存在且有效：哪吒闹海 Prince Nezha_s Triumph Ag.jpg
2026-05-14 16:54:43 - douban_crawler - selenium_crawler.py:138 - INFO - 找到 20 条短评
2026-05-14 16:54:43 - douban_crawler - selenium_crawler.py:162 - INFO - ✅ 详情页爬取成功：https://movie.douban.com/subject/1307315/ | 评论数：15
2026-05-14 16:54:43 - douban_crawler - image_downloader.py:54 - INFO - 图片已存在且有效：九品芝麻官 九品芝麻官之白面包青天    Hail the.jpg
2026-05-14 16:54:52 - douban_crawler - selenium_crawler.py:138 - INFO - 找到 20 条短评
2026-05-14 16:54:53 - douban_crawler - selenium_crawler.py:162 - INFO - ✅ 详情页爬取成功：https://movie.douban.com/subject/1297518/ | 评论数：15
2026-05-14 16:54:53 - douban_crawler - image_downloader.py:54 - INFO - 图片已存在且有效：被解救的姜戈 被解放的姜戈    决杀令_台_.jpg
2026-05-14 16:55:03 - douban_crawler - selenium_crawler.py:138 - INFO - 找到 20 条短评
2026-05-14 16:55:04 - douban_crawler - selenium_crawler.py:162 - INFO - ✅ 详情页爬取成功：https://movie.douban.com/subject/6307447/ | 评论数：15
2026-05-14 16:55:04 - douban_crawler - image_downloader.py:54 - INFO - 图片已存在且有效：请以你的名字呼唤我 以你的名字呼唤我_港  台_.jpg
2026-05-14 16:55:15 - douban_crawler - selenium_crawler.py:138 - INFO - 找到 20 条短评
2026-05-14 16:55:16 - douban_crawler - selenium_crawler.py:162 - INFO - ✅ 详情页爬取成功：https://movie.douban.com/subject/26799731/ | 评论数：15
2026-05-14 16:55:16 - douban_crawler - image_downloader.py:54 - INFO - 图片已存在且有效：幸福终点站 机场客运站_港_    航站情缘_台_.jpg
2026-05-14 16:55:26 - douban_crawler - selenium_crawler.py:138 - INFO - 找到 20 条短评
2026-05-14 16:55:27 - douban_crawler - selenium_crawler.py:162 - INFO - ✅ 详情页爬取成功：https://movie.douban.com/subject/1292274/ | 评论数：15
2026-05-14 16:55:27 - douban_crawler - image_downloader.py:54 - INFO - 图片已存在且有效：釜山行 尸杀列车_港_    尸速列车_台_.jpg
2026-05-14 16:55:38 - douban_crawler - selenium_crawler.py:138 - INFO - 找到 20 条短评
2026-05-14 16:55:38 - douban_crawler - selenium_crawler.py:162 - INFO - ✅ 详情页爬取成功：https://movie.douban.com/subject/25986180/ | 评论数：15
2026-05-14 16:55:38 - douban_crawler - image_downloader.py:54 - INFO - 图片已存在且有效：神偷奶爸 卑鄙的我    坏蛋奖门人_港_.jpg
2026-05-14 16:55:48 - douban_crawler - selenium_crawler.py:138 - INFO - 找到 20 条短评
2026-05-14 16:55:48 - douban_crawler - selenium_crawler.py:162 - INFO - ✅ 详情页爬取成功：https://movie.douban.com/subject/3287562/ | 评论数：15
2026-05-14 16:55:48 - douban_crawler - image_downloader.py:54 - INFO - 图片已存在且有效：小森林 冬春篇 小森食光  冬春篇_台_.jpg
2026-05-14 16:55:58 - douban_crawler - selenium_crawler.py:138 - INFO - 找到 20 条短评
2026-05-14 16:55:58 - douban_crawler - selenium_crawler.py:162 - INFO - ✅ 详情页爬取成功：https://movie.douban.com/subject/25814707/ | 评论数：15
2026-05-14 16:55:58 - douban_crawler - image_downloader.py:54 - INFO - 图片已存在且有效：喜宴 The Wedding Banquet.jpg
2026-05-14 16:56:10 - douban_crawler - selenium_crawler.py:138 - INFO - 找到 20 条短评
2026-05-14 16:56:11 - douban_crawler - selenium_crawler.py:162 - INFO - ✅ 详情页爬取成功：https://movie.douban.com/subject/1303037/ | 评论数：15
2026-05-14 16:56:11 - douban_crawler - requests_crawler.py:105 - INFO - 成功爬取：https://movie.douban.com/top250?start=125&filter= | 总数：25 | 成功解析：25
2026-05-14 16:56:11 - douban_crawler - base_crawler.py:19 - INFO - 休眠 4.68 秒
2026-05-14 16:56:16 - douban_crawler - image_downloader.py:54 - INFO - 图片已存在且有效：萤火之森 萤火之社    Hotarubi no mori.jpg
2026-05-14 16:56:26 - douban_crawler - selenium_crawler.py:138 - INFO - 找到 20 条短评
2026-05-14 16:56:26 - douban_crawler - selenium_crawler.py:162 - INFO - ✅ 详情页爬取成功：https://movie.douban.com/subject/5989818/ | 评论数：15
2026-05-14 16:56:26 - douban_crawler - image_downloader.py:54 - INFO - 图片已存在且有效：告白 自白    母亲.jpg
2026-05-14 16:56:39 - douban_crawler - selenium_crawler.py:138 - INFO - 找到 20 条短评
2026-05-14 16:56:39 - douban_crawler - selenium_crawler.py:162 - INFO - ✅ 详情页爬取成功：https://movie.douban.com/subject/4268598/ | 评论数：15
2026-05-14 16:56:39 - douban_crawler - image_downloader.py:54 - INFO - 图片已存在且有效：七武士 七侠四义_港_    七剑客_港_.jpg
2026-05-14 16:56:51 - douban_crawler - selenium_crawler.py:138 - INFO - 找到 20 条短评
2026-05-14 16:56:52 - douban_crawler - selenium_crawler.py:162 - INFO - ✅ 详情页爬取成功：https://movie.douban.com/subject/1295399/ | 评论数：15
2026-05-14 16:56:52 - douban_crawler - image_downloader.py:54 - INFO - 图片已存在且有效：玛丽和麦克斯 玛丽和马克思    巧克力情缘_台_.jpg
2026-05-14 16:57:04 - douban_crawler - selenium_crawler.py:138 - INFO - 找到 20 条短评
2026-05-14 16:57:04 - douban_crawler - selenium_crawler.py:162 - INFO - ✅ 详情页爬取成功：https://movie.douban.com/subject/3072124/ | 评论数：15
2026-05-14 16:57:04 - douban_crawler - image_downloader.py:54 - INFO - 图片已存在且有效：头号玩家 玩家一号    挑战者1号_港_.jpg
2026-05-14 16:57:14 - douban_crawler - selenium_crawler.py:138 - INFO - 找到 20 条短评
2026-05-14 16:57:15 - douban_crawler - selenium_crawler.py:162 - INFO - ✅ 详情页爬取成功：https://movie.douban.com/subject/4920389/ | 评论数：15
2026-05-14 16:57:15 - douban_crawler - image_downloader.py:54 - INFO - 图片已存在且有效：模仿游戏 解码游戏_港_    模拟游戏.jpg
2026-05-14 16:57:25 - douban_crawler - selenium_crawler.py:138 - INFO - 找到 20 条短评
2026-05-14 16:57:25 - douban_crawler - selenium_crawler.py:162 - INFO - ✅ 详情页爬取成功：https://movie.douban.com/subject/10463953/ | 评论数：15
2026-05-14 16:57:25 - douban_crawler - image_downloader.py:54 - INFO - 图片已存在且有效：惊魂记 精神病患者    触目惊心_港_.jpg
2026-05-14 16:57:35 - douban_crawler - selenium_crawler.py:138 - INFO - 找到 20 条短评
2026-05-14 16:57:36 - douban_crawler - selenium_crawler.py:162 - INFO - ✅ 详情页爬取成功：https://movie.douban.com/subject/1293181/ | 评论数：15
2026-05-14 16:57:36 - douban_crawler - image_downloader.py:54 - INFO - 图片已存在且有效：机器人之梦 再见机器人_台_    汪汪梦里人_港_.jpg
2026-05-14 16:57:44 - douban_crawler - selenium_crawler.py:138 - INFO - 找到 20 条短评
2026-05-14 16:57:45 - douban_crawler - selenium_crawler.py:162 - INFO - ✅ 详情页爬取成功：https://movie.douban.com/subject/35426925/ | 评论数：15
2026-05-14 16:57:45 - douban_crawler - image_downloader.py:54 - INFO - 图片已存在且有效：大鱼 大鱼奇缘_港_    大智若鱼_台_.jpg
2026-05-14 16:57:56 - douban_crawler - selenium_crawler.py:138 - INFO - 找到 20 条短评
2026-05-14 16:57:57 - douban_crawler - selenium_crawler.py:162 - INFO - ✅ 详情页爬取成功：https://movie.douban.com/subject/1291545/ | 评论数：15
2026-05-14 16:57:57 - douban_crawler - image_downloader.py:54 - INFO - 图片已存在且有效：心灵奇旅 灵魂奇遇记_港_    灵魂急转弯_台_.jpg
2026-05-14 16:58:11 - douban_crawler - selenium_crawler.py:138 - INFO - 找到 20 条短评
2026-05-14 16:58:11 - douban_crawler - selenium_crawler.py:162 - INFO - ✅ 详情页爬取成功：https://movie.douban.com/subject/24733428/ | 评论数：15
2026-05-14 16:58:11 - douban_crawler - image_downloader.py:54 - INFO - 图片已存在且有效：背靠背，脸对脸 背对背，脸对脸    Back to Bac.jpg
2026-05-14 16:58:26 - douban_crawler - selenium_crawler.py:138 - INFO - 找到 20 条短评
2026-05-14 16:58:27 - douban_crawler - selenium_crawler.py:162 - INFO - ✅ 详情页爬取成功：https://movie.douban.com/subject/1307856/ | 评论数：15
2026-05-14 16:58:27 - douban_crawler - image_downloader.py:54 - INFO - 图片已存在且有效：血战钢锯岭 钢锯岭    钢铁英雄_台_.jpg
2026-05-14 16:58:39 - douban_crawler - selenium_crawler.py:138 - INFO - 找到 20 条短评
2026-05-14 16:58:40 - douban_crawler - selenium_crawler.py:162 - INFO - ✅ 详情页爬取成功：https://movie.douban.com/subject/26325320/ | 评论数：15
2026-05-14 16:58:40 - douban_crawler - image_downloader.py:54 - INFO - 图片已存在且有效：射雕英雄传之东成西就 东成西就    大英雄 _日本_.jpg
2026-05-14 16:58:50 - douban_crawler - selenium_crawler.py:138 - INFO - 找到 20 条短评
2026-05-14 16:58:51 - douban_crawler - selenium_crawler.py:162 - INFO - ✅ 详情页爬取成功：https://movie.douban.com/subject/1316510/ | 评论数：15
2026-05-14 16:58:51 - douban_crawler - image_downloader.py:54 - INFO - 图片已存在且有效：你的名字。 你的名字    君之名.jpg
2026-05-14 16:59:03 - douban_crawler - selenium_crawler.py:138 - INFO - 找到 20 条短评
2026-05-14 16:59:04 - douban_crawler - selenium_crawler.py:162 - INFO - ✅ 详情页爬取成功：https://movie.douban.com/subject/26683290/ | 评论数：15
2026-05-14 16:59:04 - douban_crawler - image_downloader.py:54 - INFO - 图片已存在且有效：我是山姆 不一样的爸爸_港_    他不笨，他是我爸爸_台_.jpg
2026-05-14 16:59:14 - douban_crawler - selenium_crawler.py:138 - INFO - 找到 20 条短评
2026-05-14 16:59:15 - douban_crawler - selenium_crawler.py:162 - INFO - ✅ 详情页爬取成功：https://movie.douban.com/subject/1306861/ | 评论数：15
2026-05-14 16:59:15 - douban_crawler - image_downloader.py:54 - INFO - 图片已存在且有效：阳光姐妹淘 阳光姊妹淘_港_    桑尼.jpg
2026-05-14 16:59:26 - douban_crawler - selenium_crawler.py:138 - INFO - 找到 20 条短评
2026-05-14 16:59:26 - douban_crawler - selenium_crawler.py:162 - INFO - ✅ 详情页爬取成功：https://movie.douban.com/subject/4917726/ | 评论数：15
2026-05-14 16:59:26 - douban_crawler - image_downloader.py:54 - INFO - 图片已存在且有效：末路狂花 塞尔玛与路易丝.jpg
2026-05-14 16:59:38 - douban_crawler - selenium_crawler.py:138 - INFO - 找到 20 条短评
2026-05-14 16:59:38 - douban_crawler - selenium_crawler.py:162 - INFO - ✅ 详情页爬取成功：https://movie.douban.com/subject/1291992/ | 评论数：15
2026-05-14 16:59:38 - douban_crawler - image_downloader.py:54 - INFO - 图片已存在且有效：恐怖直播 死亡“动”新闻_港_    恐怖攻击直播_台_.jpg
2026-05-14 16:59:50 - douban_crawler - selenium_crawler.py:138 - INFO - 找到 20 条短评
2026-05-14 16:59:51 - douban_crawler - selenium_crawler.py:162 - INFO - ✅ 详情页爬取成功：https://movie.douban.com/subject/21360417/ | 评论数：15
2026-05-14 16:59:51 - douban_crawler - image_downloader.py:54 - INFO - 图片已存在且有效：黑客帝国3：矩阵革命 22世纪杀人网络3：惊变世纪_港_.jpg
2026-05-14 17:00:02 - douban_crawler - selenium_crawler.py:138 - INFO - 找到 20 条短评
2026-05-14 17:00:03 - douban_crawler - selenium_crawler.py:162 - INFO - ✅ 详情页爬取成功：https://movie.douban.com/subject/1302467/ | 评论数：15
2026-05-14 17:00:03 - douban_crawler - image_downloader.py:54 - INFO - 图片已存在且有效：高山下的花环 卫国军魂_港_    Wreaths at t.jpg
2026-05-14 17:00:12 - douban_crawler - selenium_crawler.py:138 - INFO - 找到 20 条短评
2026-05-14 17:00:13 - douban_crawler - selenium_crawler.py:162 - INFO - ✅ 详情页爬取成功：https://movie.douban.com/subject/1422283/ | 评论数：15
2026-05-14 17:00:13 - douban_crawler - image_downloader.py:54 - INFO - 图片已存在且有效：小丑 小丑起源电影：罗密欧    Romeo.jpg
2026-05-14 17:00:24 - douban_crawler - selenium_crawler.py:138 - INFO - 找到 20 条短评
2026-05-14 17:00:25 - douban_crawler - selenium_crawler.py:162 - INFO - ✅ 详情页爬取成功：https://movie.douban.com/subject/27119724/ | 评论数：15
2026-05-14 17:00:25 - douban_crawler - image_downloader.py:54 - INFO - 图片已存在且有效：谍影重重3 叛谍追击3：最后通牒_港_    神鬼认证：最后.jpg
2026-05-14 17:00:35 - douban_crawler - selenium_crawler.py:138 - INFO - 找到 20 条短评
2026-05-14 17:00:35 - douban_crawler - selenium_crawler.py:162 - INFO - ✅ 详情页爬取成功：https://movie.douban.com/subject/1578507/ | 评论数：15
2026-05-14 17:00:35 - douban_crawler - image_downloader.py:54 - INFO - 图片已存在且有效：三块广告牌 广告牌杀人事件_港_    意外_台_.jpg
2026-05-14 17:00:48 - douban_crawler - selenium_crawler.py:138 - INFO - 找到 20 条短评
2026-05-14 17:00:48 - douban_crawler - selenium_crawler.py:162 - INFO - ✅ 详情页爬取成功：https://movie.douban.com/subject/26611804/ | 评论数：15
2026-05-14 17:00:48 - douban_crawler - image_downloader.py:54 - INFO - 图片已存在且有效：电锯惊魂 恐惧斗室_港_    夺魂锯_台_.jpg
2026-05-14 17:01:00 - douban_crawler - selenium_crawler.py:138 - INFO - 找到 20 条短评
2026-05-14 17:01:00 - douban_crawler - selenium_crawler.py:162 - INFO - ✅ 详情页爬取成功：https://movie.douban.com/subject/1417598/ | 评论数：15
2026-05-14 17:01:00 - douban_crawler - image_downloader.py:54 - INFO - 图片已存在且有效：无间道2 无间道前传    Infernal Affairs.jpg
2026-05-14 17:01:11 - douban_crawler - selenium_crawler.py:138 - INFO - 找到 20 条短评
2026-05-14 17:01:11 - douban_crawler - selenium_crawler.py:162 - INFO - ✅ 详情页爬取成功：https://movie.douban.com/subject/1307106/ | 评论数：15
2026-05-14 17:01:11 - douban_crawler - requests_crawler.py:105 - INFO - 成功爬取：https://movie.douban.com/top250?start=150&filter= | 总数：25 | 成功解析：25
2026-05-14 17:01:11 - douban_crawler - base_crawler.py:19 - INFO - 休眠 2.95 秒
2026-05-14 17:01:16 - douban_crawler - image_downloader.py:54 - INFO - 图片已存在且有效：达拉斯买家俱乐部 续命枭雄_港_    药命俱乐部_台_.jpg
2026-05-14 17:01:27 - douban_crawler - selenium_crawler.py:138 - INFO - 找到 20 条短评
2026-05-14 17:01:28 - douban_crawler - selenium_crawler.py:162 - INFO - ✅ 详情页爬取成功：https://movie.douban.com/subject/1793929/ | 评论数：15
2026-05-14 17:01:28 - douban_crawler - image_downloader.py:54 - INFO - 图片已存在且有效：疯狂原始人 古鲁家族_港  台_.jpg
2026-05-14 17:01:39 - douban_crawler - selenium_crawler.py:138 - INFO - 找到 20 条短评
2026-05-14 17:01:39 - douban_crawler - selenium_crawler.py:162 - INFO - ✅ 详情页爬取成功：https://movie.douban.com/subject/1907966/ | 评论数：15
2026-05-14 17:01:39 - douban_crawler - image_downloader.py:54 - INFO - 图片已存在且有效：绿里奇迹 绿色奇迹_台_    绿色英里.jpg
2026-05-14 17:01:51 - douban_crawler - selenium_crawler.py:138 - INFO - 找到 20 条短评
2026-05-14 17:01:51 - douban_crawler - selenium_crawler.py:162 - INFO - ✅ 详情页爬取成功：https://movie.douban.com/subject/1300374/ | 评论数：15
2026-05-14 17:01:51 - douban_crawler - image_downloader.py:54 - INFO - 图片已存在且有效：爱在午夜降临前 情约半生_港_    爱在午夜希腊时_台_.jpg
2026-05-14 17:02:03 - douban_crawler - selenium_crawler.py:138 - INFO - 找到 20 条短评
2026-05-14 17:02:04 - douban_crawler - selenium_crawler.py:162 - INFO - ✅ 详情页爬取成功：https://movie.douban.com/subject/10808442/ | 评论数：15
2026-05-14 17:02:04 - douban_crawler - image_downloader.py:54 - INFO - 图片已存在且有效：疯狂的石头 Crazy Stone.jpg
2026-05-14 17:02:14 - douban_crawler - selenium_crawler.py:138 - INFO - 找到 20 条短评
2026-05-14 17:02:14 - douban_crawler - selenium_crawler.py:162 - INFO - ✅ 详情页爬取成功：https://movie.douban.com/subject/1862151/ | 评论数：15
2026-05-14 17:02:14 - douban_crawler - image_downloader.py:54 - INFO - 图片已存在且有效：雨中曲 万花嬉春_港  台_.jpg
2026-05-14 17:02:25 - douban_crawler - selenium_crawler.py:138 - INFO - 找到 20 条短评
2026-05-14 17:02:25 - douban_crawler - selenium_crawler.py:162 - INFO - ✅ 详情页爬取成功：https://movie.douban.com/subject/1293460/ | 评论数：15
2026-05-14 17:02:25 - douban_crawler - image_downloader.py:54 - INFO - 图片已存在且有效：2001太空漫游 2001：星际漫游    2001：太空奥.jpg
2026-05-14 17:02:36 - douban_crawler - selenium_crawler.py:138 - INFO - 找到 20 条短评
2026-05-14 17:02:36 - douban_crawler - selenium_crawler.py:162 - INFO - ✅ 详情页爬取成功：https://movie.douban.com/subject/1292226/ | 评论数：15
2026-05-14 17:02:36 - douban_crawler - image_downloader.py:54 - INFO - 图片已存在且有效：海街日记 海街女孩日记_港_    Kamakura Dia.jpg
2026-05-14 17:02:47 - douban_crawler - selenium_crawler.py:138 - INFO - 找到 20 条短评
2026-05-14 17:02:47 - douban_crawler - selenium_crawler.py:162 - INFO - ✅ 详情页爬取成功：https://movie.douban.com/subject/25895901/ | 评论数：15
2026-05-14 17:02:47 - douban_crawler - image_downloader.py:54 - INFO - 图片已存在且有效：风之谷 风谷少女    Kaze no tani no Na.jpg
2026-05-14 17:02:57 - douban_crawler - selenium_crawler.py:138 - INFO - 找到 20 条短评
2026-05-14 17:02:58 - douban_crawler - selenium_crawler.py:162 - INFO - ✅ 详情页爬取成功：https://movie.douban.com/subject/1291585/ | 评论数：15
2026-05-14 17:02:58 - douban_crawler - image_downloader.py:54 - INFO - 图片已存在且有效：上帝之城 无主之城_港_    无法无天_台_.jpg
2026-05-14 17:03:09 - douban_crawler - selenium_crawler.py:138 - INFO - 找到 20 条短评
2026-05-14 17:03:10 - douban_crawler - selenium_crawler.py:162 - INFO - ✅ 详情页爬取成功：https://movie.douban.com/subject/1292208/ | 评论数：15
2026-05-14 17:03:10 - douban_crawler - image_downloader.py:54 - INFO - 图片已存在且有效：心迷宫 殡棺    The Coffin in the Mo.jpg
2026-05-14 17:03:20 - douban_crawler - selenium_crawler.py:138 - INFO - 找到 20 条短评
2026-05-14 17:03:21 - douban_crawler - selenium_crawler.py:162 - INFO - ✅ 详情页爬取成功：https://movie.douban.com/subject/25917973/ | 评论数：15
2026-05-14 17:03:21 - douban_crawler - image_downloader.py:54 - INFO - 图片已存在且有效：英雄本色 A Better Tomorrow    Gang.jpg
2026-05-14 17:03:30 - douban_crawler - selenium_crawler.py:138 - INFO - 找到 20 条短评
2026-05-14 17:03:30 - douban_crawler - selenium_crawler.py:162 - INFO - ✅ 详情页爬取成功：https://movie.douban.com/subject/1297574/ | 评论数：15
2026-05-14 17:03:30 - douban_crawler - image_downloader.py:54 - INFO - 图片已存在且有效：记忆碎片 凶心人_港_    记忆拼图_台_.jpg
2026-05-14 17:03:41 - douban_crawler - selenium_crawler.py:138 - INFO - 找到 20 条短评
2026-05-14 17:03:42 - douban_crawler - selenium_crawler.py:162 - INFO - ✅ 详情页爬取成功：https://movie.douban.com/subject/1304447/ | 评论数：15
2026-05-14 17:03:42 - douban_crawler - image_downloader.py:54 - INFO - 图片已存在且有效：纵横四海 Once a Thief.jpg
2026-05-14 17:03:53 - douban_crawler - selenium_crawler.py:138 - INFO - 找到 20 条短评
2026-05-14 17:03:53 - douban_crawler - selenium_crawler.py:162 - INFO - ✅ 详情页爬取成功：https://movie.douban.com/subject/1295409/ | 评论数：15
2026-05-14 17:03:53 - douban_crawler - image_downloader.py:54 - INFO - 图片已存在且有效：无敌破坏王 破坏王拉尔夫    破坏王大冒险.jpg
2026-05-14 17:04:05 - douban_crawler - selenium_crawler.py:138 - INFO - 找到 20 条短评
2026-05-14 17:04:06 - douban_crawler - selenium_crawler.py:162 - INFO - ✅ 详情页爬取成功：https://movie.douban.com/subject/6534248/ | 评论数：15
2026-05-14 17:04:06 - douban_crawler - image_downloader.py:54 - INFO - 图片已存在且有效：卢旺达饭店 卢安达饭店_台_.jpg
2026-05-14 17:04:17 - douban_crawler - selenium_crawler.py:138 - INFO - 找到 20 条短评
2026-05-14 17:04:17 - douban_crawler - selenium_crawler.py:162 - INFO - ✅ 详情页爬取成功：https://movie.douban.com/subject/1291822/ | 评论数：15
2026-05-14 17:04:17 - douban_crawler - image_downloader.py:54 - INFO - 图片已存在且有效：牯岭街少年杀人事件 A Brighter Summer Da.jpg
2026-05-14 17:04:29 - douban_crawler - selenium_crawler.py:138 - INFO - 找到 20 条短评
2026-05-14 17:04:30 - douban_crawler - selenium_crawler.py:162 - INFO - ✅ 详情页爬取成功：https://movie.douban.com/subject/1292329/ | 评论数：15
2026-05-14 17:04:30 - douban_crawler - image_downloader.py:54 - INFO - 图片已存在且有效：恐怖游轮 汪洋血迷宮_台_    轮回三角.jpg
2026-05-14 17:04:41 - douban_crawler - selenium_crawler.py:138 - INFO - 找到 20 条短评
2026-05-14 17:04:42 - douban_crawler - selenium_crawler.py:162 - INFO - ✅ 详情页爬取成功：https://movie.douban.com/subject/3011051/ | 评论数：15
2026-05-14 17:04:42 - douban_crawler - image_downloader.py:54 - INFO - 图片已存在且有效：东京教父 Tokyo Godfathers.jpg
2026-05-14 17:04:52 - douban_crawler - selenium_crawler.py:138 - INFO - 找到 20 条短评
2026-05-14 17:04:53 - douban_crawler - selenium_crawler.py:162 - INFO - ✅ 详情页爬取成功：https://movie.douban.com/subject/1310177/ | 评论数：15
2026-05-14 17:04:53 - douban_crawler - image_downloader.py:54 - INFO - 图片已存在且有效：小偷家族 Shoplifters    Une Affair.jpg
2026-05-14 17:05:03 - douban_crawler - selenium_crawler.py:138 - INFO - 找到 20 条短评
2026-05-14 17:05:04 - douban_crawler - selenium_crawler.py:162 - INFO - ✅ 详情页爬取成功：https://movie.douban.com/subject/27622447/ | 评论数：15
2026-05-14 17:05:04 - douban_crawler - image_downloader.py:54 - INFO - 图片已存在且有效：魔女宅急便 魔女琪琪_台_    小魔女限时专送.jpg
2026-05-14 17:05:15 - douban_crawler - selenium_crawler.py:138 - INFO - 找到 20 条短评
2026-05-14 17:05:16 - douban_crawler - selenium_crawler.py:162 - INFO - ✅ 详情页爬取成功：https://movie.douban.com/subject/1307811/ | 评论数：15
2026-05-14 17:05:16 - douban_crawler - image_downloader.py:54 - INFO - 图片已存在且有效：冰川时代 冰河世纪    冰原历险记.jpg
2026-05-14 17:05:26 - douban_crawler - selenium_crawler.py:138 - INFO - 找到 20 条短评
2026-05-14 17:05:27 - douban_crawler - selenium_crawler.py:162 - INFO - ✅ 详情页爬取成功：https://movie.douban.com/subject/1291578/ | 评论数：15
2026-05-14 17:05:27 - douban_crawler - image_downloader.py:54 - INFO - 图片已存在且有效：芙蓉镇 Hibiscus Town.jpg
2026-05-14 17:05:39 - douban_crawler - selenium_crawler.py:138 - INFO - 找到 20 条短评
2026-05-14 17:05:40 - douban_crawler - selenium_crawler.py:162 - INFO - ✅ 详情页爬取成功：https://movie.douban.com/subject/1297880/ | 评论数：15
2026-05-14 17:05:40 - douban_crawler - image_downloader.py:54 - INFO - 图片已存在且有效：忠犬八公物语 八千公物语    阿八的故事.jpg
2026-05-14 17:05:49 - douban_crawler - selenium_crawler.py:138 - INFO - 找到 20 条短评
2026-05-14 17:05:50 - douban_crawler - selenium_crawler.py:162 - INFO - ✅ 详情页爬取成功：https://movie.douban.com/subject/1959195/ | 评论数：15
2026-05-14 17:05:50 - douban_crawler - image_downloader.py:54 - INFO - 图片已存在且有效：岁月神偷 1969太空漫游    Echoes Of The.jpg
2026-05-14 17:06:00 - douban_crawler - selenium_crawler.py:138 - INFO - 找到 20 条短评
2026-05-14 17:06:01 - douban_crawler - selenium_crawler.py:162 - INFO - ✅ 详情页爬取成功：https://movie.douban.com/subject/3792799/ | 评论数：15
2026-05-14 17:06:01 - douban_crawler - requests_crawler.py:105 - INFO - 成功爬取：https://movie.douban.com/top250?start=175&filter= | 总数：25 | 成功解析：25
2026-05-14 17:06:01 - douban_crawler - base_crawler.py:19 - INFO - 休眠 2.96 秒
2026-05-14 17:06:04 - douban_crawler - image_downloader.py:54 - INFO - 图片已存在且有效：遗愿清单 玩转身前事_港_    一路玩到挂_台_.jpg
2026-05-14 17:06:14 - douban_crawler - selenium_crawler.py:138 - INFO - 找到 20 条短评
2026-05-14 17:06:15 - douban_crawler - selenium_crawler.py:162 - INFO - ✅ 详情页爬取成功：https://movie.douban.com/subject/1867345/ | 评论数：15
2026-05-14 17:06:15 - douban_crawler - image_downloader.py:54 - INFO - 图片已存在且有效：荒蛮故事 蛮荒故事    生命中最抓狂的小事_台_.jpg
2026-05-14 17:06:25 - douban_crawler - selenium_crawler.py:138 - INFO - 找到 20 条短评
2026-05-14 17:06:25 - douban_crawler - selenium_crawler.py:162 - INFO - ✅ 详情页爬取成功：https://movie.douban.com/subject/24750126/ | 评论数：15
2026-05-14 17:06:25 - douban_crawler - image_downloader.py:54 - INFO - 图片已存在且有效：大佛普拉斯 The Great Buddha_.jpg
2026-05-14 17:06:36 - douban_crawler - selenium_crawler.py:138 - INFO - 找到 20 条短评
2026-05-14 17:06:37 - douban_crawler - selenium_crawler.py:162 - INFO - ✅ 详情页爬取成功：https://movie.douban.com/subject/27059130/ | 评论数：15
2026-05-14 17:06:37 - douban_crawler - image_downloader.py:54 - INFO - 图片已存在且有效：源代码 启动原始码_台_    危机解密_港_.jpg
2026-05-14 17:06:46 - douban_crawler - selenium_crawler.py:138 - INFO - 找到 20 条短评
2026-05-14 17:06:47 - douban_crawler - selenium_crawler.py:162 - INFO - ✅ 详情页爬取成功：https://movie.douban.com/subject/3075287/ | 评论数：15
2026-05-14 17:06:47 - douban_crawler - image_downloader.py:54 - INFO - 图片已存在且有效：花束般的恋爱 她和他的恋爱花期_港_    爱如花束 恋恋不.jpg
2026-05-14 17:06:56 - douban_crawler - selenium_crawler.py:138 - INFO - 找到 20 条短评
2026-05-14 17:06:57 - douban_crawler - selenium_crawler.py:162 - INFO - ✅ 详情页爬取成功：https://movie.douban.com/subject/34874432/ | 评论数：15
2026-05-14 17:06:57 - douban_crawler - image_downloader.py:54 - INFO - 图片已存在且有效：白日梦想家 发梦王大历险_港_    白日梦冒险王_台_.jpg
2026-05-14 17:07:08 - douban_crawler - selenium_crawler.py:138 - INFO - 找到 20 条短评
2026-05-14 17:07:09 - douban_crawler - selenium_crawler.py:162 - INFO - ✅ 详情页爬取成功：https://movie.douban.com/subject/2133323/ | 评论数：15
2026-05-14 17:07:09 - douban_crawler - image_downloader.py:54 - INFO - 图片已存在且有效：爱乐之城 星声梦里人_港_    乐来越爱你_台_.jpg
2026-05-14 17:07:20 - douban_crawler - selenium_crawler.py:138 - INFO - 找到 20 条短评
2026-05-14 17:07:21 - douban_crawler - selenium_crawler.py:162 - INFO - ✅ 详情页爬取成功：https://movie.douban.com/subject/25934014/ | 评论数：15
2026-05-14 17:07:21 - douban_crawler - image_downloader.py:54 - INFO - 图片已存在且有效：疯狂的麦克斯4：狂暴之路 末日先锋：战甲飞车_港_    疯.jpg
2026-05-14 17:07:36 - douban_crawler - selenium_crawler.py:138 - INFO - 找到 20 条短评
2026-05-14 17:07:36 - douban_crawler - selenium_crawler.py:162 - INFO - ✅ 详情页爬取成功：https://movie.douban.com/subject/3592854/ | 评论数：15
2026-05-14 17:07:36 - douban_crawler - image_downloader.py:54 - INFO - 图片已存在且有效：可可西里 Kekexili_ Mountain Patrol.jpg
2026-05-14 17:07:49 - douban_crawler - selenium_crawler.py:138 - INFO - 找到 20 条短评
2026-05-14 17:07:50 - douban_crawler - selenium_crawler.py:162 - INFO - ✅ 详情页爬取成功：https://movie.douban.com/subject/1308857/ | 评论数：15
2026-05-14 17:07:50 - douban_crawler - image_downloader.py:54 - INFO - 图片已存在且有效：你看起来好像很好吃 你看起来很好吃_台_    你看上去好像.jpg
2026-05-14 17:08:02 - douban_crawler - selenium_crawler.py:138 - INFO - 找到 20 条短评
2026-05-14 17:08:02 - douban_crawler - selenium_crawler.py:162 - INFO - ✅ 详情页爬取成功：https://movie.douban.com/subject/4848115/ | 评论数：15
2026-05-14 17:08:02 - douban_crawler - image_downloader.py:54 - INFO - 图片已存在且有效：贫民窟的百万富翁 一百万零一夜_港_    贫民百万富翁_台.jpg
2026-05-14 17:08:12 - douban_crawler - selenium_crawler.py:138 - INFO - 找到 20 条短评
2026-05-14 17:08:13 - douban_crawler - selenium_crawler.py:162 - INFO - ✅ 详情页爬取成功：https://movie.douban.com/subject/2209573/ | 评论数：15
2026-05-14 17:08:13 - douban_crawler - image_downloader.py:54 - INFO - 图片已存在且有效：波西米亚狂想曲 波希米亚狂想曲：摇滚传说_港_    波希米.jpg
2026-05-14 17:08:23 - douban_crawler - selenium_crawler.py:138 - INFO - 找到 20 条短评
2026-05-14 17:08:24 - douban_crawler - selenium_crawler.py:162 - INFO - ✅ 详情页爬取成功：https://movie.douban.com/subject/5300054/ | 评论数：15
2026-05-14 17:08:24 - douban_crawler - image_downloader.py:54 - INFO - 图片已存在且有效：城市之光 City Lights_ A Comedy Rom.jpg
2026-05-14 17:08:35 - douban_crawler - selenium_crawler.py:138 - INFO - 找到 20 条短评
2026-05-14 17:08:35 - douban_crawler - selenium_crawler.py:162 - INFO - ✅ 详情页爬取成功：https://movie.douban.com/subject/1293908/ | 评论数：15
2026-05-14 17:08:35 - douban_crawler - image_downloader.py:54 - INFO - 图片已存在且有效：爆裂鼓手 鼓动真我_港_    进击的鼓手_台_.jpg
2026-05-14 17:08:45 - douban_crawler - selenium_crawler.py:138 - INFO - 找到 20 条短评
2026-05-14 17:08:45 - douban_crawler - selenium_crawler.py:162 - INFO - ✅ 详情页爬取成功：https://movie.douban.com/subject/25773932/ | 评论数：15
2026-05-14 17:08:45 - douban_crawler - image_downloader.py:54 - INFO - 图片已存在且有效：青蛇 Green Snake.jpg
2026-05-14 17:08:56 - douban_crawler - selenium_crawler.py:138 - INFO - 找到 20 条短评
2026-05-14 17:08:57 - douban_crawler - selenium_crawler.py:162 - INFO - ✅ 详情页爬取成功：https://movie.douban.com/subject/1303394/ | 评论数：15
2026-05-14 17:08:57 - douban_crawler - image_downloader.py:54 - INFO - 图片已存在且有效：哈利·波特与死亡圣器_上_ 哈利波特7：死神的圣物1_港.jpg
2026-05-14 17:09:06 - douban_crawler - selenium_crawler.py:138 - INFO - 找到 20 条短评
2026-05-14 17:09:07 - douban_crawler - selenium_crawler.py:162 - INFO - ✅ 详情页爬取成功：https://movie.douban.com/subject/2051007/ | 评论数：15
2026-05-14 17:09:07 - douban_crawler - image_downloader.py:54 - INFO - 图片已存在且有效：无耻混蛋 希魔撞正杀人狂_港_    恶棍特工_台_.jpg
2026-05-14 17:09:18 - douban_crawler - selenium_crawler.py:138 - INFO - 找到 20 条短评
2026-05-14 17:09:18 - douban_crawler - selenium_crawler.py:162 - INFO - ✅ 详情页爬取成功：https://movie.douban.com/subject/1438652/ | 评论数：15
2026-05-14 17:09:18 - douban_crawler - image_downloader.py:54 - INFO - 图片已存在且有效：东邪西毒 Ashes of Time.jpg
2026-05-14 17:09:28 - douban_crawler - selenium_crawler.py:138 - INFO - 找到 20 条短评
2026-05-14 17:09:29 - douban_crawler - selenium_crawler.py:162 - INFO - ✅ 详情页爬取成功：https://movie.douban.com/subject/1292328/ | 评论数：15
2026-05-14 17:09:29 - douban_crawler - image_downloader.py:54 - INFO - 图片已存在且有效：大红灯笼高高挂 Raise The Red Lantern.jpg
2026-05-14 17:09:38 - douban_crawler - selenium_crawler.py:138 - INFO - 找到 20 条短评
2026-05-14 17:09:38 - douban_crawler - selenium_crawler.py:162 - INFO - ✅ 详情页爬取成功：https://movie.douban.com/subject/1293323/ | 评论数：15
2026-05-14 17:09:38 - douban_crawler - image_downloader.py:54 - INFO - 图片已存在且有效：终结者2：审判日 未来战士2_港_    魔鬼终结者2_台_.jpg
2026-05-14 17:09:49 - douban_crawler - selenium_crawler.py:138 - INFO - 找到 20 条短评
2026-05-14 17:09:49 - douban_crawler - selenium_crawler.py:162 - INFO - ✅ 详情页爬取成功：https://movie.douban.com/subject/1291844/ | 评论数：15
2026-05-14 17:09:49 - douban_crawler - image_downloader.py:54 - INFO - 图片已存在且有效：黑天鹅 夺命黑天鹅    霸王别鹅_豆友译名_.jpg
2026-05-14 17:09:59 - douban_crawler - selenium_crawler.py:138 - INFO - 找到 20 条短评
2026-05-14 17:10:00 - douban_crawler - selenium_crawler.py:162 - INFO - ✅ 详情页爬取成功：https://movie.douban.com/subject/1978709/ | 评论数：15
2026-05-14 17:10:00 - douban_crawler - image_downloader.py:54 - INFO - 图片已存在且有效：新龙门客栈 New Dragon Gate Inn.jpg
2026-05-14 17:10:09 - douban_crawler - selenium_crawler.py:138 - INFO - 找到 20 条短评
2026-05-14 17:10:10 - douban_crawler - selenium_crawler.py:162 - INFO - ✅ 详情页爬取成功：https://movie.douban.com/subject/1292287/ | 评论数：15
2026-05-14 17:10:10 - douban_crawler - image_downloader.py:54 - INFO - 图片已存在且有效：初恋这件小事 初恋那件小事_港_    暗恋那点小事.jpg
2026-05-14 17:10:19 - douban_crawler - selenium_crawler.py:138 - INFO - 找到 20 条短评
2026-05-14 17:10:20 - douban_crawler - selenium_crawler.py:162 - INFO - ✅ 详情页爬取成功：https://movie.douban.com/subject/4739952/ | 评论数：15
2026-05-14 17:10:20 - douban_crawler - image_downloader.py:54 - INFO - 图片已存在且有效：千钧一发 变种异煞_港_    自然人.jpg
2026-05-14 17:10:30 - douban_crawler - selenium_crawler.py:138 - INFO - 找到 20 条短评
2026-05-14 17:10:31 - douban_crawler - selenium_crawler.py:162 - INFO - ✅ 详情页爬取成功：https://movie.douban.com/subject/1300117/ | 评论数：15
2026-05-14 17:10:31 - douban_crawler - image_downloader.py:54 - INFO - 图片已存在且有效：人工智能 AI人工智慧.jpg
2026-05-14 17:10:41 - douban_crawler - selenium_crawler.py:138 - INFO - 找到 20 条短评
2026-05-14 17:10:41 - douban_crawler - selenium_crawler.py:162 - INFO - ✅ 详情页爬取成功：https://movie.douban.com/subject/1302827/ | 评论数：15
2026-05-14 17:10:41 - douban_crawler - requests_crawler.py:105 - INFO - 成功爬取：https://movie.douban.com/top250?start=200&filter= | 总数：25 | 成功解析：25
2026-05-14 17:10:41 - douban_crawler - base_crawler.py:19 - INFO - 休眠 3.70 秒
2026-05-14 17:10:45 - douban_crawler - image_downloader.py:54 - INFO - 图片已存在且有效：崖上的波妞 悬崖上的金鱼姬    悬崖上的金鱼公主.jpg
2026-05-14 17:10:56 - douban_crawler - selenium_crawler.py:138 - INFO - 找到 20 条短评
2026-05-14 17:10:57 - douban_crawler - selenium_crawler.py:162 - INFO - ✅ 详情页爬取成功：https://movie.douban.com/subject/1959877/ | 评论数：15
2026-05-14 17:10:57 - douban_crawler - image_downloader.py:54 - INFO - 图片已存在且有效：雨人 手足情未了_港_    手足情深.jpg
2026-05-14 17:11:07 - douban_crawler - selenium_crawler.py:138 - INFO - 找到 20 条短评
2026-05-14 17:11:08 - douban_crawler - selenium_crawler.py:162 - INFO - ✅ 详情页爬取成功：https://movie.douban.com/subject/1291870/ | 评论数：15
2026-05-14 17:11:08 - douban_crawler - image_downloader.py:54 - INFO - 图片已存在且有效：虎口脱险 横冲直撞出重围_港_    大進擊_台_.jpg
2026-05-14 17:11:18 - douban_crawler - selenium_crawler.py:138 - INFO - 找到 20 条短评
2026-05-14 17:11:18 - douban_crawler - selenium_crawler.py:162 - INFO - ✅ 详情页爬取成功：https://movie.douban.com/subject/1296909/ | 评论数：15
2026-05-14 17:11:18 - douban_crawler - image_downloader.py:54 - INFO - 图片已存在且有效：哈利·波特与凤凰社 哈利波特5：凤凰会的密令_港  台_.jpg
2026-05-14 17:11:29 - douban_crawler - selenium_crawler.py:138 - INFO - 找到 20 条短评
2026-05-14 17:11:29 - douban_crawler - selenium_crawler.py:162 - INFO - ✅ 详情页爬取成功：https://movie.douban.com/subject/1457217/ | 评论数：15
2026-05-14 17:11:29 - douban_crawler - image_downloader.py:54 - INFO - 图片已存在且有效：彗星来的那一夜 相干性    相干效应.jpg
2026-05-14 17:11:39 - douban_crawler - selenium_crawler.py:138 - INFO - 找到 20 条短评
2026-05-14 17:11:40 - douban_crawler - selenium_crawler.py:162 - INFO - ✅ 详情页爬取成功：https://movie.douban.com/subject/25807345/ | 评论数：15
2026-05-14 17:11:40 - douban_crawler - image_downloader.py:54 - INFO - 图片已存在且有效：罗生门 Rashomon.jpg
2026-05-14 17:11:51 - douban_crawler - selenium_crawler.py:138 - INFO - 找到 20 条短评
2026-05-14 17:11:52 - douban_crawler - selenium_crawler.py:162 - INFO - ✅ 详情页爬取成功：https://movie.douban.com/subject/1291879/ | 评论数：15
2026-05-14 17:11:52 - douban_crawler - image_downloader.py:54 - INFO - 图片已存在且有效：海边的曼彻斯特 情系海边之城_港_.jpg
2026-05-14 17:12:03 - douban_crawler - selenium_crawler.py:138 - INFO - 找到 20 条短评
2026-05-14 17:12:04 - douban_crawler - selenium_crawler.py:162 - INFO - ✅ 详情页爬取成功：https://movie.douban.com/subject/25980443/ | 评论数：15
2026-05-14 17:12:04 - douban_crawler - image_downloader.py:54 - INFO - 图片已存在且有效：恋恋笔记本 忘了·忘不了_港_    手札情缘_台_.jpg
2026-05-14 17:12:14 - douban_crawler - selenium_crawler.py:138 - INFO - 找到 20 条短评
2026-05-14 17:12:15 - douban_crawler - selenium_crawler.py:162 - INFO - ✅ 详情页爬取成功：https://movie.douban.com/subject/1309163/ | 评论数：15
2026-05-14 17:12:15 - douban_crawler - image_downloader.py:54 - INFO - 图片已存在且有效：火星救援 火星任务_港_    绝地救援_台_.jpg
2026-05-14 17:12:24 - douban_crawler - selenium_crawler.py:138 - INFO - 找到 20 条短评
2026-05-14 17:12:24 - douban_crawler - selenium_crawler.py:162 - INFO - ✅ 详情页爬取成功：https://movie.douban.com/subject/25864085/ | 评论数：15
2026-05-14 17:12:24 - douban_crawler - image_downloader.py:54 - INFO - 图片已存在且有效：真爱至上 真的恋爱了_港_    爱是您，爱是我_台_.jpg
2026-05-14 17:12:36 - douban_crawler - selenium_crawler.py:138 - INFO - 找到 20 条短评
2026-05-14 17:12:37 - douban_crawler - selenium_crawler.py:162 - INFO - ✅ 详情页爬取成功：https://movie.douban.com/subject/1292401/ | 评论数：15
2026-05-14 17:12:37 - douban_crawler - image_downloader.py:54 - INFO - 图片已存在且有效：黑客帝国2：重装上阵 22世纪杀人网络2：决战未来_港_.jpg
2026-05-14 17:12:47 - douban_crawler - selenium_crawler.py:138 - INFO - 找到 20 条短评
2026-05-14 17:12:47 - douban_crawler - selenium_crawler.py:162 - INFO - ✅ 详情页爬取成功：https://movie.douban.com/subject/1304141/ | 评论数：15
2026-05-14 17:12:47 - douban_crawler - image_downloader.py:54 - INFO - 图片已存在且有效：冰雪奇缘 魔雪奇缘_港_    冰雪大冒险.jpg
2026-05-14 17:12:58 - douban_crawler - selenium_crawler.py:138 - INFO - 找到 20 条短评
2026-05-14 17:12:59 - douban_crawler - selenium_crawler.py:162 - INFO - ✅ 详情页爬取成功：https://movie.douban.com/subject/4202982/ | 评论数：15
2026-05-14 17:12:59 - douban_crawler - image_downloader.py:54 - INFO - 图片已存在且有效：步履不停 横山家之味_港  台_.jpg
2026-05-14 17:13:09 - douban_crawler - selenium_crawler.py:138 - INFO - 找到 20 条短评
2026-05-14 17:13:10 - douban_crawler - selenium_crawler.py:162 - INFO - ✅ 详情页爬取成功：https://movie.douban.com/subject/2222996/ | 评论数：15
2026-05-14 17:13:10 - douban_crawler - image_downloader.py:54 - INFO - 图片已存在且有效：奇迹男孩 奇迹.jpg
2026-05-14 17:13:21 - douban_crawler - selenium_crawler.py:138 - INFO - 找到 20 条短评
2026-05-14 17:13:21 - douban_crawler - selenium_crawler.py:162 - INFO - ✅ 详情页爬取成功：https://movie.douban.com/subject/26787574/ | 评论数：15
2026-05-14 17:13:21 - douban_crawler - image_downloader.py:54 - INFO - 图片已存在且有效：千年女优 Millennium Actress.jpg
2026-05-14 17:13:32 - douban_crawler - selenium_crawler.py:138 - INFO - 找到 20 条短评
2026-05-14 17:13:33 - douban_crawler - selenium_crawler.py:162 - INFO - ✅ 详情页爬取成功：https://movie.douban.com/subject/1307394/ | 评论数：15
2026-05-14 17:13:33 - douban_crawler - image_downloader.py:54 - INFO - 图片已存在且有效：谍影重重2 叛谍追击2：机密圈套_港_    神鬼认证：神鬼.jpg
2026-05-14 17:13:43 - douban_crawler - selenium_crawler.py:138 - INFO - 找到 20 条短评
2026-05-14 17:13:43 - douban_crawler - selenium_crawler.py:162 - INFO - ✅ 详情页爬取成功：https://movie.douban.com/subject/1308767/ | 评论数：15
2026-05-14 17:13:43 - douban_crawler - image_downloader.py:54 - INFO - 图片已存在且有效：战争之王 军火之王_台  港_.jpg
2026-05-14 17:13:55 - douban_crawler - selenium_crawler.py:138 - INFO - 找到 20 条短评
2026-05-14 17:13:56 - douban_crawler - selenium_crawler.py:162 - INFO - ✅ 详情页爬取成功：https://movie.douban.com/subject/1419936/ | 评论数：15
2026-05-14 17:13:56 - douban_crawler - image_downloader.py:54 - INFO - 图片已存在且有效：蜘蛛侠：平行宇宙 蜘蛛侠：新纪元    蜘蛛人：新宇宙_台_.jpg
2026-05-14 17:14:07 - douban_crawler - selenium_crawler.py:138 - INFO - 找到 20 条短评
2026-05-14 17:14:08 - douban_crawler - selenium_crawler.py:162 - INFO - ✅ 详情页爬取成功：https://movie.douban.com/subject/26374197/ | 评论数：15
2026-05-14 17:14:08 - douban_crawler - image_downloader.py:54 - INFO - 图片已存在且有效：攻壳机动队 Ghost in the Shell.jpg
2026-05-14 17:14:19 - douban_crawler - selenium_crawler.py:138 - INFO - 找到 20 条短评
2026-05-14 17:14:19 - douban_crawler - selenium_crawler.py:162 - INFO - ✅ 详情页爬取成功：https://movie.douban.com/subject/1291936/ | 评论数：15
2026-05-14 17:14:19 - douban_crawler - image_downloader.py:54 - INFO - 图片已存在且有效：血钻 血钻石_台_    血腥钻石.jpg
2026-05-14 17:14:29 - douban_crawler - selenium_crawler.py:138 - INFO - 找到 20 条短评
2026-05-14 17:14:30 - douban_crawler - selenium_crawler.py:162 - INFO - ✅ 详情页爬取成功：https://movie.douban.com/subject/1428175/ | 评论数：15
2026-05-14 17:14:30 - douban_crawler - image_downloader.py:54 - INFO - 图片已存在且有效：小姐 下女诱罪_港_    下女的诱惑_台_.jpg
2026-05-14 17:14:41 - douban_crawler - selenium_crawler.py:138 - INFO - 找到 20 条短评
2026-05-14 17:14:42 - douban_crawler - selenium_crawler.py:162 - INFO - ✅ 详情页爬取成功：https://movie.douban.com/subject/25977027/ | 评论数：15
2026-05-14 17:14:42 - douban_crawler - image_downloader.py:54 - INFO - 图片已存在且有效：隐藏人物 NASA无名英雌_港_    关键少数_台_.jpg
2026-05-14 17:14:52 - douban_crawler - selenium_crawler.py:138 - INFO - 找到 20 条短评
2026-05-14 17:14:53 - douban_crawler - selenium_crawler.py:162 - INFO - ✅ 详情页爬取成功：https://movie.douban.com/subject/26615208/ | 评论数：15
2026-05-14 17:14:53 - douban_crawler - image_downloader.py:54 - INFO - 图片已存在且有效：血观音 修罗花    The Bold, the Corru.jpg
2026-05-14 17:15:02 - douban_crawler - selenium_crawler.py:138 - INFO - 找到 20 条短评
2026-05-14 17:15:03 - douban_crawler - selenium_crawler.py:162 - INFO - ✅ 详情页爬取成功：https://movie.douban.com/subject/27113517/ | 评论数：15
2026-05-14 17:15:03 - douban_crawler - image_downloader.py:54 - INFO - 图片已存在且有效：魂断蓝桥 滑铁卢桥    断桥残梦.jpg
2026-05-14 17:15:13 - douban_crawler - selenium_crawler.py:138 - INFO - 找到 20 条短评
2026-05-14 17:15:14 - douban_crawler - selenium_crawler.py:162 - INFO - ✅ 详情页爬取成功：https://movie.douban.com/subject/1293964/ | 评论数：15
2026-05-14 17:15:14 - douban_crawler - image_downloader.py:54 - INFO - 图片已存在且有效：房间 不存在的房间_台_    抖室_港_.jpg
2026-05-14 17:15:25 - douban_crawler - selenium_crawler.py:138 - INFO - 找到 20 条短评
2026-05-14 17:15:26 - douban_crawler - selenium_crawler.py:162 - INFO - ✅ 详情页爬取成功：https://movie.douban.com/subject/25724855/ | 评论数：15
2026-05-14 17:15:26 - douban_crawler - requests_crawler.py:105 - INFO - 成功爬取：https://movie.douban.com/top250?start=225&filter= | 总数：25 | 成功解析：25
2026-05-14 17:15:26 - douban_crawler - base_crawler.py:19 - INFO - 休眠 2.57 秒
2026-05-14 17:15:29 - douban_crawler - requests_crawler.py:217 - INFO - 爬取完成 | 电影总数：250 | 评论总数：3750
2026-05-14 17:15:29 - douban_crawler - requests_crawler.py:230 - INFO - 原始数据保存成功：data/raw\douban_top250_raw.json | 数据量：250
2026-05-14 17:15:29 - douban_crawler - main.py:30 - INFO - 📌 开始将数据存入MySQL数据库...
2026-05-14 17:15:29 - douban_crawler - mysql_handler.py:19 - INFO - 初始化MySQL连接...
2026-05-14 17:15:29 - douban_crawler - mysql_handler.py:30 - INFO - MySQL连接成功
2026-05-14 17:15:29 - douban_crawler - mysql_handler.py:39 - INFO - 数据库 douban 创建成功/已存在
2026-05-14 17:15:29 - douban_crawler - mysql_handler.py:48 - INFO - 已选中数据库：douban
2026-05-14 17:15:29 - douban_crawler - mysql_handler.py:100 - WARNING - 核心表 movies 不存在，将自动创建
2026-05-14 17:15:29 - douban_crawler - mysql_handler.py:124 - INFO - 表 movies 创建成功
2026-05-14 17:15:29 - douban_crawler - mysql_handler.py:136 - WARNING - 核心表 comments 不存在，将自动创建
2026-05-14 17:15:29 - douban_crawler - mysql_handler.py:155 - INFO - 表 comments 创建成功
2026-05-14 17:15:29 - douban_crawler - mysql_handler.py:184 - INFO - 表 movies 清空成功
2026-05-14 17:15:29 - douban_crawler - main.py:54 - ERROR - ❌ 数据库存储失败：'director'
2026-05-14 17:15:29 - douban_crawler - main.py:55 - ERROR - Traceback (most recent call last):
  File "d:\douban_movie_crawler\main.py", line 43, in main
    mysql_handler.insert_movies_batch(movies)
  File "d:\douban_movie_crawler\db\mysql_handler.py", line 213, in insert_movies_batch
    self.cursor.executemany(insert_sql, movies_data)
  File "D:\Anaconda\Lib\site-packages\pymysql\cursors.py", line 182, in executemany
    return self._do_execute_many(
           ^^^^^^^^^^^^^^^^^^^^^^
  File "D:\Anaconda\Lib\site-packages\pymysql\cursors.py", line 205, in _do_execute_many
    v = values % escape(next(args), conn)
        ~~~~~~~^~~~~~~~~~~~~~~~~~~~~~~~~~
KeyError: 'director'

2026-05-14 17:15:29 - douban_crawler - mysql_handler.py:258 - INFO - MySQL连接已安全关闭
2026-05-14 17:15:32 - douban_crawler - selenium_crawler.py:198 - INFO - Selenium 已安全关闭
2026-05-14 17:15:32 - douban_crawler - requests_crawler.py:267 - INFO - 爬虫资源已全部释放
2026-05-14 17:15:32 - douban_crawler - main.py:62 - INFO - 📌 开始数据清洗...
2026-05-14 17:15:32 - douban_crawler - data_cleaner.py:26 - INFO - 原始数据加载完成，共250条
2026-05-14 17:15:32 - douban_crawler - data_cleaner.py:37 - INFO - 开始数据清洗...
2026-05-14 17:15:32 - douban_crawler - data_cleaner.py:38 - INFO - 清洗前缺失值统计：
rank_num       0
title          0
rating         0
comment_num    0
info           0
quote          0
detail_url     0
poster_path    0
year           0
runtime        0
imdb           0
dtype: int64
2026-05-14 17:15:32 - douban_crawler - data_cleaner.py:68 - INFO - 清洗完成，剩余250条有效数据
2026-05-14 17:15:32 - douban_crawler - data_cleaner.py:69 - INFO - 清洗后缺失值统计：
rank_num       0
title          0
rating         0
comment_num    0
info           0
quote          0
detail_url     0
poster_path    0
year           0
runtime        0
imdb           0
director       0
genre          0
actors         0
dtype: int64
2026-05-14 17:15:33 - douban_crawler - data_cleaner.py:166 - INFO - 清洗后数据已保存到：data/processed
2026-05-14 17:15:33 - douban_crawler - main.py:79 - INFO - 📌 开始统计分析...
2026-05-14 17:15:33 - douban_crawler - main.py:82 - INFO - 📊 高分电影Top10：
2026-05-14 17:15:33 - douban_crawler - main.py:83 - INFO -  rank_num                                                 title  rating  comment_num  director
        1                           肖申克的救赎 月黑高飞(港)    刺激1995(台)     9.7      3285889  弗兰克·德拉邦特
        2                  霸王别姬 再见，我的妾    Farewell My Concubine     9.6      2424335       陈凯歌
       19                                       控方证人 雄才伟略    情妇     9.6       744137    比利·怀尔德
        3                                      泰坦尼克号 铁达尼号(港  台)     9.5      2499624   詹姆斯·卡梅隆
        6                  美丽人生 一个快乐的传说(港)    Life Is Beautiful     9.5      1482933   罗伯托·贝尼尼
        4                                          阿甘正传 福雷斯特·冈普     9.5      2431322  罗伯特·泽米吉斯
       11                             辛德勒的名单 舒特拉的名单(港)    辛德勒名单     9.5      1247686 史蒂文·斯皮尔伯格
      109                                       茶馆 The Teahouse     9.5       210952        谢添
      161         背靠背，脸对脸 背对背，脸对脸    Back to Back, Face to Face     9.5       181678       黄建新
      170 高山下的花环 卫国军魂(港)    Wreaths at the Foot of the Mountain     9.5       161575        谢晋
2026-05-14 17:15:33 - douban_crawler - main.py:87 - INFO - 📊 热门导演分布（Top15）：
2026-05-14 17:15:33 - douban_crawler - main.py:88 - INFO - director
宫崎骏            8
克里斯托弗·诺兰       6
史蒂文·斯皮尔伯格      6
李安             5
彼特·道格特         4
大卫·芬奇          4
今敏             4
是枝裕和           4
王家卫            4
詹姆斯·卡梅隆        3
弗朗西斯·福特·科波拉    3
大卫·叶茨          3
理查德·林克莱特       3
昆汀·塔伦蒂诺        3
刘镇伟            3
2026-05-14 17:15:33 - douban_crawler - main.py:92 - INFO - 📊 电影类型分布：
2026-05-14 17:15:33 - douban_crawler - main.py:93 - INFO - 剧情     186
爱情      55
喜剧      53
冒险      50
奇幻      44
犯罪      41
动画      40
惊悚      33
动作      31
悬疑      31
科幻      25
家庭      18
传记      15
战争      14
古装      10
历史      10
同性       9
音乐       9
歌舞       7
武侠       4
儿童       4
情色       3
灾难       2
恐怖       2
西部       2
运动       1
纪录片      1
2026-05-14 17:15:33 - douban_crawler - main.py:97 - INFO - 📊 评分与评价人数相关系数：0.309
2026-05-14 17:15:33 - douban_crawler - main.py:100 - INFO - 📌 开始短评情感分析...
2026-05-14 17:15:33 - douban_crawler - sentiment_analysis.py:22 - WARNING - 未找到自定义词典，使用默认分词
2026-05-14 17:16:13 - douban_crawler - main.py:124 - INFO - 📊 短评情感倾向统计：
2026-05-14 17:16:13 - douban_crawler - main.py:128 - INFO - 正面：3058条 (81.5%)
2026-05-14 17:16:13 - douban_crawler - main.py:128 - INFO - 中性：417条 (11.1%)
2026-05-14 17:16:13 - douban_crawler - main.py:128 - INFO - 负面：275条 (7.3%)
2026-05-14 17:16:14 - douban_crawler - main.py:132 - INFO - 📊 短评关键词Top20：
2026-05-14 17:16:14 - douban_crawler - main.py:133 - INFO - {'电影': 812, '自己': 424, '我们': 399, '故事': 349, '最后': 328, '这个': 307, '不是': 300, '还是': 263, '喜欢': 258, '世界': 243, '觉得': 237, '他们': 232, '什么': 228, '这部': 214, '时候': 214, '知道': 193, '看到': 191, '这样': 189, '那个': 187, '生活': 186}
2026-05-14 17:16:14 - douban_crawler - main.py:136 - INFO - 📌 开始生成可视化图表...
2026-05-14 17:16:15 - douban_crawler - visualization.py:51 - INFO - ✅ 评分分布直方图已生成
2026-05-14 17:16:15 - douban_crawler - visualization.py:77 - INFO - ✅ 类型饼图已生成
2026-05-14 17:16:16 - douban_crawler - visualization.py:136 - INFO - ✅ 评分-评价人数散点图已生成
2026-05-14 17:16:17 - douban_crawler - visualization.py:169 - INFO - ✅ 年份趋势图已生成
2026-05-14 17:16:24 - douban_crawler - visualization.py:200 - INFO - ✅ 短评词云已生成
2026-05-14 17:16:24 - douban_crawler - visualization.py:227 - INFO - ✅ 情感分布直方图已生成
2026-05-14 17:16:25 - douban_crawler - visualization.py:251 - INFO - ✅ 导演分布直方图已生成
2026-05-14 17:16:25 - douban_crawler - main.py:149 - INFO - === 系统全部执行完成 ===
2026-05-14 17:16:25 - douban_crawler - main.py:150 - INFO - 📁 所有结果已保存至：D:\douban_movie_crawler\data\processed
2026-05-14 17:16:25 - douban_crawler - requests_crawler.py:267 - INFO - 爬虫资源已全部释放
