2026-05-13 20:27:23,980 - INFO - === 豆瓣电影Top250 爬虫分析系统启动 ===
2026-05-13 20:27:33,052 - INFO - ✅ 成功爬取：https://movie.douban.com/top250?start=0&filter= | 本页25条
2026-05-13 20:27:45,725 - INFO - ✅ 成功爬取：https://movie.douban.com/top250?start=25&filter= | 本页25条
2026-05-13 20:27:53,918 - INFO - ✅ 成功爬取：https://movie.douban.com/top250?start=50&filter= | 本页25条
2026-05-13 20:28:02,025 - INFO - ✅ 成功爬取：https://movie.douban.com/top250?start=75&filter= | 本页25条
2026-05-13 20:28:10,004 - INFO - ✅ 成功爬取：https://movie.douban.com/top250?start=100&filter= | 本页25条
2026-05-13 20:28:17,831 - INFO - ✅ 成功爬取：https://movie.douban.com/top250?start=125&filter= | 本页25条
2026-05-13 20:28:25,738 - INFO - ✅ 成功爬取：https://movie.douban.com/top250?start=150&filter= | 本页25条
2026-05-13 20:28:34,009 - INFO - ✅ 成功爬取：https://movie.douban.com/top250?start=175&filter= | 本页25条
2026-05-13 20:28:42,162 - INFO - ✅ 成功爬取：https://movie.douban.com/top250?start=200&filter= | 本页25条
2026-05-13 20:28:51,262 - INFO - ✅ 成功爬取：https://movie.douban.com/top250?start=225&filter= | 本页25条
2026-05-13 20:28:56,533 - INFO - 数据已保存到 data/raw\douban_top250_raw.json
2026-05-13 20:28:57,758 - INFO - === 系统全部执行完成 ===
2026-05-13 21:02:09,035 - INFO - === 豆瓣电影Top250 爬虫分析系统启动 ===
2026-05-13 21:02:09,035 - INFO - 📌 开始爬取豆瓣Top250数据...
2026-05-13 21:03:56,726 - INFO - ✅ 成功爬取：https://movie.douban.com/top250?start=0&filter= | 本页25条
2026-05-13 21:05:40,103 - INFO - ✅ 成功爬取：https://movie.douban.com/top250?start=25&filter= | 本页25条
2026-05-13 21:06:33,820 - WARNING - 短评爬取失败 https://movie.douban.com/subject/1485260/：Message: 
Stacktrace:
	msedgedriver!GetHandleVerifier [0x7ff786160f15+e235]
	msedgedriver!GetHandleVerifier [0x7ff786160f74+e294]
	msedgedriver!GetHandleVerifier [0x7ff7864da65a+38797a]
	msedgedriver!(No symbol) [0x7ff785ed3e49]
	msedgedriver!(No symbol) [0x7ff785ed40c5]
	msedgedriver!(No symbol) [0x7ff785f113b7]
	msedgedriver!(No symbol) [0x7ff785ecaac7]
	msedgedriver!(No symbol) [0x7ff785f0f112]
	msedgedriver!(No symbol) [0x7ff785eca30c]
	msedgedriver!(No symbol) [0x7ff785ec9566]
	msedgedriver!(No symbol) [0x7ff785eca133]
	msedgedriver!(No symbol) [0x7ff785f93e49]
	msedgedriver!(No symbol) [0x7ff785f90413]
	msedgedriver!(No symbol) [0x7ff785fa0672]
	msedgedriver!GetHandleVerifier [0x7ff78617d498+2a7b8]
	msedgedriver!GetHandleVerifier [0x7ff786185e86+331a6]
	msedgedriver!GetHandleVerifier [0x7ff786168274+15594]
	msedgedriver!GetHandleVerifier [0x7ff786168395+156b5]
	msedgedriver!GetHandleVerifier [0x7ff7861556a3+29c3]
	KERNEL32!BaseThreadInitThunk [0x7ff94261e8d7+17]
	ntdll!RtlUserThreadStart [0x7ff9440cc40c+2c]

2026-05-13 21:06:42,384 - WARNING - 短评爬取失败 https://movie.douban.com/subject/1292000/：Message: 
Stacktrace:
	msedgedriver!GetHandleVerifier [0x7ff786160f15+e235]
	msedgedriver!GetHandleVerifier [0x7ff786160f74+e294]
	msedgedriver!GetHandleVerifier [0x7ff7864da65a+38797a]
	msedgedriver!(No symbol) [0x7ff785ed3e49]
	msedgedriver!(No symbol) [0x7ff785ed40c5]
	msedgedriver!(No symbol) [0x7ff785f113b7]
	msedgedriver!(No symbol) [0x7ff785ecaac7]
	msedgedriver!(No symbol) [0x7ff785f0f112]
	msedgedriver!(No symbol) [0x7ff785eca30c]
	msedgedriver!(No symbol) [0x7ff785ec9566]
	msedgedriver!(No symbol) [0x7ff785eca133]
	msedgedriver!(No symbol) [0x7ff785f93e49]
	msedgedriver!(No symbol) [0x7ff785f90413]
	msedgedriver!(No symbol) [0x7ff785fa0672]
	msedgedriver!GetHandleVerifier [0x7ff78617d498+2a7b8]
	msedgedriver!GetHandleVerifier [0x7ff786185e86+331a6]
	msedgedriver!GetHandleVerifier [0x7ff786168274+15594]
	msedgedriver!GetHandleVerifier [0x7ff786168395+156b5]
	msedgedriver!GetHandleVerifier [0x7ff7861556a3+29c3]
	KERNEL32!BaseThreadInitThunk [0x7ff94261e8d7+17]
	ntdll!RtlUserThreadStart [0x7ff9440cc40c+2c]

2026-05-13 21:06:50,980 - WARNING - 短评爬取失败 https://movie.douban.com/subject/1306029/：Message: 
Stacktrace:
	msedgedriver!GetHandleVerifier [0x7ff786160f15+e235]
	msedgedriver!GetHandleVerifier [0x7ff786160f74+e294]
	msedgedriver!GetHandleVerifier [0x7ff7864da65a+38797a]
	msedgedriver!(No symbol) [0x7ff785ed3e49]
	msedgedriver!(No symbol) [0x7ff785ed40c5]
	msedgedriver!(No symbol) [0x7ff785f113b7]
	msedgedriver!(No symbol) [0x7ff785ecaac7]
	msedgedriver!(No symbol) [0x7ff785f0f112]
	msedgedriver!(No symbol) [0x7ff785eca30c]
	msedgedriver!(No symbol) [0x7ff785ec9566]
	msedgedriver!(No symbol) [0x7ff785eca133]
	msedgedriver!(No symbol) [0x7ff785f93e49]
	msedgedriver!(No symbol) [0x7ff785f90413]
	msedgedriver!(No symbol) [0x7ff785fa0672]
	msedgedriver!GetHandleVerifier [0x7ff78617d498+2a7b8]
	msedgedriver!GetHandleVerifier [0x7ff786185e86+331a6]
	msedgedriver!GetHandleVerifier [0x7ff786168274+15594]
	msedgedriver!GetHandleVerifier [0x7ff786168395+156b5]
	msedgedriver!GetHandleVerifier [0x7ff7861556a3+29c3]
	KERNEL32!BaseThreadInitThunk [0x7ff94261e8d7+17]
	ntdll!RtlUserThreadStart [0x7ff9440cc40c+2c]

2026-05-13 21:06:59,611 - WARNING - 短评爬取失败 https://movie.douban.com/subject/3008247/：Message: 
Stacktrace:
	msedgedriver!GetHandleVerifier [0x7ff786160f15+e235]
	msedgedriver!GetHandleVerifier [0x7ff786160f74+e294]
	msedgedriver!GetHandleVerifier [0x7ff7864da65a+38797a]
	msedgedriver!(No symbol) [0x7ff785ed3e49]
	msedgedriver!(No symbol) [0x7ff785ed40c5]
	msedgedriver!(No symbol) [0x7ff785f113b7]
	msedgedriver!(No symbol) [0x7ff785ecaac7]
	msedgedriver!(No symbol) [0x7ff785f0f112]
	msedgedriver!(No symbol) [0x7ff785eca30c]
	msedgedriver!(No symbol) [0x7ff785ec9566]
	msedgedriver!(No symbol) [0x7ff785eca133]
	msedgedriver!(No symbol) [0x7ff785f93e49]
	msedgedriver!(No symbol) [0x7ff785f90413]
	msedgedriver!(No symbol) [0x7ff785fa0672]
	msedgedriver!GetHandleVerifier [0x7ff78617d498+2a7b8]
	msedgedriver!GetHandleVerifier [0x7ff786185e86+331a6]
	msedgedriver!GetHandleVerifier [0x7ff786168274+15594]
	msedgedriver!GetHandleVerifier [0x7ff786168395+156b5]
	msedgedriver!GetHandleVerifier [0x7ff7861556a3+29c3]
	KERNEL32!BaseThreadInitThunk [0x7ff94261e8d7+17]
	ntdll!RtlUserThreadStart [0x7ff9440cc40c+2c]

2026-05-13 21:07:08,173 - WARNING - 短评爬取失败 https://movie.douban.com/subject/3011235/：Message: 
Stacktrace:
	msedgedriver!GetHandleVerifier [0x7ff786160f15+e235]
	msedgedriver!GetHandleVerifier [0x7ff786160f74+e294]
	msedgedriver!GetHandleVerifier [0x7ff7864da65a+38797a]
	msedgedriver!(No symbol) [0x7ff785ed3e49]
	msedgedriver!(No symbol) [0x7ff785ed40c5]
	msedgedriver!(No symbol) [0x7ff785f113b7]
	msedgedriver!(No symbol) [0x7ff785ecaac7]
	msedgedriver!(No symbol) [0x7ff785f0f112]
	msedgedriver!(No symbol) [0x7ff785eca30c]
	msedgedriver!(No symbol) [0x7ff785ec9566]
	msedgedriver!(No symbol) [0x7ff785eca133]
	msedgedriver!(No symbol) [0x7ff785f93e49]
	msedgedriver!(No symbol) [0x7ff785f90413]
	msedgedriver!(No symbol) [0x7ff785fa0672]
	msedgedriver!GetHandleVerifier [0x7ff78617d498+2a7b8]
	msedgedriver!GetHandleVerifier [0x7ff786185e86+331a6]
	msedgedriver!GetHandleVerifier [0x7ff786168274+15594]
	msedgedriver!GetHandleVerifier [0x7ff786168395+156b5]
	msedgedriver!GetHandleVerifier [0x7ff7861556a3+29c3]
	KERNEL32!BaseThreadInitThunk [0x7ff94261e8d7+17]
	ntdll!RtlUserThreadStart [0x7ff9440cc40c+2c]

2026-05-13 21:07:16,751 - WARNING - 短评爬取失败 https://movie.douban.com/subject/1292220/：Message: 
Stacktrace:
	msedgedriver!GetHandleVerifier [0x7ff786160f15+e235]
	msedgedriver!GetHandleVerifier [0x7ff786160f74+e294]
	msedgedriver!GetHandleVerifier [0x7ff7864da65a+38797a]
	msedgedriver!(No symbol) [0x7ff785ed3e49]
	msedgedriver!(No symbol) [0x7ff785ed40c5]
	msedgedriver!(No symbol) [0x7ff785f113b7]
	msedgedriver!(No symbol) [0x7ff785ecaac7]
	msedgedriver!(No symbol) [0x7ff785f0f112]
	msedgedriver!(No symbol) [0x7ff785eca30c]
	msedgedriver!(No symbol) [0x7ff785ec9566]
	msedgedriver!(No symbol) [0x7ff785eca133]
	msedgedriver!(No symbol) [0x7ff785f93e49]
	msedgedriver!(No symbol) [0x7ff785f90413]
	msedgedriver!(No symbol) [0x7ff785fa0672]
	msedgedriver!GetHandleVerifier [0x7ff78617d498+2a7b8]
	msedgedriver!GetHandleVerifier [0x7ff786185e86+331a6]
	msedgedriver!GetHandleVerifier [0x7ff786168274+15594]
	msedgedriver!GetHandleVerifier [0x7ff786168395+156b5]
	msedgedriver!GetHandleVerifier [0x7ff7861556a3+29c3]
	KERNEL32!BaseThreadInitThunk [0x7ff94261e8d7+17]
	ntdll!RtlUserThreadStart [0x7ff9440cc40c+2c]

2026-05-13 21:07:25,280 - WARNING - 短评爬取失败 https://movie.douban.com/subject/1293350/：Message: 
Stacktrace:
	msedgedriver!GetHandleVerifier [0x7ff786160f15+e235]
	msedgedriver!GetHandleVerifier [0x7ff786160f74+e294]
	msedgedriver!GetHandleVerifier [0x7ff7864da65a+38797a]
	msedgedriver!(No symbol) [0x7ff785ed3e49]
	msedgedriver!(No symbol) [0x7ff785ed40c5]
	msedgedriver!(No symbol) [0x7ff785f113b7]
	msedgedriver!(No symbol) [0x7ff785ecaac7]
	msedgedriver!(No symbol) [0x7ff785f0f112]
	msedgedriver!(No symbol) [0x7ff785eca30c]
	msedgedriver!(No symbol) [0x7ff785ec9566]
	msedgedriver!(No symbol) [0x7ff785eca133]
	msedgedriver!(No symbol) [0x7ff785f93e49]
	msedgedriver!(No symbol) [0x7ff785f90413]
	msedgedriver!(No symbol) [0x7ff785fa0672]
	msedgedriver!GetHandleVerifier [0x7ff78617d498+2a7b8]
	msedgedriver!GetHandleVerifier [0x7ff786185e86+331a6]
	msedgedriver!GetHandleVerifier [0x7ff786168274+15594]
	msedgedriver!GetHandleVerifier [0x7ff786168395+156b5]
	msedgedriver!GetHandleVerifier [0x7ff7861556a3+29c3]
	KERNEL32!BaseThreadInitThunk [0x7ff94261e8d7+17]
	ntdll!RtlUserThreadStart [0x7ff9440cc40c+2c]

2026-05-13 21:07:33,851 - WARNING - 短评爬取失败 https://movie.douban.com/subject/1900841/：Message: 
Stacktrace:
	msedgedriver!GetHandleVerifier [0x7ff786160f15+e235]
	msedgedriver!GetHandleVerifier [0x7ff786160f74+e294]
	msedgedriver!GetHandleVerifier [0x7ff7864da65a+38797a]
	msedgedriver!(No symbol) [0x7ff785ed3e49]
	msedgedriver!(No symbol) [0x7ff785ed40c5]
	msedgedriver!(No symbol) [0x7ff785f113b7]
	msedgedriver!(No symbol) [0x7ff785ecaac7]
	msedgedriver!(No symbol) [0x7ff785f0f112]
	msedgedriver!(No symbol) [0x7ff785eca30c]
	msedgedriver!(No symbol) [0x7ff785ec9566]
	msedgedriver!(No symbol) [0x7ff785eca133]
	msedgedriver!(No symbol) [0x7ff785f93e49]
	msedgedriver!(No symbol) [0x7ff785f90413]
	msedgedriver!(No symbol) [0x7ff785fa0672]
	msedgedriver!GetHandleVerifier [0x7ff78617d498+2a7b8]
	msedgedriver!GetHandleVerifier [0x7ff786185e86+331a6]
	msedgedriver!GetHandleVerifier [0x7ff786168274+15594]
	msedgedriver!GetHandleVerifier [0x7ff786168395+156b5]
	msedgedriver!GetHandleVerifier [0x7ff7861556a3+29c3]
	KERNEL32!BaseThreadInitThunk [0x7ff94261e8d7+17]
	ntdll!RtlUserThreadStart [0x7ff9440cc40c+2c]

2026-05-13 21:07:42,397 - WARNING - 短评爬取失败 https://movie.douban.com/subject/1291543/：Message: 
Stacktrace:
	msedgedriver!GetHandleVerifier [0x7ff786160f15+e235]
	msedgedriver!GetHandleVerifier [0x7ff786160f74+e294]
	msedgedriver!GetHandleVerifier [0x7ff7864da65a+38797a]
	msedgedriver!(No symbol) [0x7ff785ed3e49]
	msedgedriver!(No symbol) [0x7ff785ed40c5]
	msedgedriver!(No symbol) [0x7ff785f113b7]
	msedgedriver!(No symbol) [0x7ff785ecaac7]
	msedgedriver!(No symbol) [0x7ff785f0f112]
	msedgedriver!(No symbol) [0x7ff785eca30c]
	msedgedriver!(No symbol) [0x7ff785ec9566]
	msedgedriver!(No symbol) [0x7ff785eca133]
	msedgedriver!(No symbol) [0x7ff785f93e49]
	msedgedriver!(No symbol) [0x7ff785f90413]
	msedgedriver!(No symbol) [0x7ff785fa0672]
	msedgedriver!GetHandleVerifier [0x7ff78617d498+2a7b8]
	msedgedriver!GetHandleVerifier [0x7ff786185e86+331a6]
	msedgedriver!GetHandleVerifier [0x7ff786168274+15594]
	msedgedriver!GetHandleVerifier [0x7ff786168395+156b5]
	msedgedriver!GetHandleVerifier [0x7ff7861556a3+29c3]
	KERNEL32!BaseThreadInitThunk [0x7ff94261e8d7+17]
	ntdll!RtlUserThreadStart [0x7ff9440cc40c+2c]

2026-05-13 21:07:50,985 - WARNING - 短评爬取失败 https://movie.douban.com/subject/1294408/：Message: 
Stacktrace:
	msedgedriver!GetHandleVerifier [0x7ff786160f15+e235]
	msedgedriver!GetHandleVerifier [0x7ff786160f74+e294]
	msedgedriver!GetHandleVerifier [0x7ff7864da65a+38797a]
	msedgedriver!(No symbol) [0x7ff785ed3e49]
	msedgedriver!(No symbol) [0x7ff785ed40c5]
	msedgedriver!(No symbol) [0x7ff785f113b7]
	msedgedriver!(No symbol) [0x7ff785ecaac7]
	msedgedriver!(No symbol) [0x7ff785f0f112]
	msedgedriver!(No symbol) [0x7ff785eca30c]
	msedgedriver!(No symbol) [0x7ff785ec9566]
	msedgedriver!(No symbol) [0x7ff785eca133]
	msedgedriver!(No symbol) [0x7ff785f93e49]
	msedgedriver!(No symbol) [0x7ff785f90413]
	msedgedriver!(No symbol) [0x7ff785fa0672]
	msedgedriver!GetHandleVerifier [0x7ff78617d498+2a7b8]
	msedgedriver!GetHandleVerifier [0x7ff786185e86+331a6]
	msedgedriver!GetHandleVerifier [0x7ff786168274+15594]
	msedgedriver!GetHandleVerifier [0x7ff786168395+156b5]
	msedgedriver!GetHandleVerifier [0x7ff7861556a3+29c3]
	KERNEL32!BaseThreadInitThunk [0x7ff94261e8d7+17]
	ntdll!RtlUserThreadStart [0x7ff9440cc40c+2c]

2026-05-13 21:07:59,562 - WARNING - 短评爬取失败 https://movie.douban.com/subject/1291544/：Message: 
Stacktrace:
	msedgedriver!GetHandleVerifier [0x7ff786160f15+e235]
	msedgedriver!GetHandleVerifier [0x7ff786160f74+e294]
	msedgedriver!GetHandleVerifier [0x7ff7864da65a+38797a]
	msedgedriver!(No symbol) [0x7ff785ed3e49]
	msedgedriver!(No symbol) [0x7ff785ed40c5]
	msedgedriver!(No symbol) [0x7ff785f113b7]
	msedgedriver!(No symbol) [0x7ff785ecaac7]
	msedgedriver!(No symbol) [0x7ff785f0f112]
	msedgedriver!(No symbol) [0x7ff785eca30c]
	msedgedriver!(No symbol) [0x7ff785ec9566]
	msedgedriver!(No symbol) [0x7ff785eca133]
	msedgedriver!(No symbol) [0x7ff785f93e49]
	msedgedriver!(No symbol) [0x7ff785f90413]
	msedgedriver!(No symbol) [0x7ff785fa0672]
	msedgedriver!GetHandleVerifier [0x7ff78617d498+2a7b8]
	msedgedriver!GetHandleVerifier [0x7ff786185e86+331a6]
	msedgedriver!GetHandleVerifier [0x7ff786168274+15594]
	msedgedriver!GetHandleVerifier [0x7ff786168395+156b5]
	msedgedriver!GetHandleVerifier [0x7ff7861556a3+29c3]
	KERNEL32!BaseThreadInitThunk [0x7ff94261e8d7+17]
	ntdll!RtlUserThreadStart [0x7ff9440cc40c+2c]

2026-05-13 21:08:08,139 - WARNING - 短评爬取失败 https://movie.douban.com/subject/1652587/：Message: 
Stacktrace:
	msedgedriver!GetHandleVerifier [0x7ff786160f15+e235]
	msedgedriver!GetHandleVerifier [0x7ff786160f74+e294]
	msedgedriver!GetHandleVerifier [0x7ff7864da65a+38797a]
	msedgedriver!(No symbol) [0x7ff785ed3e49]
	msedgedriver!(No symbol) [0x7ff785ed40c5]
	msedgedriver!(No symbol) [0x7ff785f113b7]
	msedgedriver!(No symbol) [0x7ff785ecaac7]
	msedgedriver!(No symbol) [0x7ff785f0f112]
	msedgedriver!(No symbol) [0x7ff785eca30c]
	msedgedriver!(No symbol) [0x7ff785ec9566]
	msedgedriver!(No symbol) [0x7ff785eca133]
	msedgedriver!(No symbol) [0x7ff785f93e49]
	msedgedriver!(No symbol) [0x7ff785f90413]
	msedgedriver!(No symbol) [0x7ff785fa0672]
	msedgedriver!GetHandleVerifier [0x7ff78617d498+2a7b8]
	msedgedriver!GetHandleVerifier [0x7ff786185e86+331a6]
	msedgedriver!GetHandleVerifier [0x7ff786168274+15594]
	msedgedriver!GetHandleVerifier [0x7ff786168395+156b5]
	msedgedriver!GetHandleVerifier [0x7ff7861556a3+29c3]
	KERNEL32!BaseThreadInitThunk [0x7ff94261e8d7+17]
	ntdll!RtlUserThreadStart [0x7ff9440cc40c+2c]

2026-05-13 21:08:16,682 - WARNING - 短评爬取失败 https://movie.douban.com/subject/1292402/：Message: 
Stacktrace:
	msedgedriver!GetHandleVerifier [0x7ff786160f15+e235]
	msedgedriver!GetHandleVerifier [0x7ff786160f74+e294]
	msedgedriver!GetHandleVerifier [0x7ff7864da65a+38797a]
	msedgedriver!(No symbol) [0x7ff785ed3e49]
	msedgedriver!(No symbol) [0x7ff785ed40c5]
	msedgedriver!(No symbol) [0x7ff785f113b7]
	msedgedriver!(No symbol) [0x7ff785ecaac7]
	msedgedriver!(No symbol) [0x7ff785f0f112]
	msedgedriver!(No symbol) [0x7ff785eca30c]
	msedgedriver!(No symbol) [0x7ff785ec9566]
	msedgedriver!(No symbol) [0x7ff785eca133]
	msedgedriver!(No symbol) [0x7ff785f93e49]
	msedgedriver!(No symbol) [0x7ff785f90413]
	msedgedriver!(No symbol) [0x7ff785fa0672]
	msedgedriver!GetHandleVerifier [0x7ff78617d498+2a7b8]
	msedgedriver!GetHandleVerifier [0x7ff786185e86+331a6]
	msedgedriver!GetHandleVerifier [0x7ff786168274+15594]
	msedgedriver!GetHandleVerifier [0x7ff786168395+156b5]
	msedgedriver!GetHandleVerifier [0x7ff7861556a3+29c3]
	KERNEL32!BaseThreadInitThunk [0x7ff94261e8d7+17]
	ntdll!RtlUserThreadStart [0x7ff9440cc40c+2c]

2026-05-13 21:08:25,214 - WARNING - 短评爬取失败 https://movie.douban.com/subject/26580232/：Message: 
Stacktrace:
	msedgedriver!GetHandleVerifier [0x7ff786160f15+e235]
	msedgedriver!GetHandleVerifier [0x7ff786160f74+e294]
	msedgedriver!GetHandleVerifier [0x7ff7864da65a+38797a]
	msedgedriver!(No symbol) [0x7ff785ed3e49]
	msedgedriver!(No symbol) [0x7ff785ed40c5]
	msedgedriver!(No symbol) [0x7ff785f113b7]
	msedgedriver!(No symbol) [0x7ff785ecaac7]
	msedgedriver!(No symbol) [0x7ff785f0f112]
	msedgedriver!(No symbol) [0x7ff785eca30c]
	msedgedriver!(No symbol) [0x7ff785ec9566]
	msedgedriver!(No symbol) [0x7ff785eca133]
	msedgedriver!(No symbol) [0x7ff785f93e49]
	msedgedriver!(No symbol) [0x7ff785f90413]
	msedgedriver!(No symbol) [0x7ff785fa0672]
	msedgedriver!GetHandleVerifier [0x7ff78617d498+2a7b8]
	msedgedriver!GetHandleVerifier [0x7ff786185e86+331a6]
	msedgedriver!GetHandleVerifier [0x7ff786168274+15594]
	msedgedriver!GetHandleVerifier [0x7ff786168395+156b5]
	msedgedriver!GetHandleVerifier [0x7ff7861556a3+29c3]
	KERNEL32!BaseThreadInitThunk [0x7ff94261e8d7+17]
	ntdll!RtlUserThreadStart [0x7ff9440cc40c+2c]

2026-05-13 21:08:25,300 - INFO - ✅ 成功爬取：https://movie.douban.com/top250?start=50&filter= | 本页25条
2026-05-13 21:08:38,847 - ERROR - 爬取失败 https://movie.douban.com/top250?start=75&filter=：Message: 
Stacktrace:
	msedgedriver!GetHandleVerifier [0x7ff786160f15+e235]
	msedgedriver!GetHandleVerifier [0x7ff786160f74+e294]
	msedgedriver!GetHandleVerifier [0x7ff7864da65a+38797a]
	msedgedriver!(No symbol) [0x7ff785ed3e49]
	msedgedriver!(No symbol) [0x7ff785ed40c5]
	msedgedriver!(No symbol) [0x7ff785f113b7]
	msedgedriver!(No symbol) [0x7ff785ecaac7]
	msedgedriver!(No symbol) [0x7ff785f0f112]
	msedgedriver!(No symbol) [0x7ff785eca30c]
	msedgedriver!(No symbol) [0x7ff785ec9566]
	msedgedriver!(No symbol) [0x7ff785eca133]
	msedgedriver!(No symbol) [0x7ff785f93e49]
	msedgedriver!(No symbol) [0x7ff785f90413]
	msedgedriver!(No symbol) [0x7ff785fa0672]
	msedgedriver!GetHandleVerifier [0x7ff78617d498+2a7b8]
	msedgedriver!GetHandleVerifier [0x7ff786185e86+331a6]
	msedgedriver!GetHandleVerifier [0x7ff786168274+15594]
	msedgedriver!GetHandleVerifier [0x7ff786168395+156b5]
	msedgedriver!GetHandleVerifier [0x7ff7861556a3+29c3]
	KERNEL32!BaseThreadInitThunk [0x7ff94261e8d7+17]
	ntdll!RtlUserThreadStart [0x7ff9440cc40c+2c]

2026-05-13 21:08:49,429 - ERROR - 爬取失败 https://movie.douban.com/top250?start=100&filter=：Message: 
Stacktrace:
	msedgedriver!GetHandleVerifier [0x7ff786160f15+e235]
	msedgedriver!GetHandleVerifier [0x7ff786160f74+e294]
	msedgedriver!GetHandleVerifier [0x7ff7864da65a+38797a]
	msedgedriver!(No symbol) [0x7ff785ed3e49]
	msedgedriver!(No symbol) [0x7ff785ed40c5]
	msedgedriver!(No symbol) [0x7ff785f113b7]
	msedgedriver!(No symbol) [0x7ff785ecaac7]
	msedgedriver!(No symbol) [0x7ff785f0f112]
	msedgedriver!(No symbol) [0x7ff785eca30c]
	msedgedriver!(No symbol) [0x7ff785ec9566]
	msedgedriver!(No symbol) [0x7ff785eca133]
	msedgedriver!(No symbol) [0x7ff785f93e49]
	msedgedriver!(No symbol) [0x7ff785f90413]
	msedgedriver!(No symbol) [0x7ff785fa0672]
	msedgedriver!GetHandleVerifier [0x7ff78617d498+2a7b8]
	msedgedriver!GetHandleVerifier [0x7ff786185e86+331a6]
	msedgedriver!GetHandleVerifier [0x7ff786168274+15594]
	msedgedriver!GetHandleVerifier [0x7ff786168395+156b5]
	msedgedriver!GetHandleVerifier [0x7ff7861556a3+29c3]
	KERNEL32!BaseThreadInitThunk [0x7ff94261e8d7+17]
	ntdll!RtlUserThreadStart [0x7ff9440cc40c+2c]

2026-05-13 21:09:00,017 - ERROR - 爬取失败 https://movie.douban.com/top250?start=125&filter=：Message: 
Stacktrace:
	msedgedriver!GetHandleVerifier [0x7ff786160f15+e235]
	msedgedriver!GetHandleVerifier [0x7ff786160f74+e294]
	msedgedriver!GetHandleVerifier [0x7ff7864da65a+38797a]
	msedgedriver!(No symbol) [0x7ff785ed3e49]
	msedgedriver!(No symbol) [0x7ff785ed40c5]
	msedgedriver!(No symbol) [0x7ff785f113b7]
	msedgedriver!(No symbol) [0x7ff785ecaac7]
	msedgedriver!(No symbol) [0x7ff785f0f112]
	msedgedriver!(No symbol) [0x7ff785eca30c]
	msedgedriver!(No symbol) [0x7ff785ec9566]
	msedgedriver!(No symbol) [0x7ff785eca133]
	msedgedriver!(No symbol) [0x7ff785f93e49]
	msedgedriver!(No symbol) [0x7ff785f90413]
	msedgedriver!(No symbol) [0x7ff785fa0672]
	msedgedriver!GetHandleVerifier [0x7ff78617d498+2a7b8]
	msedgedriver!GetHandleVerifier [0x7ff786185e86+331a6]
	msedgedriver!GetHandleVerifier [0x7ff786168274+15594]
	msedgedriver!GetHandleVerifier [0x7ff786168395+156b5]
	msedgedriver!GetHandleVerifier [0x7ff7861556a3+29c3]
	KERNEL32!BaseThreadInitThunk [0x7ff94261e8d7+17]
	ntdll!RtlUserThreadStart [0x7ff9440cc40c+2c]

2026-05-13 21:09:10,334 - ERROR - 爬取失败 https://movie.douban.com/top250?start=150&filter=：Message: 
Stacktrace:
	msedgedriver!GetHandleVerifier [0x7ff786160f15+e235]
	msedgedriver!GetHandleVerifier [0x7ff786160f74+e294]
	msedgedriver!GetHandleVerifier [0x7ff7864da65a+38797a]
	msedgedriver!(No symbol) [0x7ff785ed3e49]
	msedgedriver!(No symbol) [0x7ff785ed40c5]
	msedgedriver!(No symbol) [0x7ff785f113b7]
	msedgedriver!(No symbol) [0x7ff785ecaac7]
	msedgedriver!(No symbol) [0x7ff785f0f112]
	msedgedriver!(No symbol) [0x7ff785eca30c]
	msedgedriver!(No symbol) [0x7ff785ec9566]
	msedgedriver!(No symbol) [0x7ff785eca133]
	msedgedriver!(No symbol) [0x7ff785f93e49]
	msedgedriver!(No symbol) [0x7ff785f90413]
	msedgedriver!(No symbol) [0x7ff785fa0672]
	msedgedriver!GetHandleVerifier [0x7ff78617d498+2a7b8]
	msedgedriver!GetHandleVerifier [0x7ff786185e86+331a6]
	msedgedriver!GetHandleVerifier [0x7ff786168274+15594]
	msedgedriver!GetHandleVerifier [0x7ff786168395+156b5]
	msedgedriver!GetHandleVerifier [0x7ff7861556a3+29c3]
	KERNEL32!BaseThreadInitThunk [0x7ff94261e8d7+17]
	ntdll!RtlUserThreadStart [0x7ff9440cc40c+2c]

2026-05-13 21:09:20,645 - ERROR - 爬取失败 https://movie.douban.com/top250?start=175&filter=：Message: 
Stacktrace:
	msedgedriver!GetHandleVerifier [0x7ff786160f15+e235]
	msedgedriver!GetHandleVerifier [0x7ff786160f74+e294]
	msedgedriver!GetHandleVerifier [0x7ff7864da65a+38797a]
	msedgedriver!(No symbol) [0x7ff785ed3e49]
	msedgedriver!(No symbol) [0x7ff785ed40c5]
	msedgedriver!(No symbol) [0x7ff785f113b7]
	msedgedriver!(No symbol) [0x7ff785ecaac7]
	msedgedriver!(No symbol) [0x7ff785f0f112]
	msedgedriver!(No symbol) [0x7ff785eca30c]
	msedgedriver!(No symbol) [0x7ff785ec9566]
	msedgedriver!(No symbol) [0x7ff785eca133]
	msedgedriver!(No symbol) [0x7ff785f93e49]
	msedgedriver!(No symbol) [0x7ff785f90413]
	msedgedriver!(No symbol) [0x7ff785fa0672]
	msedgedriver!GetHandleVerifier [0x7ff78617d498+2a7b8]
	msedgedriver!GetHandleVerifier [0x7ff786185e86+331a6]
	msedgedriver!GetHandleVerifier [0x7ff786168274+15594]
	msedgedriver!GetHandleVerifier [0x7ff786168395+156b5]
	msedgedriver!GetHandleVerifier [0x7ff7861556a3+29c3]
	KERNEL32!BaseThreadInitThunk [0x7ff94261e8d7+17]
	ntdll!RtlUserThreadStart [0x7ff9440cc40c+2c]

2026-05-13 21:09:30,975 - ERROR - 爬取失败 https://movie.douban.com/top250?start=200&filter=：Message: 
Stacktrace:
	msedgedriver!GetHandleVerifier [0x7ff786160f15+e235]
	msedgedriver!GetHandleVerifier [0x7ff786160f74+e294]
	msedgedriver!GetHandleVerifier [0x7ff7864da65a+38797a]
	msedgedriver!(No symbol) [0x7ff785ed3e49]
	msedgedriver!(No symbol) [0x7ff785ed40c5]
	msedgedriver!(No symbol) [0x7ff785f113b7]
	msedgedriver!(No symbol) [0x7ff785ecaac7]
	msedgedriver!(No symbol) [0x7ff785f0f112]
	msedgedriver!(No symbol) [0x7ff785eca30c]
	msedgedriver!(No symbol) [0x7ff785ec9566]
	msedgedriver!(No symbol) [0x7ff785eca133]
	msedgedriver!(No symbol) [0x7ff785f93e49]
	msedgedriver!(No symbol) [0x7ff785f90413]
	msedgedriver!(No symbol) [0x7ff785fa0672]
	msedgedriver!GetHandleVerifier [0x7ff78617d498+2a7b8]
	msedgedriver!GetHandleVerifier [0x7ff786185e86+331a6]
	msedgedriver!GetHandleVerifier [0x7ff786168274+15594]
	msedgedriver!GetHandleVerifier [0x7ff786168395+156b5]
	msedgedriver!GetHandleVerifier [0x7ff7861556a3+29c3]
	KERNEL32!BaseThreadInitThunk [0x7ff94261e8d7+17]
	ntdll!RtlUserThreadStart [0x7ff9440cc40c+2c]

2026-05-13 21:09:41,296 - ERROR - 爬取失败 https://movie.douban.com/top250?start=225&filter=：Message: 
Stacktrace:
	msedgedriver!GetHandleVerifier [0x7ff786160f15+e235]
	msedgedriver!GetHandleVerifier [0x7ff786160f74+e294]
	msedgedriver!GetHandleVerifier [0x7ff7864da65a+38797a]
	msedgedriver!(No symbol) [0x7ff785ed3e49]
	msedgedriver!(No symbol) [0x7ff785ed40c5]
	msedgedriver!(No symbol) [0x7ff785f113b7]
	msedgedriver!(No symbol) [0x7ff785ecaac7]
	msedgedriver!(No symbol) [0x7ff785f0f112]
	msedgedriver!(No symbol) [0x7ff785eca30c]
	msedgedriver!(No symbol) [0x7ff785ec9566]
	msedgedriver!(No symbol) [0x7ff785eca133]
	msedgedriver!(No symbol) [0x7ff785f93e49]
	msedgedriver!(No symbol) [0x7ff785f90413]
	msedgedriver!(No symbol) [0x7ff785fa0672]
	msedgedriver!GetHandleVerifier [0x7ff78617d498+2a7b8]
	msedgedriver!GetHandleVerifier [0x7ff786185e86+331a6]
	msedgedriver!GetHandleVerifier [0x7ff786168274+15594]
	msedgedriver!GetHandleVerifier [0x7ff786168395+156b5]
	msedgedriver!GetHandleVerifier [0x7ff7861556a3+29c3]
	KERNEL32!BaseThreadInitThunk [0x7ff94261e8d7+17]
	ntdll!RtlUserThreadStart [0x7ff9440cc40c+2c]

2026-05-13 21:09:43,937 - INFO - 数据已保存到 data/raw\douban_top250_raw.json
2026-05-13 21:09:43,937 - INFO - 📌 开始数据清洗...
2026-05-13 21:09:43,940 - INFO - ✅ 原始数据加载完成，共75条
2026-05-13 21:09:43,940 - INFO - 📊 清洗前数据概览：
2026-05-13 21:09:43,944 - INFO - 缺失值统计：
rank_num       0
title          0
rating         0
comment_num    0
info           0
quote          0
detail_url     0
poster_path    0
comments       0
dtype: int64
2026-05-13 21:09:43,945 - INFO - 数据类型：
rank_num       object
title          object
rating         object
comment_num    object
info           object
quote          object
detail_url     object
poster_path    object
comments       object
dtype: object
2026-05-13 21:09:43,954 - INFO - ✅ 数据清洗完成，剩余75条有效数据
2026-05-13 21:09:43,955 - INFO - 清洗后缺失值统计：
rank_num       0
title          0
rating         0
comment_num    0
info           0
quote          0
detail_url     0
poster_path    0
comments       0
director       0
year           0
genre          0
dtype: int64
2026-05-13 21:09:44,433 - INFO - ✅ 清洗后数据已保存到 data/processed
2026-05-13 21:09:44,434 - INFO - 📌 开始统计分析...
2026-05-13 21:09:44,436 - INFO - 📊 高分电影Top10：
2026-05-13 21:09:44,439 - INFO -  rank_num   title  rating  comment_num  director
        1  肖申克的救赎     9.7            0  弗兰克·德拉邦特
        2    霸王别姬     9.6            0       陈凯歌
       19    控方证人     9.6            0    比利·怀尔德
        4    阿甘正传     9.5            0  罗伯特·泽米吉斯
        6    美丽人生     9.5            0   罗伯托·贝尼尼
       11  辛德勒的名单     9.5            0 史蒂文·斯皮尔伯格
        3   泰坦尼克号     9.5            0   詹姆斯·卡梅隆
        7    星际穿越     9.4            0  克里斯托弗·诺兰
        8 这个杀手不太冷     9.4            0     吕克·贝松
        9    盗梦空间     9.4            0  克里斯托弗·诺兰
2026-05-13 21:09:44,440 - INFO - 📊 热门导演分布（Top15）：
2026-05-13 21:09:44,441 - INFO - director
宫崎骏            4
克里斯托弗·诺兰       3
朱塞佩·托纳多雷       3
彼得·杰克逊         3
彼得·威尔          2
史蒂文·斯皮尔伯格      2
刘镇伟            2
弗朗西斯·福特·科波拉    2
姜文             2
詹姆斯·卡梅隆        2
大卫·芬奇          2
李安             2
罗伯特·泽米吉斯       1
莱塞·霍尔斯道姆       1
吕克·贝松          1
2026-05-13 21:09:44,441 - INFO - 📊 电影类型分布：
2026-05-13 21:09:44,442 - INFO - 未知类型    75
2026-05-13 21:09:44,443 - INFO - 📊 评分与评价人数相关系数：nan
2026-05-13 21:09:44,443 - INFO - 📌 开始短评情感分析...
2026-05-13 21:09:47,037 - INFO - 📊 短评情感倾向统计：
2026-05-13 21:09:47,037 - INFO - 正面：262条 (85.9%)
2026-05-13 21:09:47,038 - INFO - 中性：31条 (10.2%)
2026-05-13 21:09:47,038 - INFO - 负面：12条 (3.9%)
2026-05-13 21:09:47,791 - INFO - 📊 短评关键词Top20：
2026-05-13 21:09:47,792 - INFO - {}
2026-05-13 21:09:47,792 - INFO - 📌 开始生成可视化图表...
2026-05-13 21:09:53,409 - INFO - === 系统全部执行完成 ===
2026-05-13 21:09:53,410 - INFO - 📁 所有结果已保存至：D:\douban_movie_crawler\data\processed
2026-05-13 21:25:35,737 - INFO - === 豆瓣电影Top250 爬虫分析系统启动 ===
2026-05-13 21:25:35,738 - INFO - 📌 开始爬取豆瓣Top250数据...
2026-05-13 21:25:52,308 - ERROR - 爬取失败 https://movie.douban.com/top250?start=0&filter=：Message: 
Stacktrace:
	msedgedriver!GetHandleVerifier [0x7ff786160f15+e235]
	msedgedriver!GetHandleVerifier [0x7ff786160f74+e294]
	msedgedriver!GetHandleVerifier [0x7ff7864da65a+38797a]
	msedgedriver!(No symbol) [0x7ff785ed3e49]
	msedgedriver!(No symbol) [0x7ff785ed40c5]
	msedgedriver!(No symbol) [0x7ff785f113b7]
	msedgedriver!(No symbol) [0x7ff785ecaac7]
	msedgedriver!(No symbol) [0x7ff785f0f112]
	msedgedriver!(No symbol) [0x7ff785eca30c]
	msedgedriver!(No symbol) [0x7ff785ec9566]
	msedgedriver!(No symbol) [0x7ff785eca133]
	msedgedriver!(No symbol) [0x7ff785f93e49]
	msedgedriver!(No symbol) [0x7ff785f90413]
	msedgedriver!(No symbol) [0x7ff785fa0672]
	msedgedriver!GetHandleVerifier [0x7ff78617d498+2a7b8]
	msedgedriver!GetHandleVerifier [0x7ff786185e86+331a6]
	msedgedriver!GetHandleVerifier [0x7ff786168274+15594]
	msedgedriver!GetHandleVerifier [0x7ff786168395+156b5]
	msedgedriver!GetHandleVerifier [0x7ff7861556a3+29c3]
	KERNEL32!BaseThreadInitThunk [0x7ff94261e8d7+17]
	ntdll!RtlUserThreadStart [0x7ff9440cc40c+2c]

2026-05-13 21:26:07,788 - ERROR - 爬取失败 https://movie.douban.com/top250?start=25&filter=：Message: 
Stacktrace:
	msedgedriver!GetHandleVerifier [0x7ff786160f15+e235]
	msedgedriver!GetHandleVerifier [0x7ff786160f74+e294]
	msedgedriver!GetHandleVerifier [0x7ff7864da65a+38797a]
	msedgedriver!(No symbol) [0x7ff785ed3e49]
	msedgedriver!(No symbol) [0x7ff785ed40c5]
	msedgedriver!(No symbol) [0x7ff785f113b7]
	msedgedriver!(No symbol) [0x7ff785ecaac7]
	msedgedriver!(No symbol) [0x7ff785f0f112]
	msedgedriver!(No symbol) [0x7ff785eca30c]
	msedgedriver!(No symbol) [0x7ff785ec9566]
	msedgedriver!(No symbol) [0x7ff785eca133]
	msedgedriver!(No symbol) [0x7ff785f93e49]
	msedgedriver!(No symbol) [0x7ff785f90413]
	msedgedriver!(No symbol) [0x7ff785fa0672]
	msedgedriver!GetHandleVerifier [0x7ff78617d498+2a7b8]
	msedgedriver!GetHandleVerifier [0x7ff786185e86+331a6]
	msedgedriver!GetHandleVerifier [0x7ff786168274+15594]
	msedgedriver!GetHandleVerifier [0x7ff786168395+156b5]
	msedgedriver!GetHandleVerifier [0x7ff7861556a3+29c3]
	KERNEL32!BaseThreadInitThunk [0x7ff94261e8d7+17]
	ntdll!RtlUserThreadStart [0x7ff9440cc40c+2c]

2026-05-13 21:26:23,250 - ERROR - 爬取失败 https://movie.douban.com/top250?start=50&filter=：Message: 
Stacktrace:
	msedgedriver!GetHandleVerifier [0x7ff786160f15+e235]
	msedgedriver!GetHandleVerifier [0x7ff786160f74+e294]
	msedgedriver!GetHandleVerifier [0x7ff7864da65a+38797a]
	msedgedriver!(No symbol) [0x7ff785ed3e49]
	msedgedriver!(No symbol) [0x7ff785ed40c5]
	msedgedriver!(No symbol) [0x7ff785f113b7]
	msedgedriver!(No symbol) [0x7ff785ecaac7]
	msedgedriver!(No symbol) [0x7ff785f0f112]
	msedgedriver!(No symbol) [0x7ff785eca30c]
	msedgedriver!(No symbol) [0x7ff785ec9566]
	msedgedriver!(No symbol) [0x7ff785eca133]
	msedgedriver!(No symbol) [0x7ff785f93e49]
	msedgedriver!(No symbol) [0x7ff785f90413]
	msedgedriver!(No symbol) [0x7ff785fa0672]
	msedgedriver!GetHandleVerifier [0x7ff78617d498+2a7b8]
	msedgedriver!GetHandleVerifier [0x7ff786185e86+331a6]
	msedgedriver!GetHandleVerifier [0x7ff786168274+15594]
	msedgedriver!GetHandleVerifier [0x7ff786168395+156b5]
	msedgedriver!GetHandleVerifier [0x7ff7861556a3+29c3]
	KERNEL32!BaseThreadInitThunk [0x7ff94261e8d7+17]
	ntdll!RtlUserThreadStart [0x7ff9440cc40c+2c]

2026-05-13 21:26:38,707 - ERROR - 爬取失败 https://movie.douban.com/top250?start=75&filter=：Message: 
Stacktrace:
	msedgedriver!GetHandleVerifier [0x7ff786160f15+e235]
	msedgedriver!GetHandleVerifier [0x7ff786160f74+e294]
	msedgedriver!GetHandleVerifier [0x7ff7864da65a+38797a]
	msedgedriver!(No symbol) [0x7ff785ed3e49]
	msedgedriver!(No symbol) [0x7ff785ed40c5]
	msedgedriver!(No symbol) [0x7ff785f113b7]
	msedgedriver!(No symbol) [0x7ff785ecaac7]
	msedgedriver!(No symbol) [0x7ff785f0f112]
	msedgedriver!(No symbol) [0x7ff785eca30c]
	msedgedriver!(No symbol) [0x7ff785ec9566]
	msedgedriver!(No symbol) [0x7ff785eca133]
	msedgedriver!(No symbol) [0x7ff785f93e49]
	msedgedriver!(No symbol) [0x7ff785f90413]
	msedgedriver!(No symbol) [0x7ff785fa0672]
	msedgedriver!GetHandleVerifier [0x7ff78617d498+2a7b8]
	msedgedriver!GetHandleVerifier [0x7ff786185e86+331a6]
	msedgedriver!GetHandleVerifier [0x7ff786168274+15594]
	msedgedriver!GetHandleVerifier [0x7ff786168395+156b5]
	msedgedriver!GetHandleVerifier [0x7ff7861556a3+29c3]
	KERNEL32!BaseThreadInitThunk [0x7ff94261e8d7+17]
	ntdll!RtlUserThreadStart [0x7ff9440cc40c+2c]

2026-05-13 21:26:54,194 - ERROR - 爬取失败 https://movie.douban.com/top250?start=100&filter=：Message: 
Stacktrace:
	msedgedriver!GetHandleVerifier [0x7ff786160f15+e235]
	msedgedriver!GetHandleVerifier [0x7ff786160f74+e294]
	msedgedriver!GetHandleVerifier [0x7ff7864da65a+38797a]
	msedgedriver!(No symbol) [0x7ff785ed3e49]
	msedgedriver!(No symbol) [0x7ff785ed40c5]
	msedgedriver!(No symbol) [0x7ff785f113b7]
	msedgedriver!(No symbol) [0x7ff785ecaac7]
	msedgedriver!(No symbol) [0x7ff785f0f112]
	msedgedriver!(No symbol) [0x7ff785eca30c]
	msedgedriver!(No symbol) [0x7ff785ec9566]
	msedgedriver!(No symbol) [0x7ff785eca133]
	msedgedriver!(No symbol) [0x7ff785f93e49]
	msedgedriver!(No symbol) [0x7ff785f90413]
	msedgedriver!(No symbol) [0x7ff785fa0672]
	msedgedriver!GetHandleVerifier [0x7ff78617d498+2a7b8]
	msedgedriver!GetHandleVerifier [0x7ff786185e86+331a6]
	msedgedriver!GetHandleVerifier [0x7ff786168274+15594]
	msedgedriver!GetHandleVerifier [0x7ff786168395+156b5]
	msedgedriver!GetHandleVerifier [0x7ff7861556a3+29c3]
	KERNEL32!BaseThreadInitThunk [0x7ff94261e8d7+17]
	ntdll!RtlUserThreadStart [0x7ff9440cc40c+2c]

2026-05-13 21:27:09,656 - ERROR - 爬取失败 https://movie.douban.com/top250?start=125&filter=：Message: 
Stacktrace:
	msedgedriver!GetHandleVerifier [0x7ff786160f15+e235]
	msedgedriver!GetHandleVerifier [0x7ff786160f74+e294]
	msedgedriver!GetHandleVerifier [0x7ff7864da65a+38797a]
	msedgedriver!(No symbol) [0x7ff785ed3e49]
	msedgedriver!(No symbol) [0x7ff785ed40c5]
	msedgedriver!(No symbol) [0x7ff785f113b7]
	msedgedriver!(No symbol) [0x7ff785ecaac7]
	msedgedriver!(No symbol) [0x7ff785f0f112]
	msedgedriver!(No symbol) [0x7ff785eca30c]
	msedgedriver!(No symbol) [0x7ff785ec9566]
	msedgedriver!(No symbol) [0x7ff785eca133]
	msedgedriver!(No symbol) [0x7ff785f93e49]
	msedgedriver!(No symbol) [0x7ff785f90413]
	msedgedriver!(No symbol) [0x7ff785fa0672]
	msedgedriver!GetHandleVerifier [0x7ff78617d498+2a7b8]
	msedgedriver!GetHandleVerifier [0x7ff786185e86+331a6]
	msedgedriver!GetHandleVerifier [0x7ff786168274+15594]
	msedgedriver!GetHandleVerifier [0x7ff786168395+156b5]
	msedgedriver!GetHandleVerifier [0x7ff7861556a3+29c3]
	KERNEL32!BaseThreadInitThunk [0x7ff94261e8d7+17]
	ntdll!RtlUserThreadStart [0x7ff9440cc40c+2c]

2026-05-13 21:27:25,095 - ERROR - 爬取失败 https://movie.douban.com/top250?start=150&filter=：Message: 
Stacktrace:
	msedgedriver!GetHandleVerifier [0x7ff786160f15+e235]
	msedgedriver!GetHandleVerifier [0x7ff786160f74+e294]
	msedgedriver!GetHandleVerifier [0x7ff7864da65a+38797a]
	msedgedriver!(No symbol) [0x7ff785ed3e49]
	msedgedriver!(No symbol) [0x7ff785ed40c5]
	msedgedriver!(No symbol) [0x7ff785f113b7]
	msedgedriver!(No symbol) [0x7ff785ecaac7]
	msedgedriver!(No symbol) [0x7ff785f0f112]
	msedgedriver!(No symbol) [0x7ff785eca30c]
	msedgedriver!(No symbol) [0x7ff785ec9566]
	msedgedriver!(No symbol) [0x7ff785eca133]
	msedgedriver!(No symbol) [0x7ff785f93e49]
	msedgedriver!(No symbol) [0x7ff785f90413]
	msedgedriver!(No symbol) [0x7ff785fa0672]
	msedgedriver!GetHandleVerifier [0x7ff78617d498+2a7b8]
	msedgedriver!GetHandleVerifier [0x7ff786185e86+331a6]
	msedgedriver!GetHandleVerifier [0x7ff786168274+15594]
	msedgedriver!GetHandleVerifier [0x7ff786168395+156b5]
	msedgedriver!GetHandleVerifier [0x7ff7861556a3+29c3]
	KERNEL32!BaseThreadInitThunk [0x7ff94261e8d7+17]
	ntdll!RtlUserThreadStart [0x7ff9440cc40c+2c]

2026-05-13 21:27:40,534 - ERROR - 爬取失败 https://movie.douban.com/top250?start=175&filter=：Message: 
Stacktrace:
	msedgedriver!GetHandleVerifier [0x7ff786160f15+e235]
	msedgedriver!GetHandleVerifier [0x7ff786160f74+e294]
	msedgedriver!GetHandleVerifier [0x7ff7864da65a+38797a]
	msedgedriver!(No symbol) [0x7ff785ed3e49]
	msedgedriver!(No symbol) [0x7ff785ed40c5]
	msedgedriver!(No symbol) [0x7ff785f113b7]
	msedgedriver!(No symbol) [0x7ff785ecaac7]
	msedgedriver!(No symbol) [0x7ff785f0f112]
	msedgedriver!(No symbol) [0x7ff785eca30c]
	msedgedriver!(No symbol) [0x7ff785ec9566]
	msedgedriver!(No symbol) [0x7ff785eca133]
	msedgedriver!(No symbol) [0x7ff785f93e49]
	msedgedriver!(No symbol) [0x7ff785f90413]
	msedgedriver!(No symbol) [0x7ff785fa0672]
	msedgedriver!GetHandleVerifier [0x7ff78617d498+2a7b8]
	msedgedriver!GetHandleVerifier [0x7ff786185e86+331a6]
	msedgedriver!GetHandleVerifier [0x7ff786168274+15594]
	msedgedriver!GetHandleVerifier [0x7ff786168395+156b5]
	msedgedriver!GetHandleVerifier [0x7ff7861556a3+29c3]
	KERNEL32!BaseThreadInitThunk [0x7ff94261e8d7+17]
	ntdll!RtlUserThreadStart [0x7ff9440cc40c+2c]

2026-05-13 21:27:56,082 - ERROR - 爬取失败 https://movie.douban.com/top250?start=200&filter=：Message: 
Stacktrace:
	msedgedriver!GetHandleVerifier [0x7ff786160f15+e235]
	msedgedriver!GetHandleVerifier [0x7ff786160f74+e294]
	msedgedriver!GetHandleVerifier [0x7ff7864da65a+38797a]
	msedgedriver!(No symbol) [0x7ff785ed3e49]
	msedgedriver!(No symbol) [0x7ff785ed40c5]
	msedgedriver!(No symbol) [0x7ff785f113b7]
	msedgedriver!(No symbol) [0x7ff785ecaac7]
	msedgedriver!(No symbol) [0x7ff785f0f112]
	msedgedriver!(No symbol) [0x7ff785eca30c]
	msedgedriver!(No symbol) [0x7ff785ec9566]
	msedgedriver!(No symbol) [0x7ff785eca133]
	msedgedriver!(No symbol) [0x7ff785f93e49]
	msedgedriver!(No symbol) [0x7ff785f90413]
	msedgedriver!(No symbol) [0x7ff785fa0672]
	msedgedriver!GetHandleVerifier [0x7ff78617d498+2a7b8]
	msedgedriver!GetHandleVerifier [0x7ff786185e86+331a6]
	msedgedriver!GetHandleVerifier [0x7ff786168274+15594]
	msedgedriver!GetHandleVerifier [0x7ff786168395+156b5]
	msedgedriver!GetHandleVerifier [0x7ff7861556a3+29c3]
	KERNEL32!BaseThreadInitThunk [0x7ff94261e8d7+17]
	ntdll!RtlUserThreadStart [0x7ff9440cc40c+2c]

2026-05-13 21:28:11,569 - ERROR - 爬取失败 https://movie.douban.com/top250?start=225&filter=：Message: 
Stacktrace:
	msedgedriver!GetHandleVerifier [0x7ff786160f15+e235]
	msedgedriver!GetHandleVerifier [0x7ff786160f74+e294]
	msedgedriver!GetHandleVerifier [0x7ff7864da65a+38797a]
	msedgedriver!(No symbol) [0x7ff785ed3e49]
	msedgedriver!(No symbol) [0x7ff785ed40c5]
	msedgedriver!(No symbol) [0x7ff785f113b7]
	msedgedriver!(No symbol) [0x7ff785ecaac7]
	msedgedriver!(No symbol) [0x7ff785f0f112]
	msedgedriver!(No symbol) [0x7ff785eca30c]
	msedgedriver!(No symbol) [0x7ff785ec9566]
	msedgedriver!(No symbol) [0x7ff785eca133]
	msedgedriver!(No symbol) [0x7ff785f93e49]
	msedgedriver!(No symbol) [0x7ff785f90413]
	msedgedriver!(No symbol) [0x7ff785fa0672]
	msedgedriver!GetHandleVerifier [0x7ff78617d498+2a7b8]
	msedgedriver!GetHandleVerifier [0x7ff786185e86+331a6]
	msedgedriver!GetHandleVerifier [0x7ff786168274+15594]
	msedgedriver!GetHandleVerifier [0x7ff786168395+156b5]
	msedgedriver!GetHandleVerifier [0x7ff7861556a3+29c3]
	KERNEL32!BaseThreadInitThunk [0x7ff94261e8d7+17]
	ntdll!RtlUserThreadStart [0x7ff9440cc40c+2c]

2026-05-13 21:28:13,814 - INFO - 数据已保存到 data/raw\douban_top250_raw.json
2026-05-13 21:28:13,815 - INFO - 📌 开始数据清洗...
2026-05-13 21:28:13,816 - INFO - ✅ 原始数据加载完成，共0条
2026-05-13 21:28:13,816 - INFO - 📊 清洗前数据概览：
2026-05-13 21:28:13,816 - INFO - 缺失值统计：
Series([], dtype: float64)
2026-05-13 21:28:13,816 - INFO - 数据类型：
Series([], dtype: object)
2026-05-13 21:31:17,616 - INFO - === 豆瓣电影Top250 爬虫分析系统启动 ===
2026-05-13 21:31:17,616 - INFO - 📌 开始爬取豆瓣Top250数据...
2026-05-13 21:31:17,901 - ERROR - 页面为空：https://movie.douban.com/top250?start=0&filter=
2026-05-13 21:31:18,480 - ERROR - 页面为空：https://movie.douban.com/top250?start=25&filter=
2026-05-13 21:31:18,685 - ERROR - 页面为空：https://movie.douban.com/top250?start=50&filter=
2026-05-13 21:31:18,899 - ERROR - 页面为空：https://movie.douban.com/top250?start=75&filter=
2026-05-13 21:31:19,116 - ERROR - 页面为空：https://movie.douban.com/top250?start=100&filter=
2026-05-13 21:31:19,342 - ERROR - 页面为空：https://movie.douban.com/top250?start=125&filter=
2026-05-13 21:31:19,568 - ERROR - 页面为空：https://movie.douban.com/top250?start=150&filter=
2026-05-13 21:31:19,776 - ERROR - 页面为空：https://movie.douban.com/top250?start=175&filter=
2026-05-13 21:31:19,994 - ERROR - 页面为空：https://movie.douban.com/top250?start=200&filter=
2026-05-13 21:31:20,198 - ERROR - 页面为空：https://movie.douban.com/top250?start=225&filter=
2026-05-13 21:31:20,200 - INFO - 数据已保存到 data/raw\douban_top250_raw.json
2026-05-13 21:31:20,200 - INFO - 📌 开始数据清洗...
2026-05-13 21:31:20,202 - INFO - ✅ 原始数据加载完成，共0条
2026-05-13 21:31:20,202 - INFO - 📊 清洗前数据概览：
2026-05-13 21:31:20,203 - INFO - 缺失值统计：
Series([], dtype: float64)
2026-05-13 21:31:20,203 - INFO - 数据类型：
Series([], dtype: object)
2026-05-13 21:34:41,389 - INFO - === 豆瓣电影Top250 爬虫分析系统启动 ===
2026-05-13 21:34:41,390 - INFO - 📌 开始爬取豆瓣Top250数据...
2026-05-13 21:35:00,151 - ERROR - 爬取失败 https://movie.douban.com/top250?start=0&filter=：Message: 
Stacktrace:
	msedgedriver!GetHandleVerifier [0x7ff786160f15+e235]
	msedgedriver!GetHandleVerifier [0x7ff786160f74+e294]
	msedgedriver!GetHandleVerifier [0x7ff7864da65a+38797a]
	msedgedriver!(No symbol) [0x7ff785ed3e49]
	msedgedriver!(No symbol) [0x7ff785ed40c5]
	msedgedriver!(No symbol) [0x7ff785f113b7]
	msedgedriver!(No symbol) [0x7ff785ecaac7]
	msedgedriver!(No symbol) [0x7ff785f0f112]
	msedgedriver!(No symbol) [0x7ff785eca30c]
	msedgedriver!(No symbol) [0x7ff785ec9566]
	msedgedriver!(No symbol) [0x7ff785eca133]
	msedgedriver!(No symbol) [0x7ff785f93e49]
	msedgedriver!(No symbol) [0x7ff785f90413]
	msedgedriver!(No symbol) [0x7ff785fa0672]
	msedgedriver!GetHandleVerifier [0x7ff78617d498+2a7b8]
	msedgedriver!GetHandleVerifier [0x7ff786185e86+331a6]
	msedgedriver!GetHandleVerifier [0x7ff786168274+15594]
	msedgedriver!GetHandleVerifier [0x7ff786168395+156b5]
	msedgedriver!GetHandleVerifier [0x7ff7861556a3+29c3]
	KERNEL32!BaseThreadInitThunk [0x7ff94261e8d7+17]
	ntdll!RtlUserThreadStart [0x7ff9440cc40c+2c]

2026-05-13 21:35:17,784 - ERROR - 爬取失败 https://movie.douban.com/top250?start=25&filter=：Message: 
Stacktrace:
	msedgedriver!GetHandleVerifier [0x7ff786160f15+e235]
	msedgedriver!GetHandleVerifier [0x7ff786160f74+e294]
	msedgedriver!GetHandleVerifier [0x7ff7864da65a+38797a]
	msedgedriver!(No symbol) [0x7ff785ed3e49]
	msedgedriver!(No symbol) [0x7ff785ed40c5]
	msedgedriver!(No symbol) [0x7ff785f113b7]
	msedgedriver!(No symbol) [0x7ff785ecaac7]
	msedgedriver!(No symbol) [0x7ff785f0f112]
	msedgedriver!(No symbol) [0x7ff785eca30c]
	msedgedriver!(No symbol) [0x7ff785ec9566]
	msedgedriver!(No symbol) [0x7ff785eca133]
	msedgedriver!(No symbol) [0x7ff785f93e49]
	msedgedriver!(No symbol) [0x7ff785f90413]
	msedgedriver!(No symbol) [0x7ff785fa0672]
	msedgedriver!GetHandleVerifier [0x7ff78617d498+2a7b8]
	msedgedriver!GetHandleVerifier [0x7ff786185e86+331a6]
	msedgedriver!GetHandleVerifier [0x7ff786168274+15594]
	msedgedriver!GetHandleVerifier [0x7ff786168395+156b5]
	msedgedriver!GetHandleVerifier [0x7ff7861556a3+29c3]
	KERNEL32!BaseThreadInitThunk [0x7ff94261e8d7+17]
	ntdll!RtlUserThreadStart [0x7ff9440cc40c+2c]

2026-05-13 21:35:36,235 - ERROR - 爬取失败 https://movie.douban.com/top250?start=50&filter=：Message: 
Stacktrace:
	msedgedriver!GetHandleVerifier [0x7ff786160f15+e235]
	msedgedriver!GetHandleVerifier [0x7ff786160f74+e294]
	msedgedriver!GetHandleVerifier [0x7ff7864da65a+38797a]
	msedgedriver!(No symbol) [0x7ff785ed3e49]
	msedgedriver!(No symbol) [0x7ff785ed40c5]
	msedgedriver!(No symbol) [0x7ff785f113b7]
	msedgedriver!(No symbol) [0x7ff785ecaac7]
	msedgedriver!(No symbol) [0x7ff785f0f112]
	msedgedriver!(No symbol) [0x7ff785eca30c]
	msedgedriver!(No symbol) [0x7ff785ec9566]
	msedgedriver!(No symbol) [0x7ff785eca133]
	msedgedriver!(No symbol) [0x7ff785f93e49]
	msedgedriver!(No symbol) [0x7ff785f90413]
	msedgedriver!(No symbol) [0x7ff785fa0672]
	msedgedriver!GetHandleVerifier [0x7ff78617d498+2a7b8]
	msedgedriver!GetHandleVerifier [0x7ff786185e86+331a6]
	msedgedriver!GetHandleVerifier [0x7ff786168274+15594]
	msedgedriver!GetHandleVerifier [0x7ff786168395+156b5]
	msedgedriver!GetHandleVerifier [0x7ff7861556a3+29c3]
	KERNEL32!BaseThreadInitThunk [0x7ff94261e8d7+17]
	ntdll!RtlUserThreadStart [0x7ff9440cc40c+2c]

2026-05-13 21:35:40,789 - ERROR - 爬取失败 https://movie.douban.com/top250?start=75&filter=：Message: tab crashed
  (Session info: MicrosoftEdge=148.0.3967.54)

2026-05-13 21:35:40,791 - ERROR - 爬取失败 https://movie.douban.com/top250?start=100&filter=：Message: tab crashed
  (Session info: MicrosoftEdge=148.0.3967.54)

2026-05-13 21:35:40,792 - ERROR - 爬取失败 https://movie.douban.com/top250?start=125&filter=：Message: tab crashed
  (Session info: MicrosoftEdge=148.0.3967.54)

2026-05-13 21:35:40,793 - ERROR - 爬取失败 https://movie.douban.com/top250?start=150&filter=：Message: tab crashed
  (Session info: MicrosoftEdge=148.0.3967.54)

2026-05-13 21:35:40,794 - ERROR - 爬取失败 https://movie.douban.com/top250?start=175&filter=：Message: tab crashed
  (Session info: MicrosoftEdge=148.0.3967.54)

2026-05-13 21:35:40,795 - ERROR - 爬取失败 https://movie.douban.com/top250?start=200&filter=：Message: tab crashed
  (Session info: MicrosoftEdge=148.0.3967.54)

2026-05-13 21:35:40,795 - ERROR - 爬取失败 https://movie.douban.com/top250?start=225&filter=：Message: tab crashed
  (Session info: MicrosoftEdge=148.0.3967.54)

2026-05-13 22:23:42,581 - INFO - === 豆瓣电影Top250 爬虫分析系统启动 ===
2026-05-13 22:23:42,581 - INFO - 📌 开始爬取豆瓣Top250数据...
2026-05-13 22:23:47,586 - WARNING - ❌ 代理无效：{'https': 'https://101.101.101.101:7777'} | HTTPSConnectionPool(host='movie.douban.com', port=443): Max retries exceeded with url: /robots.txt (Caused by ProxyError('Unable to connect to proxy', ConnectTimeoutError(<HTTPSConnection(host='101.101.101.101', port=7777) at 0x15d63106810>, 'Connection to 101.101.101.101 timed out. (connect timeout=5)')))
2026-05-13 22:23:48,086 - WARNING - ⚠️  无有效代理，使用本地IP
2026-05-13 22:25:13,547 - INFO - === 豆瓣电影Top250 爬虫分析系统启动 ===
2026-05-13 22:25:13,547 - INFO - 📌 开始爬取豆瓣Top250数据...
2026-05-13 22:25:19,049 - WARNING - ❌ 代理无效：{'https': 'https://101.101.101.101:7777'} | HTTPSConnectionPool(host='movie.douban.com', port=443): Max retries exceeded with url: /robots.txt (Caused by ProxyError('Unable to connect to proxy', ConnectTimeoutError(<HTTPSConnection(host='101.101.101.101', port=7777) at 0x2ac4baa9d60>, 'Connection to 101.101.101.101 timed out. (connect timeout=5)')))
2026-05-13 22:25:19,050 - WARNING - ⚠️  无有效代理，使用本地IP
2026-05-13 22:27:43,018 - INFO - === 豆瓣电影Top250 爬虫分析系统启动 ===
2026-05-13 22:27:43,019 - INFO - 📌 开始爬取豆瓣Top250数据...
2026-05-13 22:28:04,841 - INFO - === 豆瓣电影Top250 爬虫分析系统启动 ===
2026-05-13 22:28:04,842 - INFO - 📌 开始爬取豆瓣Top250数据...
2026-05-13 22:28:10,262 - WARNING - ❌ 代理无效：{'https': 'https://101.101.101.101:7777'} | HTTPSConnectionPool(host='movie.douban.com', port=443): Max retries exceeded with url: /robots.txt (Caused by ProxyError('Unable to connect to proxy', ConnectTimeoutError(<HTTPSConnection(host='101.101.101.101', port=7777) at 0x208f04e8bc0>, 'Connection to 101.101.101.101 timed out. (connect timeout=5)')))
2026-05-13 22:28:10,263 - WARNING - ⚠️  无有效代理，使用本地IP
2026-05-13 22:35:35,022 - INFO - === 豆瓣电影Top250 爬虫分析系统启动 ===
2026-05-13 22:35:35,024 - INFO - 📌 开始爬取豆瓣Top250数据...
2026-05-13 22:35:40,041 - WARNING - ❌ 代理无效：{'https': 'https://101.101.101.101:7777'} | HTTPSConnectionPool(host='movie.douban.com', port=443): Max retries exceeded with url: /robots.txt (Caused by ProxyError('Unable to connect to proxy', ConnectTimeoutError(<HTTPSConnection(host='101.101.101.101', port=7777) at 0x2255b2e4470>, 'Connection to 101.101.101.101 timed out. (connect timeout=5)')))
2026-05-13 22:35:40,509 - WARNING - ⚠️  无有效代理，使用本地IP
2026-05-13 22:35:44,101 - INFO - ✅ 请求成功：https://movie.douban.com/top250?start=0&filter= (重试0次)
2026-05-13 22:35:44,469 - INFO - ✅ 海报下载成功：肖申克的救赎/ 月黑高飞(港)  /  刺激1995(台)
2026-05-13 22:35:44,469 - ERROR - ❌ 爬取第1页失败：'SeleniumDetailCrawler' object has no attribute 'crawl_detail'
2026-05-13 22:35:45,042 - INFO - ✅ 请求成功：https://movie.douban.com/top250?start=25&filter= (重试0次)
2026-05-13 22:35:45,274 - INFO - ✅ 海报下载成功：哈利·波特与魔法石/ 哈利波特1：神秘的魔法石(港 / 台)
2026-05-13 22:35:45,275 - ERROR - ❌ 爬取第2页失败：'SeleniumDetailCrawler' object has no attribute 'crawl_detail'
2026-05-13 22:35:45,584 - INFO - ✅ 请求成功：https://movie.douban.com/top250?start=50&filter= (重试0次)
2026-05-13 22:35:45,842 - INFO - ✅ 海报下载成功：何以为家/ 迦百农  /  星仔打官司(港)
2026-05-13 22:35:45,842 - ERROR - ❌ 爬取第3页失败：'SeleniumDetailCrawler' object has no attribute 'crawl_detail'
2026-05-13 22:35:46,200 - INFO - ✅ 请求成功：https://movie.douban.com/top250?start=75&filter= (重试0次)
2026-05-13 22:35:47,341 - INFO - ✅ 海报下载成功：拯救大兵瑞恩/ 雷霆救兵(港)  /  抢救雷恩大兵(台)
2026-05-13 22:35:47,342 - ERROR - ❌ 爬取第4页失败：'SeleniumDetailCrawler' object has no attribute 'crawl_detail'
2026-05-13 22:35:47,635 - INFO - ✅ 请求成功：https://movie.douban.com/top250?start=100&filter= (重试0次)
2026-05-13 22:35:47,883 - INFO - ✅ 海报下载成功：狩猎/ 诬网(港)  /  谎言的烙印(台)
2026-05-13 22:35:47,884 - ERROR - ❌ 爬取第5页失败：'SeleniumDetailCrawler' object has no attribute 'crawl_detail'
2026-05-13 22:35:48,219 - INFO - ✅ 请求成功：https://movie.douban.com/top250?start=125&filter= (重试0次)
2026-05-13 22:35:48,438 - INFO - ✅ 海报下载成功：傲慢与偏见/ 傲慢与偏见2005  /  Pride And Prejudice
2026-05-13 22:35:48,439 - ERROR - ❌ 爬取第6页失败：'SeleniumDetailCrawler' object has no attribute 'crawl_detail'
2026-05-13 22:35:48,740 - INFO - ✅ 请求成功：https://movie.douban.com/top250?start=150&filter= (重试0次)
2026-05-13 22:35:48,987 - INFO - ✅ 海报下载成功：萤火之森/ 萤火之社  /  Hotarubi no mori e
2026-05-13 22:35:48,987 - ERROR - ❌ 爬取第7页失败：'SeleniumDetailCrawler' object has no attribute 'crawl_detail'
2026-05-13 22:35:49,274 - INFO - ✅ 请求成功：https://movie.douban.com/top250?start=175&filter= (重试0次)
2026-05-13 22:35:50,017 - INFO - ✅ 海报下载成功：达拉斯买家俱乐部/ 续命枭雄(港)  /  药命俱乐部(台)
2026-05-13 22:35:50,017 - ERROR - ❌ 爬取第8页失败：'SeleniumDetailCrawler' object has no attribute 'crawl_detail'
2026-05-13 22:35:50,889 - INFO - ✅ 请求成功：https://movie.douban.com/top250?start=200&filter= (重试0次)
2026-05-13 22:35:51,159 - INFO - ✅ 海报下载成功：遗愿清单/ 玩转身前事(港)  /  一路玩到挂(台)
2026-05-13 22:35:51,159 - ERROR - ❌ 爬取第9页失败：'SeleniumDetailCrawler' object has no attribute 'crawl_detail'
2026-05-13 22:35:51,455 - INFO - ✅ 请求成功：https://movie.douban.com/top250?start=225&filter= (重试0次)
2026-05-13 22:35:51,671 - INFO - ✅ 海报下载成功：崖上的波妞/ 悬崖上的金鱼姬  /  悬崖上的金鱼公主
2026-05-13 22:35:51,672 - ERROR - ❌ 爬取第10页失败：'SeleniumDetailCrawler' object has no attribute 'crawl_detail'
2026-05-13 22:35:51,673 - INFO - 🔄 重试失败页面：[0, 25, 50, 75, 100, 125, 150, 175, 200, 225]
2026-05-13 22:35:59,915 - INFO - ✅ 请求成功：https://movie.douban.com/top250?start=0&filter= (重试0次)
2026-05-13 22:36:00,122 - INFO - ✅ 海报已存在且完整：肖申克的救赎/ 月黑高飞(港)  /  刺激1995(台)
2026-05-13 22:43:10,895 - INFO - === 豆瓣电影Top250 爬虫分析系统启动 ===
2026-05-13 22:43:10,895 - INFO - 📌 开始爬取豆瓣Top250数据...
2026-05-13 22:43:16,345 - WARNING - ❌ 代理无效：{'https': 'https://101.101.101.101:7777'} | HTTPSConnectionPool(host='movie.douban.com', port=443): Max retries exceeded with url: /robots.txt (Caused by ProxyError('Unable to connect to proxy', ConnectTimeoutError(<HTTPSConnection(host='101.101.101.101', port=7777) at 0x1a554b7bb60>, 'Connection to 101.101.101.101 timed out. (connect timeout=5)')))
2026-05-13 22:43:16,345 - WARNING - ⚠️  无有效代理，使用本地IP
2026-05-13 22:43:18,721 - INFO - ✅ 请求成功：https://movie.douban.com/top250?start=0&filter= (重试0次)
2026-05-13 22:43:18,946 - INFO - ✅ 海报已存在且完整：肖申克的救赎/ 月黑高飞(港)  /  刺激1995(台)
2026-05-13 22:43:22,737 - INFO - ✅ 海报下载成功：霸王别姬/ 再见，我的妾  /  Farewell My Concubine
2026-05-13 22:43:26,240 - INFO - ✅ 海报下载成功：泰坦尼克号/ 铁达尼号(港 / 台)
2026-05-13 22:43:30,734 - INFO - ✅ 海报下载成功：阿甘正传/ 福雷斯特·冈普
2026-05-13 22:43:45,745 - ERROR - 详情页爬取失败：https://movie.douban.com/subject/1292720/ | Message: timeout: Timed out receiving message from renderer: 13.935
  (Session info: MicrosoftEdge=148.0.3967.54)
Stacktrace:
	msedgedriver!GetHandleVerifier [0x7ff786160f15+e235]
	msedgedriver!GetHandleVerifier [0x7ff786160f74+e294]
	msedgedriver!GetHandleVerifier [0x7ff7864da65a+38797a]
	msedgedriver!(No symbol) [0x7ff785e7d8cd]
	msedgedriver!(No symbol) [0x7ff785e7d725]
	msedgedriver!(No symbol) [0x7ff785e7b821]
	msedgedriver!(No symbol) [0x7ff785e7c07f]
	msedgedriver!(No symbol) [0x7ff785e86840]
	msedgedriver!(No symbol) [0x7ff785e97a0d]
	msedgedriver!(No symbol) [0x7ff785e9d7da]
	msedgedriver!(No symbol) [0x7ff785e7ca18]
	msedgedriver!(No symbol) [0x7ff785e7c72e]
	msedgedriver!(No symbol) [0x7ff785e977ad]
	msedgedriver!(No symbol) [0x7ff785f0f2dc]
	msedgedriver!(No symbol) [0x7ff785eca30c]
	msedgedriver!(No symbol) [0x7ff785ec9566]
	msedgedriver!(No symbol) [0x7ff785eca133]
	msedgedriver!(No symbol) [0x7ff785f93e49]
	msedgedriver!(No symbol) [0x7ff785f90413]
	msedgedriver!(No symbol) [0x7ff785fa0672]
	msedgedriver!GetHandleVerifier [0x7ff78617d498+2a7b8]
	msedgedriver!GetHandleVerifier [0x7ff786185e86+331a6]
	msedgedriver!GetHandleVerifier [0x7ff786168274+15594]
	msedgedriver!GetHandleVerifier [0x7ff786168395+156b5]
	msedgedriver!GetHandleVerifier [0x7ff7861556a3+29c3]
	KERNEL32!BaseThreadInitThunk [0x7ff94261e8d7+17]
	ntdll!RtlUserThreadStart [0x7ff9440cc40c+2c]

2026-05-13 22:43:46,094 - INFO - ✅ 海报下载成功：千与千寻/ 神隐少女(台)  /  千与千寻的神隐
2026-05-13 22:43:49,947 - INFO - ✅ 海报下载成功：美丽人生/ 一个快乐的传说(港)  /  Life Is Beautiful
2026-05-13 22:43:59,278 - INFO - ✅ 海报下载成功：星际穿越/ 星际启示录(港)  /  星际效应(台)
2026-05-13 22:44:02,595 - INFO - ✅ 海报下载成功：这个杀手不太冷/ 终极追杀令(台)  /  杀手莱昂
2026-05-13 22:44:05,684 - INFO - ✅ 海报下载成功：盗梦空间/ 潜行凶间(港)  /  全面启动(台)
2026-05-13 22:44:11,122 - INFO - ✅ 海报下载成功：楚门的世界/ 真人Show(港)  /  真人戏
2026-05-13 22:44:14,314 - INFO - ✅ 海报下载成功：辛德勒的名单/ 舒特拉的名单(港)  /  辛德勒名单
2026-05-13 22:44:17,775 - INFO - ✅ 海报下载成功：忠犬八公的故事/ 秋田犬八千(港)  /  忠犬小八(台)
2026-05-13 22:44:20,664 - INFO - ✅ 海报下载成功：海上钢琴师/ 声光伴我飞(港)  /  一九零零的传奇
2026-05-13 22:44:24,131 - INFO - ✅ 海报下载成功：疯狂动物城/ 优兽大都会(港)  /  动物方城市(台)
2026-05-13 22:44:28,457 - INFO - ✅ 海报下载成功：三傻大闹宝莱坞/ 三个傻瓜(台)  /  作死不离3兄弟(港)
2026-05-13 22:44:40,870 - INFO - ✅ 海报下载成功：机器人总动员/ 太空奇兵·威E(港)  /  瓦力(台)
2026-05-13 22:44:47,295 - INFO - ✅ 海报下载成功：放牛班的春天/ 歌声伴我心(港)  /  唱诗班男孩
2026-05-13 22:44:56,141 - INFO - ✅ 海报下载成功：无间道/ Infernal Affairs  /  Mou gaan dou
2026-05-13 22:45:02,833 - INFO - ✅ 海报下载成功：控方证人/ 雄才伟略  /  情妇
2026-05-13 22:45:10,617 - INFO - ✅ 海报下载成功：寻梦环游记/ 玩转极乐园(港)  /  可可夜总会(台)
2026-05-13 22:45:14,752 - INFO - ✅ 海报下载成功：大话西游之大圣娶亲/ 西游记完结篇仙履奇缘  /  齐天大圣西游记
2026-05-13 22:45:17,837 - INFO - ✅ 海报下载成功：熔炉/ 无声呐喊(港)  /  漩涡
2026-05-13 22:45:23,905 - INFO - ✅ 海报下载成功：触不可及/ 闪亮人生(港)  /  逆转人生(台)
2026-05-13 22:45:30,949 - INFO - ✅ 海报下载成功：教父/ Mario Puzo's The Godfather
2026-05-13 22:45:35,308 - INFO - ✅ 海报下载成功：末代皇帝/ 末代皇帝溥仪(港)  /  L'ultimo imperatore
2026-05-13 22:45:39,543 - INFO - ✅ 成功爬取：https://movie.douban.com/top250?start=0&filter= | 本页25条
2026-05-13 22:45:42,846 - INFO - ✅ 请求成功：https://movie.douban.com/top250?start=25&filter= (重试0次)
2026-05-13 22:45:43,071 - INFO - ✅ 海报已存在且完整：哈利·波特与魔法石/ 哈利波特1：神秘的魔法石(港 / 台)
2026-05-13 22:45:46,229 - INFO - ✅ 海报下载成功：当幸福来敲门/ 寻找快乐的故事(港)  /  追求快乐
2026-05-13 22:45:52,232 - INFO - ✅ 海报下载成功：龙猫/ 邻居托托罗  /  邻家的豆豆龙
2026-05-13 22:45:57,504 - INFO - ✅ 海报下载成功：活着/ 人生  /  Lifetimes
2026-05-13 22:46:01,117 - INFO - ✅ 海报下载成功：怦然心动/ 萌动青春  /  青春萌动
2026-05-13 22:46:06,784 - INFO - ✅ 海报下载成功：蝙蝠侠：黑暗骑士/ 蝙蝠侠前传2：黑暗骑士  /  黑暗骑士(台)
2026-05-13 22:46:12,622 - INFO - ✅ 海报下载成功：指环王3：王者无敌/ 魔戒三部曲：王者再临(台 / 港)
2026-05-13 22:46:16,040 - INFO - ✅ 海报下载成功：我不是药神/ 中国药神  /  印度药神
2026-05-13 22:46:20,280 - INFO - ✅ 海报下载成功：乱世佳人/ 飘
2026-05-13 22:46:24,663 - INFO - ✅ 海报下载成功：飞屋环游记/ 冲天救兵(港)  /  天外奇迹(台)
2026-05-13 22:46:30,405 - INFO - ✅ 海报下载成功：让子弹飞/ 让子弹飞一会儿  /  火烧云
2026-05-13 22:46:34,066 - INFO - ✅ 海报下载成功：哈尔的移动城堡/ 哈尔移动城堡(港)  /  霍尔的移动城堡(台)
2026-05-13 22:46:37,608 - INFO - ✅ 海报下载成功：十二怒汉/ 12怒汉  /  十二怒汉
2026-05-13 22:46:45,495 - INFO - ✅ 海报下载成功：海蒂和爷爷/ 飘零燕(港)  /  海蒂
2026-05-13 22:46:51,976 - INFO - ✅ 海报下载成功：素媛/ 许愿  /  希望：为爱重生(台)
2026-05-13 22:46:58,562 - INFO - ✅ 海报下载成功：猫鼠游戏/ 逍遥法外  /  捉智双雄(港)
2026-05-13 22:47:03,657 - INFO - ✅ 海报下载成功：天空之城/ 天空之城拉普他  /  空中城堡拉普他
2026-05-13 22:47:07,945 - INFO - ✅ 海报下载成功：鬼子来了/ Devils on the Doorstep
2026-05-13 22:47:14,513 - INFO - ✅ 海报下载成功：摔跤吧！爸爸/ 我和我的冠军女儿(台)  /  打死不离3父女(港)
2026-05-13 22:47:18,918 - INFO - ✅ 海报下载成功：少年派的奇幻漂流/ 少年Pi的奇幻漂流  /  漂流少年Pi
2026-05-13 22:47:24,166 - INFO - ✅ 海报下载成功：钢琴家/ 钢琴战曲(港)  /  战地琴人(台)
2026-05-13 22:47:28,814 - INFO - ✅ 海报下载成功：指环王2：双塔奇兵/ 魔戒二部曲：双城奇谋  /  指环王II：双塔
2026-05-13 22:47:36,786 - INFO - ✅ 海报下载成功：死亡诗社/ 暴雨骄阳(港)  /  春风化雨(台)
2026-05-13 22:47:41,258 - INFO - ✅ 海报下载成功：大话西游之月光宝盒/ 西游记101回月光宝盒  /  齐天大圣东游记
2026-05-13 22:47:47,868 - INFO - ✅ 海报下载成功：绿皮书/ 绿簿旅友(港)  /  幸福绿皮书(台)
2026-05-13 22:47:54,655 - INFO - ✅ 成功爬取：https://movie.douban.com/top250?start=25&filter= | 本页25条
2026-05-13 22:47:58,838 - INFO - ✅ 请求成功：https://movie.douban.com/top250?start=50&filter= (重试0次)
2026-05-13 22:47:59,054 - INFO - ✅ 海报已存在且完整：何以为家/ 迦百农  /  星仔打官司(港)
2026-05-13 22:48:02,466 - INFO - ✅ 海报下载成功：闻香识女人/ 女人香  /  女人的芳香
2026-05-13 22:48:05,665 - INFO - ✅ 海报下载成功：大闹天宫/ 大闹天宫 上下集  /  The Monkey King
2026-05-13 22:48:10,987 - INFO - ✅ 海报下载成功：黑客帝国/ 22世纪杀人网络(港)  /  廿二世纪杀人网络(港)
2026-05-13 22:48:14,526 - INFO - ✅ 海报下载成功：指环王1：护戒使者/ 指环王1：魔戒再现  /  指环王I：护戒使者
2026-05-13 22:48:19,540 - INFO - ✅ 海报下载成功：罗马假日/ 金枝玉叶(港)  /  罗马假期(台)
2026-05-13 22:48:23,279 - INFO - ✅ 海报下载成功：教父2/ 教父续集(港)  /  教父II
2026-05-13 22:48:28,514 - INFO - ✅ 海报下载成功：狮子王/ 狮子王3D
2026-05-13 22:48:31,482 - INFO - ✅ 海报下载成功：天堂电影院/ 星光伴我心(港)  /  新天堂乐园(台)
2026-05-13 22:48:34,479 - INFO - ✅ 海报下载成功：饮食男女/ Eat Drink Man Woman
2026-05-13 22:48:37,570 - INFO - ✅ 海报下载成功：辩护人/ 逆权大状(港)  /  正义辩护人(台)
2026-05-13 22:48:40,689 - INFO - ✅ 海报下载成功：本杰明·巴顿奇事/ 奇幻逆缘(港)  /  班杰明的奇幻旅程(台)
2026-05-13 22:48:45,256 - INFO - ✅ 海报下载成功：搏击俱乐部/ 搏击会(港)  /  斗阵俱乐部(台)
2026-05-13 22:48:51,857 - INFO - ✅ 海报下载成功：美丽心灵/ 有你终生美丽(港)  /  美丽境界(台)
2026-05-13 22:48:58,248 - INFO - ✅ 海报下载成功：穿条纹睡衣的男孩/ 穿条纹衣服的男孩  /  穿条纹衣的男孩
2026-05-13 22:49:04,853 - INFO - ✅ 海报下载成功：哈利·波特与死亡圣器(下)/ 哈利波特7：死神的圣物2(港 / 台)
2026-05-13 22:49:11,152 - INFO - ✅ 海报下载成功：情书/ When I Close My Eyes  /  Letters of Love
2026-05-13 22:49:17,756 - INFO - ✅ 海报下载成功：两杆大烟枪/ 够姜四小强(港)  /  两根枪管(台)
2026-05-13 22:49:22,045 - INFO - ✅ 海报下载成功：窃听风暴/ 窃听者(港)  /  他人的生活
2026-05-13 22:49:29,818 - INFO - ✅ 海报下载成功：功夫/ 功夫3D  /  Kung Fu Hustle
2026-05-13 22:49:36,473 - INFO - ✅ 海报下载成功：音乐之声/ 仙乐飘飘处处闻(港)  /  真善美(台)
2026-05-13 22:49:46,709 - INFO - ✅ 海报下载成功：哈利·波特与阿兹卡班的囚徒/ 哈利波特3：阿兹卡班的逃犯(港 / 台)
2026-05-13 22:49:54,095 - INFO - ✅ 海报下载成功：阿凡达/
2026-05-13 22:50:00,863 - INFO - ✅ 海报下载成功：西西里的美丽传说/ 真爱伴我行(台)  /  玛莲娜
2026-05-13 22:50:07,651 - INFO - ✅ 海报下载成功：看不见的客人/ 死无对证(港)  /  布局(台)
2026-05-13 22:50:16,371 - INFO - ✅ 成功爬取：https://movie.douban.com/top250?start=50&filter= | 本页25条
2026-05-13 22:50:19,697 - INFO - ✅ 请求成功：https://movie.douban.com/top250?start=75&filter= (重试0次)
2026-05-13 22:50:19,714 - ERROR - 页面为空：https://movie.douban.com/top250?start=75&filter=
2026-05-13 22:50:20,103 - INFO - ✅ 请求成功：https://movie.douban.com/top250?start=100&filter= (重试0次)
2026-05-13 22:50:20,107 - ERROR - 页面为空：https://movie.douban.com/top250?start=100&filter=
2026-05-13 22:50:20,549 - INFO - ✅ 请求成功：https://movie.douban.com/top250?start=125&filter= (重试0次)
2026-05-13 22:50:20,554 - ERROR - 页面为空：https://movie.douban.com/top250?start=125&filter=
2026-05-13 22:50:20,966 - INFO - ✅ 请求成功：https://movie.douban.com/top250?start=150&filter= (重试0次)
2026-05-13 22:50:20,976 - ERROR - 页面为空：https://movie.douban.com/top250?start=150&filter=
2026-05-13 22:50:21,359 - INFO - ✅ 请求成功：https://movie.douban.com/top250?start=175&filter= (重试0次)
2026-05-13 22:50:21,362 - ERROR - 页面为空：https://movie.douban.com/top250?start=175&filter=
2026-05-13 22:50:21,812 - INFO - ✅ 请求成功：https://movie.douban.com/top250?start=200&filter= (重试0次)
2026-05-13 22:50:21,815 - ERROR - 页面为空：https://movie.douban.com/top250?start=200&filter=
2026-05-13 22:50:22,246 - INFO - ✅ 请求成功：https://movie.douban.com/top250?start=225&filter= (重试0次)
2026-05-13 22:50:22,250 - ERROR - 页面为空：https://movie.douban.com/top250?start=225&filter=
2026-05-13 22:50:26,996 - INFO - 📁 数据已保存到 JSON：data/raw\douban_top250_raw.json | CSV：data/raw\douban_top250_raw.csv
2026-05-13 22:50:26,996 - INFO - 📌 开始将数据存入MySQL数据库...
2026-05-13 22:50:27,015 - INFO - ✅ MySQL 连接成功
2026-05-13 22:50:27,015 - INFO - 📖 读取SQL文件: d:\douban_movie_crawler\db\create_tables.sql
2026-05-13 22:50:27,023 - WARNING - ⚠️  SQL执行警告：(1101, "BLOB, TEXT, GEOMETRY or JSON column 'info' can't have a default value")
2026-05-13 22:50:27,029 - WARNING - ⚠️  SQL执行警告：(1824, "Failed to open the referenced table 'movies'")
2026-05-13 22:50:27,029 - INFO - ✅ 所有SQL执行完成！
2026-05-13 22:50:27,033 - ERROR - ❌ 插入电影数据失败：(1146, "Table 'douban.movies' doesn't exist")
2026-05-13 22:50:27,033 - ERROR - ❌ 数据库存储失败：(1146, "Table 'douban.movies' doesn't exist")
2026-05-13 22:50:27,033 - INFO - 📌 开始数据清洗...
2026-05-13 22:50:27,035 - INFO - ✅ 原始数据加载完成，共75条
2026-05-13 22:50:27,035 - INFO - 📊 清洗前数据概览：
2026-05-13 22:50:27,036 - INFO - 缺失值统计：
rank_num       0
title          0
rating         0
comment_num    0
info           0
quote          0
detail_url     0
poster_path    0
comments       1
dtype: int64
2026-05-13 22:50:27,037 - INFO - 数据类型：
rank_num       object
title          object
rating         object
comment_num    object
info           object
quote          object
detail_url     object
poster_path    object
comments       object
dtype: object
2026-05-13 22:50:27,043 - INFO - ✅ 数据清洗完成，剩余75条有效数据
2026-05-13 22:50:27,044 - INFO - 清洗后缺失值统计：
rank_num       0
title          0
rating         0
comment_num    0
info           0
quote          0
detail_url     0
poster_path    0
comments       1
director       0
year           0
genre          0
dtype: int64
2026-05-13 22:50:27,134 - INFO - ✅ 清洗后数据已保存到 data/processed
2026-05-13 22:50:27,135 - INFO - 📌 开始统计分析...
2026-05-13 22:50:27,136 - INFO - 📊 高分电影Top10：
2026-05-13 22:50:27,138 - INFO -  rank_num                                  title  rating  comment_num  director
        1          肖申克的救赎/ 月黑高飞(港)  /  刺激1995(台)     9.7      3285667  弗兰克·德拉邦特
        2 霸王别姬/ 再见，我的妾  /  Farewell My Concubine     9.6      2424169       陈凯歌
       19                      控方证人/ 雄才伟略  /  情妇     9.6       744073    比利·怀尔德
        4                          阿甘正传/ 福雷斯特·冈普     9.5      2431192  罗伯特·泽米吉斯
        6 美丽人生/ 一个快乐的传说(港)  /  Life Is Beautiful     9.5      1482844   罗伯托·贝尼尼
       11            辛德勒的名单/ 舒特拉的名单(港)  /  辛德勒名单     9.5      1247624 史蒂文·斯皮尔伯格
        3                     泰坦尼克号/ 铁达尼号(港 / 台)     9.5      2499472   詹姆斯·卡梅隆
        7             星际穿越/ 星际启示录(港)  /  星际效应(台)     9.4      2184816  克里斯托弗·诺兰
        8             这个杀手不太冷/ 终极追杀令(台)  /  杀手莱昂     9.4      2553115     吕克·贝松
        9              盗梦空间/ 潜行凶间(港)  /  全面启动(台)     9.4      2326333  克里斯托弗·诺兰
2026-05-13 22:50:27,139 - INFO - 📊 热门导演分布（Top15）：
2026-05-13 22:50:27,139 - INFO - director
宫崎骏            4
克里斯托弗·诺兰       3
朱塞佩·托纳多雷       3
彼得·杰克逊         3
彼得·威尔          2
史蒂文·斯皮尔伯格      2
刘镇伟            2
弗朗西斯·福特·科波拉    2
姜文             2
詹姆斯·卡梅隆        2
大卫·芬奇          2
李安             2
罗伯特·泽米吉斯       1
莱塞·霍尔斯道姆       1
吕克·贝松          1
2026-05-13 22:50:27,140 - INFO - 📊 电影类型分布：
2026-05-13 22:50:27,140 - INFO - 未知类型    75
2026-05-13 22:50:27,141 - INFO - 📊 评分与评价人数相关系数：0.248
2026-05-13 22:50:27,141 - INFO - 📌 开始短评情感分析...
2026-05-13 22:50:30,091 - INFO - 📊 短评情感倾向统计：
2026-05-13 22:50:30,091 - INFO - 正面：301条 (81.4%)
2026-05-13 22:50:30,091 - INFO - 中性：49条 (13.2%)
2026-05-13 22:50:30,092 - INFO - 负面：20条 (5.4%)
2026-05-13 22:50:30,817 - INFO - 📊 短评关键词Top20：
2026-05-13 22:50:30,817 - INFO - {}
2026-05-13 22:50:30,817 - INFO - 📌 开始生成可视化图表...
2026-05-13 22:50:37,096 - INFO - === 系统全部执行完成 ===
2026-05-13 22:50:37,096 - INFO - 📁 所有结果已保存至：D:\douban_movie_crawler\data\processed
2026-05-13 22:50:37,098 - INFO - 🔌 数据库连接已关闭
